Archive member included to satisfy reference by file (symbol)

bsp/libbsp.a(startup.o)       (Reset_Handler)
bsp/libbsp.a(system.o)        bsp/libbsp.a(startup.o) (SystemInit)
bsp/libbsp.a(board.o)         main.o (board_init)
bsp/libbsp.a(controller.o)    main.o (forward)
bsp/libbsp.a(serial.o)        bsp/libbsp.a(board.o) (serial_init)
bsp/libbsp.a(gpio.o)          bsp/libbsp.a(board.o) (gpio_in)
bsp/libbsp.a(lib.o)           main.o (printf)
bsp/libbsp.a(audio.o)         bsp/libbsp.a(board.o) (audio_init)
bsp/libbsp.a(rng.o)           bsp/libbsp.a(board.o) (rng_init)
bsp/libbsp.a(lsm303agr.o)     bsp/libbsp.a(board.o) (IMUinit)
bsp/libbsp.a(servo.o)         bsp/libbsp.a(controller.o) (servo_out)
bsp/libbsp.a(pwm.o)           bsp/libbsp.a(audio.o) (pwm_init)
bsp/libbsp.a(adc.o)           bsp/libbsp.a(audio.o) (adc_init)
bsp/libbsp.a(i2c.o)           bsp/libbsp.a(lsm303agr.o) (i2c_init)
ble/libble_uart.a(ble_uart.c.o)
                              main.o (ble_send)
ble/libble_uart.a(bsp.c.o)    ble/libble_uart.a(ble_uart.c.o) (bsp_indication_set)
ble/libble_uart.a(bsp_btn_ble.c.o)
                              ble/libble_uart.a(ble_uart.c.o) (bsp_btn_ble_sleep_mode_prepare)
ble/libble_uart.a(nrf_ble_gatt.c.o)
                              ble/libble_uart.a(ble_uart.c.o) (nrf_ble_gatt_init)
ble/libble_uart.a(nrf_ble_qwr.c.o)
                              ble/libble_uart.a(ble_uart.c.o) (nrf_ble_qwr_init)
ble/libble_uart.a(nrf_log_default_backends.c.o)
                              ble/libble_uart.a(ble_uart.c.o) (nrf_log_default_backends_init)
ble/libble_uart.a(nrf_log_frontend.c.o)
                              ble/libble_uart.a(ble_uart.c.o) (nrf_log_init)
ble/libble_uart.a(nrf_memobj.c.o)
                              ble/libble_uart.a(nrf_log_frontend.c.o) (nrf_memobj_pool_init)
ble/libble_uart.a(nrf_pwr_mgmt.c.o)
                              ble/libble_uart.a(ble_uart.c.o) (nrf_pwr_mgmt_init)
ble/libble_uart.a(nrf_ringbuf.c.o)
                              ble/libble_uart.a(nrf_log_frontend.c.o) (nrf_ringbuf_init)
ble/libble_uart.a(nrf_sdh.c.o)
                              ble/libble_uart.a(ble_uart.c.o) (nrf_sdh_enable_request)
ble/libble_uart.a(nrf_sdh_ble.c.o)
                              ble/libble_uart.a(ble_uart.c.o) (nrf_sdh_ble_default_cfg_set)
ble/libble_uart.a(nrf_section_iter.c.o)
                              ble/libble_uart.a(nrf_pwr_mgmt.c.o) (nrf_section_iter_init)
ble/libble_uart.a(nrf_strerror.c.o)
                              ble/libble_uart.a(nrf_ble_gatt.c.o) (nrf_strerror_get)
ble/libble_uart.a(app_button.c.o)
                              ble/libble_uart.a(bsp.c.o) (app_button_init)
ble/libble_uart.a(app_error.c.o)
                              ble/libble_uart.a(ble_uart.c.o) (app_error_handler_bare)
ble/libble_uart.a(app_error_handler_gcc.c.o)
                              ble/libble_uart.a(ble_uart.c.o) (app_error_handler)
ble/libble_uart.a(app_error_weak.c.o)
                              ble/libble_uart.a(nrf_sdh.c.o) (app_error_fault_handler)
ble/libble_uart.a(app_timer2.c.o)
                              ble/libble_uart.a(ble_uart.c.o) (app_timer_init)
ble/libble_uart.a(app_util_platform.c.o)
                              ble/libble_uart.a(nrf_log_frontend.c.o) (app_util_critical_region_enter)
ble/libble_uart.a(ble_advertising.c.o)
                              ble/libble_uart.a(ble_uart.c.o) (ble_advertising_conn_cfg_tag_set)
ble/libble_uart.a(ble_conn_params.c.o)
                              ble/libble_uart.a(ble_uart.c.o) (ble_conn_params_init)
ble/libble_uart.a(ble_nus.c.o)
                              ble/libble_uart.a(ble_uart.c.o) (ble_nus_on_ble_evt)
ble/libble_uart.a(ble_srv_common.c.o)
                              ble/libble_uart.a(ble_conn_params.c.o) (ble_srv_is_notification_enabled)
ble/libble_uart.a(boards.c.o)
                              ble/libble_uart.a(bsp.c.o) (bsp_board_led_state_get)
ble/libble_uart.a(drv_rtc.c.o)
                              ble/libble_uart.a(app_timer2.c.o) (drv_rtc_init)
ble/libble_uart.a(nrf_atfifo.c.o)
                              ble/libble_uart.a(app_timer2.c.o) (nrf_atfifo_init)
ble/libble_uart.a(nrf_atomic.c.o)
                              ble/libble_uart.a(nrf_log_frontend.c.o) (nrf_atomic_u32_fetch_store)
ble/libble_uart.a(nrf_balloc.c.o)
                              ble/libble_uart.a(nrf_memobj.c.o) (nrf_balloc_init)
ble/libble_uart.a(nrf_log_backend_rtt.c.o)
                              ble/libble_uart.a(nrf_log_default_backends.c.o) (nrf_log_backend_rtt_init)
ble/libble_uart.a(nrf_log_backend_serial.c.o)
                              ble/libble_uart.a(nrf_log_backend_rtt.c.o) (nrf_log_backend_serial_put)
ble/libble_uart.a(nrf_log_str_formatter.c.o)
                              ble/libble_uart.a(nrf_log_backend_serial.c.o) (nrf_log_std_entry_process)
ble/libble_uart.a(nrf_sortlist.c.o)
                              ble/libble_uart.a(app_timer2.c.o) (nrf_sortlist_add)
ble/libble_uart.a(nrfx_gpiote.c.o)
[...]
Memory Configuration

Name             Origin             Length             Attributes
FLASH            0x000000000001c000 0x0000000000064000 xr
RAM              0x0000000020002608 0x000000000001d9f8 xrw
*default*        0x0000000000000000 0xffffffffffffffff

Linker script and memory map


.text           0x000000000001c000     0xa209
 *(.isr_vector)
 .isr_vector    0x000000000001c000      0x200 bsp/libbsp.a(startup.o)
                0x000000000001c000                vector_table
 *(.text*)
 .text.bluetooth
                0x000000000001c200       0xe0 main.o
                0x000000000001c200                bluetooth
 .text.task_ctrl
                0x000000000001c2e0       0x38 main.o
                0x000000000001c2e0                task_ctrl
 .text.task1    0x000000000001c318       0x34 main.o
 .text.ble_recv_handler
                0x000000000001c34c       0x50 main.o
 .text.startup.main
                0x000000000001c39c       0x54 main.o
                0x000000000001c39c                main
 .text.UsageFaultHandler
                0x000000000001c3f0        0xc bsp/libbsp.a(startup.o)
 .text.BusFaultHandler
                0x000000000001c3fc        0xc bsp/libbsp.a(startup.o)
 .text.HardFaultHandler
                0x000000000001c408        0xc bsp/libbsp.a(startup.o)
 .text.IntDefaultHandler
                0x000000000001c414        0xc bsp/libbsp.a(startup.o)
 .text.Reset_Handler
                0x000000000001c420       0xa4 bsp/libbsp.a(startup.o)
                0x000000000001c420                Reset_Handler
 .text.SystemInit
                0x000000000001c4c4       0x30 bsp/libbsp.a(system.o)
                0x000000000001c4c4                SystemInit
 .text.delay_us.constprop.0
                0x000000000001c4f4       0x84 bsp/libbsp.a(board.o)
 .text.board_init
                0x000000000001c578       0x88 bsp/libbsp.a(board.o)
                0x000000000001c578                board_init
 .text.led_display
                0x000000000001c600       0x80 bsp/libbsp.a(board.o)
                0x000000000001c600                led_display
 .text.delay_ms
                0x000000000001c680       0x10 bsp/libbsp.a(board.o)
                0x000000000001c680                delay_ms
 .text.led_blink
                0x000000000001c690       0x80 bsp/libbsp.a(board.o)
                0x000000000001c690                led_blink
 .text.forward  0x000000000001c710       0x18 bsp/libbsp.a(controller.o)
                0x000000000001c710                forward
 .text.reverse  0x000000000001c728       0x18 bsp/libbsp.a(controller.o)
                0x000000000001c728                reverse
 .text.turn_left
                0x000000000001c740       0x14 bsp/libbsp.a(controller.o)
                0x000000000001c740                turn_left
 .text.turn_right
                0x000000000001c754       0x14 bsp/libbsp.a(controller.o)
                0x000000000001c754                turn_right
 .text.serial_init
                0x000000000001c768       0x50 bsp/libbsp.a(serial.o)
                0x000000000001c768                serial_init
 .text.puts     0x000000000001c7b8       0x28 bsp/libbsp.a(serial.o)
                0x000000000001c7b8                puts
 .text.print_buf
                0x000000000001c7e0       0x34 bsp/libbsp.a(serial.o)
                0x000000000001c7e0                print_buf
 .text.gpio_in  0x000000000001c814       0x18 bsp/libbsp.a(gpio.o)
                0x000000000001c814                gpio_in
 .text.gpio_out
                0x000000000001c82c       0x38 bsp/libbsp.a(gpio.o)
                0x000000000001c82c                gpio_out
 .text.gpio_set
                0x000000000001c864       0x1c bsp/libbsp.a(gpio.o)
                0x000000000001c864                gpio_set
 .text.gpio_clear
                0x000000000001c880       0x1c bsp/libbsp.a(gpio.o)
                0x000000000001c880                gpio_clear
 .text.printf   0x000000000001c89c      0x31c bsp/libbsp.a(lib.o)
                0x000000000001c89c                printf
 .text.audio_init
                0x000000000001cbb8       0x38 bsp/libbsp.a(audio.o)
                0x000000000001cbb8                audio_init
 .text.audio_sweep
                0x000000000001cbf0       0x38 bsp/libbsp.a(audio.o)
                0x000000000001cbf0                audio_sweep
 .text.rng_init
                0x000000000001cc28       0x18 bsp/libbsp.a(rng.o)
                0x000000000001cc28                rng_init
 .text.accInit  0x000000000001cc40       0xc0 bsp/libbsp.a(lsm303agr.o)
                0x000000000001cc40                accInit
 .text.magInit  0x000000000001cd00       0x88 bsp/libbsp.a(lsm303agr.o)
                0x000000000001cd00                magInit
 .text.IMUinit  0x000000000001cd88       0x34 bsp/libbsp.a(lsm303agr.o)
                0x000000000001cd88                IMUinit
 .text.servo_out
                0x000000000001cdbc       0xa8 bsp/libbsp.a(servo.o)
                0x000000000001cdbc                servo_out
 .text.pwm_init
                0x000000000001ce64       0x18 bsp/libbsp.a(pwm.o)
                0x000000000001ce64                pwm_init
 .text.pwm_out  0x000000000001ce7c       0x90 bsp/libbsp.a(pwm.o)
                0x000000000001ce7c                pwm_out
 .text.adc_init
                0x000000000001cf0c       0x34 bsp/libbsp.a(adc.o)
                0x000000000001cf0c                adc_init
 .text.i2c_init
                0x000000000001cf40       0x24 bsp/libbsp.a(i2c.o)
                0x000000000001cf40                i2c_init
 .text.i2c_read_reg
                0x000000000001cf64       0x64 bsp/libbsp.a(i2c.o)
                0x000000000001cf64                i2c_read_reg
 .text.i2c_write_reg
                0x000000000001cfc8       0x54 bsp/libbsp.a(i2c.o)
                0x000000000001cfc8                i2c_write_reg
 .text.sd_ble_gap_disconnect
                0x000000000001d01c        0x4 ble/libble_uart.a(ble_uart.c.o)
 .text.sd_ble_gap_ppcp_set
                0x000000000001d020        0x4 ble/libble_uart.a(ble_uart.c.o)
 .text.sd_ble_gap_device_name_set
                0x000000000001d024        0x4 ble/libble_uart.a(ble_uart.c.o)
 .text.sd_ble_gap_sec_params_reply
                0x000000000001d028        0x4 ble/libble_uart.a(ble_uart.c.o)
 .text.sd_ble_gap_phy_update
                0x000000000001d02c        0x4 ble/libble_uart.a(ble_uart.c.o)
 .text.sd_ble_gatts_sys_attr_set
                0x000000000001d030        0x4 ble/libble_uart.a(ble_uart.c.o)
 .text.sd_power_system_off
                0x000000000001d034        0x4 ble/libble_uart.a(ble_uart.c.o)
 .text.nrf_qwr_error_handler
                0x000000000001d038        0x4 ble/libble_uart.a(ble_uart.c.o)
 .text.ble_evt_handler
                0x000000000001d03c      0x100 ble/libble_uart.a(ble_uart.c.o)
 .text.on_conn_params_evt
                0x000000000001d13c       0x24 ble/libble_uart.a(ble_uart.c.o)
 .text.bsp_event_handler
                0x000000000001d160       0x70 ble/libble_uart.a(ble_uart.c.o)
                0x000000000001d160                bsp_event_handler
 .text.gatt_evt_handler
                0x000000000001d1d0       0x4c ble/libble_uart.a(ble_uart.c.o)
                0x000000000001d1d0                gatt_evt_handler
 .text.nus_data_handler
                0x000000000001d21c       0x14 ble/libble_uart.a(ble_uart.c.o)
 .text.conn_params_error_handler
                0x000000000001d230        0x4 ble/libble_uart.a(ble_uart.c.o)
 .text.on_adv_evt
                0x000000000001d234       0x40 ble/libble_uart.a(ble_uart.c.o)
 .text.ble_send
                0x000000000001d274       0xc4 ble/libble_uart.a(ble_uart.c.o)
                0x000000000001d274                ble_send
 .text.ble_init
                0x000000000001d338      0x294 ble/libble_uart.a(ble_uart.c.o)
                0x000000000001d338                ble_init
 .text.alert_timer_handler
                0x000000000001d5cc        0x8 ble/libble_uart.a(bsp.c.o)
 .text.bsp_button_event_handler
                0x000000000001d5d4       0xa8 ble/libble_uart.a(bsp.c.o)
 .text.button_timer_handler
                0x000000000001d67c       0x34 ble/libble_uart.a(bsp.c.o)
 .text.bsp_led_indication
                0x000000000001d6b0      0x308 ble/libble_uart.a(bsp.c.o)
 .text.leds_timer_handler
                0x000000000001d9b8       0x1c ble/libble_uart.a(bsp.c.o)
 .text.bsp_button_is_pressed
                0x000000000001d9d4        0xc ble/libble_uart.a(bsp.c.o)
                0x000000000001d9d4                bsp_button_is_pressed
 .text.bsp_indication_set
                0x000000000001d9e0       0x18 ble/libble_uart.a(bsp.c.o)
                0x000000000001d9e0                bsp_indication_set
 .text.bsp_init
                0x000000000001d9f8       0xb4 ble/libble_uart.a(bsp.c.o)
                0x000000000001d9f8                bsp_init
 .text.bsp_event_to_button_action_assign
                0x000000000001daac       0x54 ble/libble_uart.a(bsp.c.o)
                0x000000000001daac                bsp_event_to_button_action_assign
 .text.bsp_wakeup_button_enable
                0x000000000001db00       0x40 ble/libble_uart.a(bsp.c.o)
                0x000000000001db00                bsp_wakeup_button_enable
 .text.ble_evt_handler
                0x000000000001db40       0xac ble/libble_uart.a(bsp_btn_ble.c.o)
 .text.bsp_btn_ble_sleep_mode_prepare
                0x000000000001dbec       0x24 ble/libble_uart.a(bsp_btn_ble.c.o)
                0x000000000001dbec                bsp_btn_ble_sleep_mode_prepare
 .text.bsp_btn_ble_init
                0x000000000001dc10       0x6c ble/libble_uart.a(bsp_btn_ble.c.o)
                0x000000000001dc10                bsp_btn_ble_init
 .text.sd_ble_gap_data_length_update
                0x000000000001dc7c        0x4 ble/libble_uart.a(nrf_ble_gatt.c.o)
 .text.sd_ble_gattc_exchange_mtu_request
                0x000000000001dc80        0x4 ble/libble_uart.a(nrf_ble_gatt.c.o)
 .text.sd_ble_gatts_exchange_mtu_reply
                0x000000000001dc84        0x4 ble/libble_uart.a(nrf_ble_gatt.c.o)
 .text.data_length_update
                0x000000000001dc88       0x8c ble/libble_uart.a(nrf_ble_gatt.c.o)
 .text.nrf_ble_gatt_init
                0x000000000001dd14       0x30 ble/libble_uart.a(nrf_ble_gatt.c.o)
                0x000000000001dd14                nrf_ble_gatt_init
 .text.nrf_ble_gatt_att_mtu_periph_set
                0x000000000001dd44       0x18 ble/libble_uart.a(nrf_ble_gatt.c.o)
                0x000000000001dd44                nrf_ble_gatt_att_mtu_periph_set
 .text.nrf_ble_gatt_on_ble_evt
                0x000000000001dd5c      0x1cc ble/libble_uart.a(nrf_ble_gatt.c.o)
                0x000000000001dd5c                nrf_ble_gatt_on_ble_evt
 .text.sd_ble_gatts_rw_authorize_reply
                0x000000000001df28        0x4 ble/libble_uart.a(nrf_ble_qwr.c.o)
 .text.sd_ble_user_mem_reply
                0x000000000001df2c        0x4 ble/libble_uart.a(nrf_ble_qwr.c.o)
 .text.nrf_ble_qwr_init
                0x000000000001df30       0x24 ble/libble_uart.a(nrf_ble_qwr.c.o)
                0x000000000001df30                nrf_ble_qwr_init
 .text.nrf_ble_qwr_conn_handle_assign
                0x000000000001df54       0x18 ble/libble_uart.a(nrf_ble_qwr.c.o)
                0x000000000001df54                nrf_ble_qwr_conn_handle_assign
 .text.nrf_ble_qwr_on_ble_evt
                0x000000000001df6c       0xec ble/libble_uart.a(nrf_ble_qwr.c.o)
                0x000000000001df6c                nrf_ble_qwr_on_ble_evt
 .text.nrf_log_default_backends_init
                0x000000000001e058       0x20 ble/libble_uart.a(nrf_log_default_backends.c.o)
                0x000000000001e058                nrf_log_default_backends_init
 .text.nrf_log_init
                0x000000000001e078       0x28 ble/libble_uart.a(nrf_log_frontend.c.o)
                0x000000000001e078                nrf_log_init
 .text.nrf_log_module_name_get
                0x000000000001e0a0       0x48 ble/libble_uart.a(nrf_log_frontend.c.o)
                0x000000000001e0a0                nrf_log_module_name_get
 .text.nrf_log_color_id_get
                0x000000000001e0e8       0x2c ble/libble_uart.a(nrf_log_frontend.c.o)
                0x000000000001e0e8                nrf_log_color_id_get
 .text.log_pending_hook
                0x000000000001e114        0x4 ble/libble_uart.a(nrf_log_frontend.c.o)
                0x000000000001e114                log_pending_hook
 .text.nrf_log_frontend_dequeue
                0x000000000001e118      0x24c ble/libble_uart.a(nrf_log_frontend.c.o)
                0x000000000001e118                nrf_log_frontend_dequeue
 .text.nrf_log_frontend_std_2
                0x000000000001e364      0x1c8 ble/libble_uart.a(nrf_log_frontend.c.o)
                0x000000000001e364                nrf_log_frontend_std_2
 .text.nrf_log_frontend_std_1
                0x000000000001e52c      0x1bc ble/libble_uart.a(nrf_log_frontend.c.o)
                0x000000000001e52c                nrf_log_frontend_std_1
 .text.nrf_log_frontend_std_0
                0x000000000001e6e8      0x1ac ble/libble_uart.a(nrf_log_frontend.c.o)
                0x000000000001e6e8                nrf_log_frontend_std_0
 .text.nrf_log_backend_add
                0x000000000001e894       0x5c ble/libble_uart.a(nrf_log_frontend.c.o)
                0x000000000001e894                nrf_log_backend_add
 .text.nrf_log_panic
                0x000000000001e8f0       0x28 ble/libble_uart.a(nrf_log_frontend.c.o)
                0x000000000001e8f0                nrf_log_panic
 .text.nrf_memobj_pool_init
                0x000000000001e918        0x4 ble/libble_uart.a(nrf_memobj.c.o)
                0x000000000001e918                nrf_memobj_pool_init
 .text.nrf_memobj_alloc
                0x000000000001e91c       0x98 ble/libble_uart.a(nrf_memobj.c.o)
                0x000000000001e91c                nrf_memobj_alloc
 .text.nrf_memobj_get
                0x000000000001e9b4        0x8 ble/libble_uart.a(nrf_memobj.c.o)
                0x000000000001e9b4                nrf_memobj_get
 .text.nrf_memobj_put
                0x000000000001e9bc       0x58 ble/libble_uart.a(nrf_memobj.c.o)
                0x000000000001e9bc                nrf_memobj_put
 .text.nrf_memobj_write
                0x000000000001ea14       0x68 ble/libble_uart.a(nrf_memobj.c.o)
                0x000000000001ea14                nrf_memobj_write
 .text.nrf_memobj_read
                0x000000000001ea7c       0x68 ble/libble_uart.a(nrf_memobj.c.o)
                0x000000000001ea7c                nrf_memobj_read
 .text.nrf_pwr_mgmt_init
                0x000000000001eae4       0x2c ble/libble_uart.a(nrf_pwr_mgmt.c.o)
                0x000000000001eae4                nrf_pwr_mgmt_init
 .text.nrf_ringbuf_init
                0x000000000001eb10       0x1c ble/libble_uart.a(nrf_ringbuf.c.o)
                0x000000000001eb10                nrf_ringbuf_init
 .text.sd_softdevice_enable
                0x000000000001eb2c        0x4 ble/libble_uart.a(nrf_sdh.c.o)
 .text.nrf_sdh_enable_request.part.0
                0x000000000001eb30      0x10c ble/libble_uart.a(nrf_sdh.c.o)
 .text.nrf_sdh_enable_request
                0x000000000001ec3c       0x14 ble/libble_uart.a(nrf_sdh.c.o)
                0x000000000001ec3c                nrf_sdh_enable_request
 .text.SWI2_EGU2_IRQHandler
                0x000000000001ec50       0x2c ble/libble_uart.a(nrf_sdh.c.o)
                0x000000000001ec50                SWI2_EGU2_IRQHandler
 .text.sd_ble_enable
                0x000000000001ec7c        0x4 ble/libble_uart.a(nrf_sdh_ble.c.o)
 .text.sd_ble_cfg_set
                0x000000000001ec80        0x4 ble/libble_uart.a(nrf_sdh_ble.c.o)
 .text.sd_ble_evt_get
                0x000000000001ec84        0x4 ble/libble_uart.a(nrf_sdh_ble.c.o)
 .text.nrf_sdh_ble_evts_poll.part.0
                0x000000000001ec88       0x5c ble/libble_uart.a(nrf_sdh_ble.c.o)
 .text.nrf_sdh_ble_evts_poll
                0x000000000001ece4       0x10 ble/libble_uart.a(nrf_sdh_ble.c.o)
 .text.nrf_sdh_ble_default_cfg_set
                0x000000000001ecf4      0x1b0 ble/libble_uart.a(nrf_sdh_ble.c.o)
                0x000000000001ecf4                nrf_sdh_ble_default_cfg_set
 .text.nrf_sdh_ble_enable
                0x000000000001eea4       0x9c ble/libble_uart.a(nrf_sdh_ble.c.o)
                0x000000000001eea4                nrf_sdh_ble_enable
 .text.nrf_section_iter_init
                0x000000000001ef40       0x14 ble/libble_uart.a(nrf_section_iter.c.o)
                0x000000000001ef40                nrf_section_iter_init
 .text.nrf_section_iter_next
                0x000000000001ef54       0x18 ble/libble_uart.a(nrf_section_iter.c.o)
                0x000000000001ef54                nrf_section_iter_next
 .text.nrf_strerror_get
                0x000000000001ef6c       0x44 ble/libble_uart.a(nrf_strerror.c.o)
                0x000000000001ef6c                nrf_strerror_get
 .text.gpiote_event_handler
                0x000000000001efb0       0x74 ble/libble_uart.a(app_button.c.o)
 .text.detection_delay_timeout_handler
                0x000000000001f024      0x274 ble/libble_uart.a(app_button.c.o)
 .text.app_button_init
                0x000000000001f298       0xb8 ble/libble_uart.a(app_button.c.o)
                0x000000000001f298                app_button_init
 .text.app_button_enable
                0x000000000001f350       0x2c ble/libble_uart.a(app_button.c.o)
                0x000000000001f350                app_button_enable
 .text.app_error_handler_bare
                0x000000000001f37c       0x20 ble/libble_uart.a(app_error.c.o)
                0x000000000001f37c                app_error_handler_bare
 .text.app_error_fault_handler
                0x000000000001f39c       0x6c ble/libble_uart.a(app_error_weak.c.o)
                0x000000000001f39c                app_error_fault_handler
 .text.compare_func
                0x000000000001f408       0x18 ble/libble_uart.a(app_timer2.c.o)
 .text.timer_expire
                0x000000000001f420       0xe8 ble/libble_uart.a(app_timer2.c.o)
 .text.rtc_irq  0x000000000001f508      0x220 ble/libble_uart.a(app_timer2.c.o)
 .text.app_timer_init
                0x000000000001f728       0x6c ble/libble_uart.a(app_timer2.c.o)
                0x000000000001f728                app_timer_init
 *fill*         0x000000000001f794        0x4 
 .text.app_timer_create
                0x000000000001f798       0x30 ble/libble_uart.a(app_timer2.c.o)
                0x000000000001f798                app_timer_create
 .text.app_timer_start
                0x000000000001f7c8       0xb8 ble/libble_uart.a(app_timer2.c.o)
                0x000000000001f7c8                app_timer_start
 .text.app_timer_stop
                0x000000000001f880       0x7c ble/libble_uart.a(app_timer2.c.o)
                0x000000000001f880                app_timer_stop
 .text.app_util_critical_region_enter
                0x000000000001f8fc       0x4c ble/libble_uart.a(app_util_platform.c.o)
                0x000000000001f8fc                app_util_critical_region_enter
 .text.app_util_critical_region_exit
                0x000000000001f948       0x30 ble/libble_uart.a(app_util_platform.c.o)
                0x000000000001f948                app_util_critical_region_exit
 .text.sd_ble_gap_adv_set_configure
                0x000000000001f978        0x4 ble/libble_uart.a(ble_advertising.c.o)
 .text.sd_ble_gap_adv_start
                0x000000000001f97c        0x4 ble/libble_uart.a(ble_advertising.c.o)
 .text.sd_ble_gap_adv_stop
                0x000000000001f980        0x4 ble/libble_uart.a(ble_advertising.c.o)
 .text.ble_advertising_start.part.0
                0x000000000001f984      0x2d4 ble/libble_uart.a(ble_advertising.c.o)
 .text.ble_advertising_conn_cfg_tag_set
                0x000000000001fc58        0x8 ble/libble_uart.a(ble_advertising.c.o)
                0x000000000001fc58                ble_advertising_conn_cfg_tag_set
 .text.ble_advertising_init
                0x000000000001fc60       0xf4 ble/libble_uart.a(ble_advertising.c.o)
                0x000000000001fc60                ble_advertising_init
 .text.ble_advertising_start
                0x000000000001fd54        0xc ble/libble_uart.a(ble_advertising.c.o)
                0x000000000001fd54                ble_advertising_start
 .text.ble_advertising_on_ble_evt
                0x000000000001fd60       0x8c ble/libble_uart.a(ble_advertising.c.o)
                0x000000000001fd60                ble_advertising_on_ble_evt
 .text.ble_advertising_restart_without_whitelist
                0x000000000001fdec       0x60 ble/libble_uart.a(ble_advertising.c.o)
                0x000000000001fdec                ble_advertising_restart_without_whitelist
 .text.sd_ble_gap_conn_param_update
                0x000000000001fe4c        0x4 ble/libble_uart.a(ble_conn_params.c.o)
 .text.sd_ble_gap_disconnect
                0x000000000001fe50        0x4 ble/libble_uart.a(ble_conn_params.c.o)
 .text.sd_ble_gap_ppcp_set
                0x000000000001fe54        0x4 ble/libble_uart.a(ble_conn_params.c.o)
 .text.sd_ble_gap_ppcp_get
                0x000000000001fe58        0x4 ble/libble_uart.a(ble_conn_params.c.o)
 .text.update_timeout_handler
                0x000000000001fe5c       0x80 ble/libble_uart.a(ble_conn_params.c.o)
 .text.ble_evt_handler
                0x000000000001fedc      0x1d0 ble/libble_uart.a(ble_conn_params.c.o)
 .text.ble_conn_params_init
                0x00000000000200ac       0x78 ble/libble_uart.a(ble_conn_params.c.o)
                0x00000000000200ac                ble_conn_params_init
 .text.sd_ble_gatts_service_add
                0x0000000000020124        0x4 ble/libble_uart.a(ble_nus.c.o)
 .text.sd_ble_gatts_value_get
                0x0000000000020128        0x4 ble/libble_uart.a(ble_nus.c.o)
 .text.sd_ble_gatts_hvx
                0x000000000002012c        0x4 ble/libble_uart.a(ble_nus.c.o)
 .text.sd_ble_uuid_vs_add
                0x0000000000020130        0x4 ble/libble_uart.a(ble_nus.c.o)
 .text.ble_nus_on_ble_evt
                0x0000000000020134      0x134 ble/libble_uart.a(ble_nus.c.o)
                0x0000000000020134                ble_nus_on_ble_evt
 .text.ble_nus_init
                0x0000000000020268       0xe4 ble/libble_uart.a(ble_nus.c.o)
                0x0000000000020268                ble_nus_init
 .text.ble_nus_data_send
                0x000000000002034c       0x6c ble/libble_uart.a(ble_nus.c.o)
                0x000000000002034c                ble_nus_data_send
 .text.sd_ble_gatts_characteristic_add
                0x00000000000203b8        0x4 ble/libble_uart.a(ble_srv_common.c.o)
 .text.ble_srv_is_notification_enabled
                0x00000000000203bc        0x8 ble/libble_uart.a(ble_srv_common.c.o)
                0x00000000000203bc                ble_srv_is_notification_enabled
 .text.characteristic_add
                0x00000000000203c4      0x270 ble/libble_uart.a(ble_srv_common.c.o)
                0x00000000000203c4                characteristic_add
 .text.bsp_board_led_state_get
                0x0000000000020634       0x28 ble/libble_uart.a(boards.c.o)
                0x0000000000020634                bsp_board_led_state_get
 .text.bsp_board_led_on
                0x000000000002065c       0x24 ble/libble_uart.a(boards.c.o)
                0x000000000002065c                bsp_board_led_on
 .text.bsp_board_led_off
                0x0000000000020680       0x24 ble/libble_uart.a(boards.c.o)
                0x0000000000020680                bsp_board_led_off
 .text.bsp_board_leds_off
                0x00000000000206a4       0x60 ble/libble_uart.a(boards.c.o)
                0x00000000000206a4                bsp_board_leds_off
 .text.bsp_board_leds_on
                0x0000000000020704       0x60 ble/libble_uart.a(boards.c.o)
                0x0000000000020704                bsp_board_leds_on
 .text.bsp_board_led_invert
                0x0000000000020764       0x34 ble/libble_uart.a(boards.c.o)
                0x0000000000020764                bsp_board_led_invert
 .text.bsp_board_button_state_get
                0x0000000000020798       0x28 ble/libble_uart.a(boards.c.o)
                0x0000000000020798                bsp_board_button_state_get
 .text.bsp_board_pin_to_button_idx
                0x00000000000207c0       0x14 ble/libble_uart.a(boards.c.o)
                0x00000000000207c0                bsp_board_pin_to_button_idx
 .text.bsp_board_button_idx_to_pin
                0x00000000000207d4        0xc ble/libble_uart.a(boards.c.o)
                0x00000000000207d4                bsp_board_button_idx_to_pin
 .text.bsp_board_init
                0x00000000000207e0       0xb4 ble/libble_uart.a(boards.c.o)
                0x00000000000207e0                bsp_board_init
 .text.drv_rtc_init
                0x0000000000020894       0xc8 ble/libble_uart.a(drv_rtc.c.o)
                0x0000000000020894                drv_rtc_init
 .text.drv_rtc_start
                0x000000000002095c        0x8 ble/libble_uart.a(drv_rtc.c.o)
                0x000000000002095c                drv_rtc_start
 .text.drv_rtc_stop
                0x0000000000020964        0x8 ble/libble_uart.a(drv_rtc.c.o)
                0x0000000000020964                drv_rtc_stop
 .text.drv_rtc_compare_set
                0x000000000002096c       0x54 ble/libble_uart.a(drv_rtc.c.o)
                0x000000000002096c                drv_rtc_compare_set
 .text.drv_rtc_windowed_compare_set
                0x00000000000209c0      0x100 ble/libble_uart.a(drv_rtc.c.o)
                0x00000000000209c0                drv_rtc_windowed_compare_set
 .text.drv_rtc_overflow_enable
                0x0000000000020ac0       0x14 ble/libble_uart.a(drv_rtc.c.o)
                0x0000000000020ac0                drv_rtc_overflow_enable
 .text.drv_rtc_overflow_pending
                0x0000000000020ad4       0x20 ble/libble_uart.a(drv_rtc.c.o)
                0x0000000000020ad4                drv_rtc_overflow_pending
 .text.drv_rtc_compare_disable
                0x0000000000020af4       0x18 ble/libble_uart.a(drv_rtc.c.o)
                0x0000000000020af4                drv_rtc_compare_disable
 .text.drv_rtc_compare_pending
                0x0000000000020b0c       0x20 ble/libble_uart.a(drv_rtc.c.o)
                0x0000000000020b0c                drv_rtc_compare_pending
 .text.drv_rtc_counter_get
                0x0000000000020b2c        0x8 ble/libble_uart.a(drv_rtc.c.o)
                0x0000000000020b2c                drv_rtc_counter_get
 .text.drv_rtc_irq_trigger
                0x0000000000020b34       0x24 ble/libble_uart.a(drv_rtc.c.o)
                0x0000000000020b34                drv_rtc_irq_trigger
 .text.RTC1_IRQHandler
                0x0000000000020b58       0x14 ble/libble_uart.a(drv_rtc.c.o)
                0x0000000000020b58                RTC1_IRQHandler
 .text.nrf_atfifo_init
                0x0000000000020b6c       0x30 ble/libble_uart.a(nrf_atfifo.c.o)
                0x0000000000020b6c                nrf_atfifo_init
 .text.nrf_atfifo_item_alloc
                0x0000000000020b9c       0x64 ble/libble_uart.a(nrf_atfifo.c.o)
                0x0000000000020b9c                nrf_atfifo_item_alloc
 .text.nrf_atfifo_item_put
                0x0000000000020c00       0x20 ble/libble_uart.a(nrf_atfifo.c.o)
                0x0000000000020c00                nrf_atfifo_item_put
 .text.nrf_atfifo_item_get
                0x0000000000020c20       0x64 ble/libble_uart.a(nrf_atfifo.c.o)
                0x0000000000020c20                nrf_atfifo_item_get
 .text.nrf_atfifo_item_free
                0x0000000000020c84       0x20 ble/libble_uart.a(nrf_atfifo.c.o)
                0x0000000000020c84                nrf_atfifo_item_free
 .text.nrf_atomic_u32_fetch_store
                0x0000000000020ca4       0x14 ble/libble_uart.a(nrf_atomic.c.o)
                0x0000000000020ca4                nrf_atomic_u32_fetch_store
 .text.nrf_atomic_u32_or
                0x0000000000020cb8       0x18 ble/libble_uart.a(nrf_atomic.c.o)
                0x0000000000020cb8                nrf_atomic_u32_or
 .text.nrf_atomic_u32_and
                0x0000000000020cd0       0x18 ble/libble_uart.a(nrf_atomic.c.o)
                0x0000000000020cd0                nrf_atomic_u32_and
 .text.nrf_atomic_u32_add
                0x0000000000020ce8       0x18 ble/libble_uart.a(nrf_atomic.c.o)
                0x0000000000020ce8                nrf_atomic_u32_add
 .text.nrf_atomic_u32_sub
                0x0000000000020d00       0x18 ble/libble_uart.a(nrf_atomic.c.o)
                0x0000000000020d00                nrf_atomic_u32_sub
 .text.nrf_atomic_flag_set
                0x0000000000020d18       0x18 ble/libble_uart.a(nrf_atomic.c.o)
                0x0000000000020d18                nrf_atomic_flag_set
 .text.nrf_atomic_flag_clear_fetch
                0x0000000000020d30       0x18 ble/libble_uart.a(nrf_atomic.c.o)
                0x0000000000020d30                nrf_atomic_flag_clear_fetch
 .text.nrf_balloc_init
                0x0000000000020d48       0x3c ble/libble_uart.a(nrf_balloc.c.o)
                0x0000000000020d48                nrf_balloc_init
 .text.nrf_balloc_alloc
                0x0000000000020d84       0x50 ble/libble_uart.a(nrf_balloc.c.o)
                0x0000000000020d84                nrf_balloc_alloc
 .text.nrf_balloc_free
                0x0000000000020dd4       0x38 ble/libble_uart.a(nrf_balloc.c.o)
                0x0000000000020dd4                nrf_balloc_free
 .text.nrf_log_backend_rtt_flush
                0x0000000000020e0c        0x4 ble/libble_uart.a(nrf_log_backend_rtt.c.o)
 .text.nrf_log_backend_rtt_put
                0x0000000000020e10       0x20 ble/libble_uart.a(nrf_log_backend_rtt.c.o)
 .text.serial_tx
                0x0000000000020e30       0x5c ble/libble_uart.a(nrf_log_backend_rtt.c.o)
 .text.nrf_log_backend_rtt_panic_set
                0x0000000000020e8c        0x4 ble/libble_uart.a(nrf_log_backend_rtt.c.o)
 .text.nrf_log_backend_rtt_init
                0x0000000000020e90        0x4 ble/libble_uart.a(nrf_log_backend_rtt.c.o)
                0x0000000000020e90                nrf_log_backend_rtt_init
 .text.nrf_log_backend_serial_put
                0x0000000000020e94       0xd8 ble/libble_uart.a(nrf_log_backend_serial.c.o)
                0x0000000000020e94                nrf_log_backend_serial_put
 .text.prefix_process.constprop.0
                0x0000000000020f6c       0x80 ble/libble_uart.a(nrf_log_str_formatter.c.o)
 .text.nrf_log_std_entry_process
                0x0000000000020fec       0xec ble/libble_uart.a(nrf_log_str_formatter.c.o)
                0x0000000000020fec                nrf_log_std_entry_process
 .text.nrf_log_hexdump_entry_process
                0x00000000000210d8      0x104 ble/libble_uart.a(nrf_log_str_formatter.c.o)
                0x00000000000210d8                nrf_log_hexdump_entry_process
 .text.nrf_sortlist_add
                0x00000000000211dc       0x28 ble/libble_uart.a(nrf_sortlist.c.o)
                0x00000000000211dc                nrf_sortlist_add
 .text.nrf_sortlist_pop
                0x0000000000021204        0xc ble/libble_uart.a(nrf_sortlist.c.o)
                0x0000000000021204                nrf_sortlist_pop
 .text.nrf_sortlist_peek
                0x0000000000021210        0x8 ble/libble_uart.a(nrf_sortlist.c.o)
                0x0000000000021210                nrf_sortlist_peek
 .text.nrf_sortlist_remove
                0x0000000000021218       0x1c ble/libble_uart.a(nrf_sortlist.c.o)
                0x0000000000021218                nrf_sortlist_remove
 .text.nrfx_gpiote_init
                0x0000000000021234       0xb4 ble/libble_uart.a(nrfx_gpiote.c.o)
                0x0000000000021234                nrfx_gpiote_init
 .text.nrfx_gpiote_is_init
                0x00000000000212e8       0x14 ble/libble_uart.a(nrfx_gpiote.c.o)
                0x00000000000212e8                nrfx_gpiote_is_init
 .text.nrfx_gpiote_in_init
                0x00000000000212fc      0x200 ble/libble_uart.a(nrfx_gpiote.c.o)
                0x00000000000212fc                nrfx_gpiote_in_init
 .text.nrfx_gpiote_in_event_enable
                0x00000000000214fc       0xf0 ble/libble_uart.a(nrfx_gpiote.c.o)
                0x00000000000214fc                nrfx_gpiote_in_event_enable
 .text.nrfx_gpiote_in_is_set
                0x00000000000215ec       0x20 ble/libble_uart.a(nrfx_gpiote.c.o)
                0x00000000000215ec                nrfx_gpiote_in_is_set
 .text.GPIOTE_IRQHandler
                0x000000000002160c      0x504 ble/libble_uart.a(nrfx_gpiote.c.o)
                0x000000000002160c                GPIOTE_IRQHandler
 .text.SEGGER_RTT_WriteNoLock
                0x0000000000021b10      0x1a8 ble/libble_uart.a(SEGGER_RTT.c.o)
                0x0000000000021b10                SEGGER_RTT_WriteNoLock
 .text.SEGGER_RTT_Init
                0x0000000000021cb8       0x68 ble/libble_uart.a(SEGGER_RTT.c.o)
                0x0000000000021cb8                SEGGER_RTT_Init
 .text.sd_ble_gap_addr_get
                0x0000000000021d20        0x4 ble/libble_uart.a(ble_advdata.c.o)
 .text.sd_ble_gap_appearance_get
                0x0000000000021d24        0x4 ble/libble_uart.a(ble_advdata.c.o)
 .text.sd_ble_gap_device_name_get
                0x0000000000021d28        0x4 ble/libble_uart.a(ble_advdata.c.o)
 .text.sd_ble_uuid_encode
                0x0000000000021d2c        0x4 ble/libble_uart.a(ble_advdata.c.o)
 .text.uuid_list_sized_encode
                0x0000000000021d30       0xb8 ble/libble_uart.a(ble_advdata.c.o)
 .text.ble_advdata_encode
                0x0000000000021de8      0x424 ble/libble_uart.a(ble_advdata.c.o)
                0x0000000000021de8                ble_advdata_encode
 .text.ble_advdata_parse
                0x000000000002220c       0x4c ble/libble_uart.a(ble_advdata.c.o)
                0x000000000002220c                ble_advdata_parse
 .text.blcm_link_ctx_get
                0x0000000000022258       0x50 ble/libble_uart.a(ble_link_ctx_manager.c.o)
                0x0000000000022258                blcm_link_ctx_get
 .text.nrf_fprintf_buffer_flush
                0x00000000000222a8       0x18 ble/libble_uart.a(nrf_fprintf.c.o)
                0x00000000000222a8                nrf_fprintf_buffer_flush
 .text.nrf_fprintf
                0x00000000000222c0       0x20 ble/libble_uart.a(nrf_fprintf.c.o)
                0x00000000000222c0                nrf_fprintf
 .text.unsigned_print
                0x00000000000222e0      0x158 ble/libble_uart.a(nrf_fprintf_format.c.o)
 .text.nrf_fprintf_fmt
                0x0000000000022438      0x610 ble/libble_uart.a(nrf_fprintf_format.c.o)
                0x0000000000022438                nrf_fprintf_fmt
 .text.ble_evt_handler
                0x0000000000022a48      0x13c ble/libble_uart.a(ble_conn_state.c.o)
 .text.ble_conn_state_conn_idx
                0x0000000000022b84       0x24 ble/libble_uart.a(ble_conn_state.c.o)
                0x0000000000022b84                ble_conn_state_conn_idx
 .text.nrf_atflags_set
                0x0000000000022ba8       0x18 ble/libble_uart.a(nrf_atflags.c.o)
                0x0000000000022ba8                nrf_atflags_set
 .text.nrf_atflags_clear
                0x0000000000022bc0       0x18 ble/libble_uart.a(nrf_atflags.c.o)
                0x0000000000022bc0                nrf_atflags_clear
 .text.nrf_atflags_get
                0x0000000000022bd8       0x14 ble/libble_uart.a(nrf_atflags.c.o)
                0x0000000000022bd8                nrf_atflags_get
 .text.svcRtxKernelInitialize
                0x0000000000022bec      0x15c rtx/librtx.a(rtx_kernel.o)
 .text.svcRtxKernelStart
                0x0000000000022d48       0xb8 rtx/librtx.a(rtx_kernel.o)
 .text.osRtxKernelBeforeInit
                0x0000000000022e00        0x4 rtx/librtx.a(rtx_kernel.o)
                0x0000000000022e00                osRtxKernelBeforeInit
 .text.osRtxKernelErrorNotify
                0x0000000000022e04       0x18 rtx/librtx.a(rtx_kernel.o)
                0x0000000000022e04                osRtxKernelErrorNotify
 .text.osKernelInitialize
                0x0000000000022e1c       0x38 rtx/librtx.a(rtx_kernel.o)
                0x0000000000022e1c                osKernelInitialize
 .text.osKernelStart
                0x0000000000022e54       0x34 rtx/librtx.a(rtx_kernel.o)
                0x0000000000022e54                osKernelStart
 .text.EvrRtxMemoryInit
                0x0000000000022e88        0x4 rtx/librtx.a(rtx_evr.o)
                0x0000000000022e88                EvrRtxMemoryInit
 .text.EvrRtxMemoryAlloc
                0x0000000000022e8c        0x4 rtx/librtx.a(rtx_evr.o)
                0x0000000000022e8c                EvrRtxMemoryAlloc
 .text.EvrRtxMemoryFree
                0x0000000000022e90        0x4 rtx/librtx.a(rtx_evr.o)
                0x0000000000022e90                EvrRtxMemoryFree
 .text.EvrRtxMemoryBlockInit
                0x0000000000022e94        0x4 rtx/librtx.a(rtx_evr.o)
                0x0000000000022e94                EvrRtxMemoryBlockInit
 .text.EvrRtxMemoryBlockAlloc
                0x0000000000022e98        0x4 rtx/librtx.a(rtx_evr.o)
                0x0000000000022e98                EvrRtxMemoryBlockAlloc
 .text.EvrRtxMemoryBlockFree
                0x0000000000022e9c        0x4 rtx/librtx.a(rtx_evr.o)
                0x0000000000022e9c                EvrRtxMemoryBlockFree
 .text.EvrRtxKernelError
                0x0000000000022ea0        0x4 rtx/librtx.a(rtx_evr.o)
                0x0000000000022ea0                EvrRtxKernelError
 .text.EvrRtxKernelInitialize
                0x0000000000022ea4        0x4 rtx/librtx.a(rtx_evr.o)
                0x0000000000022ea4                EvrRtxKernelInitialize
 .text.EvrRtxKernelInitialized
                0x0000000000022ea8        0x4 rtx/librtx.a(rtx_evr.o)
                0x0000000000022ea8                EvrRtxKernelInitialized
 .text.EvrRtxKernelStart
                0x0000000000022eac        0x4 rtx/librtx.a(rtx_evr.o)
                0x0000000000022eac                EvrRtxKernelStart
 .text.EvrRtxKernelStarted
                0x0000000000022eb0        0x4 rtx/librtx.a(rtx_evr.o)
                0x0000000000022eb0                EvrRtxKernelStarted
 .text.EvrRtxKernelErrorNotify
                0x0000000000022eb4        0x4 rtx/librtx.a(rtx_evr.o)
                0x0000000000022eb4                EvrRtxKernelErrorNotify
 .text.EvrRtxThreadError
                0x0000000000022eb8        0x4 rtx/librtx.a(rtx_evr.o)
                0x0000000000022eb8                EvrRtxThreadError
 .text.EvrRtxThreadNew
                0x0000000000022ebc        0x4 rtx/librtx.a(rtx_evr.o)
                0x0000000000022ebc                EvrRtxThreadNew
 .text.EvrRtxThreadCreated
                0x0000000000022ec0        0x4 rtx/librtx.a(rtx_evr.o)
                0x0000000000022ec0                EvrRtxThreadCreated
 .text.EvrRtxThreadSetPriority
                0x0000000000022ec4        0x4 rtx/librtx.a(rtx_evr.o)
                0x0000000000022ec4                EvrRtxThreadSetPriority
 .text.EvrRtxThreadPriorityUpdated
                0x0000000000022ec8        0x4 rtx/librtx.a(rtx_evr.o)
                0x0000000000022ec8                EvrRtxThreadPriorityUpdated
 .text.EvrRtxThreadYield
                0x0000000000022ecc        0x4 rtx/librtx.a(rtx_evr.o)
                0x0000000000022ecc                EvrRtxThreadYield
 .text.EvrRtxThreadJoined
                0x0000000000022ed0        0x4 rtx/librtx.a(rtx_evr.o)
                0x0000000000022ed0                EvrRtxThreadJoined
 .text.EvrRtxThreadBlocked
                0x0000000000022ed4        0x4 rtx/librtx.a(rtx_evr.o)
                0x0000000000022ed4                EvrRtxThreadBlocked
 .text.EvrRtxThreadUnblocked
                0x0000000000022ed8        0x4 rtx/librtx.a(rtx_evr.o)
                0x0000000000022ed8                EvrRtxThreadUnblocked
 .text.EvrRtxThreadPreempted
                0x0000000000022edc        0x4 rtx/librtx.a(rtx_evr.o)
                0x0000000000022edc                EvrRtxThreadPreempted
 .text.EvrRtxThreadSwitched
                0x0000000000022ee0        0x4 rtx/librtx.a(rtx_evr.o)
                0x0000000000022ee0                EvrRtxThreadSwitched
 .text.EvrRtxThreadExit
                0x0000000000022ee4        0x4 rtx/librtx.a(rtx_evr.o)
                0x0000000000022ee4                EvrRtxThreadExit
 .text.EvrRtxThreadDestroyed
                0x0000000000022ee8        0x4 rtx/librtx.a(rtx_evr.o)
                0x0000000000022ee8                EvrRtxThreadDestroyed
 .text.EvrRtxThreadFlagsError
                0x0000000000022eec        0x4 rtx/librtx.a(rtx_evr.o)
                0x0000000000022eec                EvrRtxThreadFlagsError
 .text.EvrRtxThreadFlagsSet
                0x0000000000022ef0        0x4 rtx/librtx.a(rtx_evr.o)
                0x0000000000022ef0                EvrRtxThreadFlagsSet
 .text.EvrRtxThreadFlagsSetDone
                0x0000000000022ef4        0x4 rtx/librtx.a(rtx_evr.o)
                0x0000000000022ef4                EvrRtxThreadFlagsSetDone
 .text.EvrRtxThreadFlagsWait
                0x0000000000022ef8        0x4 rtx/librtx.a(rtx_evr.o)
                0x0000000000022ef8                EvrRtxThreadFlagsWait
 .text.EvrRtxThreadFlagsWaitPending
                0x0000000000022efc        0x4 rtx/librtx.a(rtx_evr.o)
                0x0000000000022efc                EvrRtxThreadFlagsWaitPending
 .text.EvrRtxThreadFlagsWaitTimeout
                0x0000000000022f00        0x4 rtx/librtx.a(rtx_evr.o)
                0x0000000000022f00                EvrRtxThreadFlagsWaitTimeout
 .text.EvrRtxThreadFlagsWaitCompleted
                0x0000000000022f04        0x4 rtx/librtx.a(rtx_evr.o)
                0x0000000000022f04                EvrRtxThreadFlagsWaitCompleted
 .text.EvrRtxThreadFlagsWaitNotCompleted
                0x0000000000022f08        0x4 rtx/librtx.a(rtx_evr.o)
                0x0000000000022f08                EvrRtxThreadFlagsWaitNotCompleted
 .text.EvrRtxDelayCompleted
                0x0000000000022f0c        0x4 rtx/librtx.a(rtx_evr.o)
                0x0000000000022f0c                EvrRtxDelayCompleted
 .text.EvrRtxTimerCallback
                0x0000000000022f10        0x4 rtx/librtx.a(rtx_evr.o)
                0x0000000000022f10                EvrRtxTimerCallback
 .text.EvrRtxEventFlagsWaitTimeout
                0x0000000000022f14        0x4 rtx/librtx.a(rtx_evr.o)
                0x0000000000022f14                EvrRtxEventFlagsWaitTimeout
 .text.EvrRtxMutexAcquireTimeout
                0x0000000000022f18        0x4 rtx/librtx.a(rtx_evr.o)
                0x0000000000022f18                EvrRtxMutexAcquireTimeout
 .text.EvrRtxMutexAcquired
                0x0000000000022f1c        0x4 rtx/librtx.a(rtx_evr.o)
                0x0000000000022f1c                EvrRtxMutexAcquired
 .text.EvrRtxMutexReleased
                0x0000000000022f20        0x4 rtx/librtx.a(rtx_evr.o)
                0x0000000000022f20                EvrRtxMutexReleased
 .text.EvrRtxSemaphoreAcquireTimeout
                0x0000000000022f24        0x4 rtx/librtx.a(rtx_evr.o)
                0x0000000000022f24                EvrRtxSemaphoreAcquireTimeout
 .text.EvrRtxMemoryPoolAllocTimeout
                0x0000000000022f28        0x4 rtx/librtx.a(rtx_evr.o)
                0x0000000000022f28                EvrRtxMemoryPoolAllocTimeout
 .text.EvrRtxMessageQueueError
                0x0000000000022f2c        0x4 rtx/librtx.a(rtx_evr.o)
                0x0000000000022f2c                EvrRtxMessageQueueError
 .text.EvrRtxMessageQueueCreated
                0x0000000000022f30        0x4 rtx/librtx.a(rtx_evr.o)
                0x0000000000022f30                EvrRtxMessageQueueCreated
 .text.EvrRtxMessageQueuePut
                0x0000000000022f34        0x4 rtx/librtx.a(rtx_evr.o)
                0x0000000000022f34                EvrRtxMessageQueuePut
 .text.EvrRtxMessageQueuePutPending
                0x0000000000022f38        0x4 rtx/librtx.a(rtx_evr.o)
                0x0000000000022f38                EvrRtxMessageQueuePutPending
 .text.EvrRtxMessageQueuePutTimeout
                0x0000000000022f3c        0x4 rtx/librtx.a(rtx_evr.o)
                0x0000000000022f3c                EvrRtxMessageQueuePutTimeout
 .text.EvrRtxMessageQueueInsertPending
                0x0000000000022f40        0x4 rtx/librtx.a(rtx_evr.o)
                0x0000000000022f40                EvrRtxMessageQueueInsertPending
 .text.EvrRtxMessageQueueInserted
                0x0000000000022f44        0x4 rtx/librtx.a(rtx_evr.o)
                0x0000000000022f44                EvrRtxMessageQueueInserted
 .text.EvrRtxMessageQueueNotInserted
                0x0000000000022f48        0x4 rtx/librtx.a(rtx_evr.o)
                0x0000000000022f48                EvrRtxMessageQueueNotInserted
 .text.EvrRtxMessageQueueGet
                0x0000000000022f4c        0x4 rtx/librtx.a(rtx_evr.o)
                0x0000000000022f4c                EvrRtxMessageQueueGet
 .text.EvrRtxMessageQueueGetPending
                0x0000000000022f50        0x4 rtx/librtx.a(rtx_evr.o)
                0x0000000000022f50                EvrRtxMessageQueueGetPending
 .text.EvrRtxMessageQueueGetTimeout
                0x0000000000022f54        0x4 rtx/librtx.a(rtx_evr.o)
                0x0000000000022f54                EvrRtxMessageQueueGetTimeout
 .text.EvrRtxMessageQueueRetrieved
                0x0000000000022f58        0x4 rtx/librtx.a(rtx_evr.o)
                0x0000000000022f58                EvrRtxMessageQueueRetrieved
 .text.EvrRtxMessageQueueNotRetrieved
                0x0000000000022f5c        0x4 rtx/librtx.a(rtx_evr.o)
                0x0000000000022f5c                EvrRtxMessageQueueNotRetrieved
 .text.osRtxMemoryInit
                0x0000000000022f60       0x44 rtx/librtx.a(rtx_memory.o)
                0x0000000000022f60                osRtxMemoryInit
 .text.osRtxMemoryAlloc
                0x0000000000022fa4       0x90 rtx/librtx.a(rtx_memory.o)
                0x0000000000022fa4                osRtxMemoryAlloc
 .text.osRtxMemoryFree
                0x0000000000023034       0x4c rtx/librtx.a(rtx_memory.o)
                0x0000000000023034                osRtxMemoryFree
 .text.osRtxMemoryPoolInit
                0x0000000000023080       0x64 rtx/librtx.a(rtx_mempool.o)
                0x0000000000023080                osRtxMemoryPoolInit
 .text.osRtxMemoryPoolAlloc
                0x00000000000230e4       0x48 rtx/librtx.a(rtx_mempool.o)
                0x00000000000230e4                osRtxMemoryPoolAlloc
 .text.osRtxMemoryPoolFree
                0x000000000002312c       0x60 rtx/librtx.a(rtx_mempool.o)
                0x000000000002312c                osRtxMemoryPoolFree
 .text.osRtxTick_Handler
                0x000000000002318c       0x80 rtx/librtx.a(rtx_system.o)
                0x000000000002318c                osRtxTick_Handler
 .text.osRtxPendSV_Handler
                0x000000000002320c       0xa8 rtx/librtx.a(rtx_system.o)
                0x000000000002320c                osRtxPendSV_Handler
 .text.osRtxPostProcess
                0x00000000000232b4       0x74 rtx/librtx.a(rtx_system.o)
                0x00000000000232b4                osRtxPostProcess
 .text.svcRtxThreadYield
                0x0000000000023328       0x88 rtx/librtx.a(rtx_thread.o)
 .text.osRtxThreadWaitEnter.part.0
                0x00000000000233b0       0xa4 rtx/librtx.a(rtx_thread.o)
 .text.svcRtxThreadFlagsWait
                0x0000000000023454      0x108 rtx/librtx.a(rtx_thread.o)
 .text.osRtxThreadListPut
                0x000000000002355c       0x34 rtx/librtx.a(rtx_thread.o)
                0x000000000002355c                osRtxThreadListPut
 .text.osRtxThreadListGet
                0x0000000000023590       0x14 rtx/librtx.a(rtx_thread.o)
                0x0000000000023590                osRtxThreadListGet
 .text.osRtxThreadListSort
                0x00000000000235a4       0x5c rtx/librtx.a(rtx_thread.o)
                0x00000000000235a4                osRtxThreadListSort
 .text.osRtxThreadListRemove
                0x0000000000023600       0x14 rtx/librtx.a(rtx_thread.o)
                0x0000000000023600                osRtxThreadListRemove
 .text.osRtxThreadReadyPut
                0x0000000000023614       0x44 rtx/librtx.a(rtx_thread.o)
                0x0000000000023614                osRtxThreadReadyPut
 .text.osRtxThreadDelayTick
                0x0000000000023658      0x15c rtx/librtx.a(rtx_thread.o)
                0x0000000000023658                osRtxThreadDelayTick
 .text.osRtxThreadRegPtr
                0x00000000000237b4       0x14 rtx/librtx.a(rtx_thread.o)
                0x00000000000237b4                osRtxThreadRegPtr
 .text.osRtxThreadSwitch
                0x00000000000237c8       0x10 rtx/librtx.a(rtx_thread.o)
                0x00000000000237c8                osRtxThreadSwitch
 .text.osRtxThreadDispatch
                0x00000000000237d8      0x108 rtx/librtx.a(rtx_thread.o)
                0x00000000000237d8                osRtxThreadDispatch
 .text.svcRtxThreadNew
                0x00000000000238e0      0x2f0 rtx/librtx.a(rtx_thread.o)
 .text.svcRtxThreadSetPriority
                0x0000000000023bd0       0xb4 rtx/librtx.a(rtx_thread.o)
 .text.osRtxThreadWaitExit
                0x0000000000023c84       0xb8 rtx/librtx.a(rtx_thread.o)
                0x0000000000023c84                osRtxThreadWaitExit
 .text.osRtxThreadPostProcess
                0x0000000000023d3c       0x94 rtx/librtx.a(rtx_thread.o)
 .text.svcRtxThreadFlagsSet
                0x0000000000023dd0       0xf4 rtx/librtx.a(rtx_thread.o)
 .text.osRtxThreadWaitEnter
                0x0000000000023ec4       0x18 rtx/librtx.a(rtx_thread.o)
                0x0000000000023ec4                osRtxThreadWaitEnter
 .text.osRtxThreadBeforeFree
                0x0000000000023edc        0x4 rtx/librtx.a(rtx_thread.o)
                0x0000000000023edc                osRtxThreadBeforeFree
 .text.osRtxThreadFree
                0x0000000000023ee0       0x5c rtx/librtx.a(rtx_thread.o)
 .text.svcRtxThreadExit
                0x0000000000023f3c      0x124 rtx/librtx.a(rtx_thread.o)
 .text.osRtxThreadStartup
                0x0000000000024060       0x44 rtx/librtx.a(rtx_thread.o)
                0x0000000000024060                osRtxThreadStartup
 .text.osThreadNew
                0x00000000000240a4       0x40 rtx/librtx.a(rtx_thread.o)
                0x00000000000240a4                osThreadNew
 .text.osThreadSetPriority
                0x00000000000240e4       0x3c rtx/librtx.a(rtx_thread.o)
                0x00000000000240e4                osThreadSetPriority
 .text.osThreadYield
                0x0000000000024120       0x34 rtx/librtx.a(rtx_thread.o)
                0x0000000000024120                osThreadYield
 .text.osThreadExit
                0x0000000000024154       0x1c rtx/librtx.a(rtx_thread.o)
                0x0000000000024154                osThreadExit
 .text.osThreadEntry
                0x0000000000024170        0x8 rtx/librtx.a(rtx_thread.o)
 .text.osThreadFlagsSet
                0x0000000000024178       0x90 rtx/librtx.a(rtx_thread.o)
                0x0000000000024178                osThreadFlagsSet
 .text.osThreadFlagsWait
                0x0000000000024208       0x44 rtx/librtx.a(rtx_thread.o)
                0x0000000000024208                osThreadFlagsWait
 .text.osRtxTimerTick
                0x000000000002424c       0xc0 rtx/librtx.a(rtx_timer.o)
 .text.osRtxTimerSetup
                0x000000000002430c       0x20 rtx/librtx.a(rtx_timer.o)
                0x000000000002430c                osRtxTimerSetup
 .text.osRtxTimerThread
                0x000000000002432c       0x28 rtx/librtx.a(rtx_timer.o)
                0x000000000002432c                osRtxTimerThread
 .text.OS_Tick_Setup
                0x0000000000024354       0x4c rtx/librtx.a(os_systick.o)
                0x0000000000024354                OS_Tick_Setup
 .text.OS_Tick_Enable
                0x00000000000243a0       0x28 rtx/librtx.a(os_systick.o)
                0x00000000000243a0                OS_Tick_Enable
 .text.OS_Tick_AcknowledgeIRQ
                0x00000000000243c8        0x8 rtx/librtx.a(os_systick.o)
                0x00000000000243c8                OS_Tick_AcknowledgeIRQ
 .text.OS_Tick_GetIRQn
                0x00000000000243d0        0x8 rtx/librtx.a(os_systick.o)
                0x00000000000243d0                OS_Tick_GetIRQn
 .text.osRtxIdleThread
                0x00000000000243d8        0x4 rtx/librtx.a(RTX_Config.o)
                0x00000000000243d8                osRtxIdleThread
 .text.osRtxErrorNotify
                0x00000000000243dc        0x4 rtx/librtx.a(RTX_Config.o)
                0x00000000000243dc                osRtxErrorNotify
 .text          0x00000000000243e0       0xc8 rtx/librtx.a(irq_armv7m.o)
                0x00000000000243e0                SVC_Handler
                0x000000000002447a                PendSV_Handler
                0x000000000002448a                SysTick_Handler
 .text.svcRtxMessageQueuePut
                0x00000000000244a8      0x12c rtx/librtx.a(rtx_msgqueue.o)
 .text.osRtxMessageQueuePostProcess
                0x00000000000245d4      0x18c rtx/librtx.a(rtx_msgqueue.o)
 .text.svcRtxMessageQueueGet
                0x0000000000024760      0x1c4 rtx/librtx.a(rtx_msgqueue.o)
 .text.osRtxMessageQueueTimerSetup
                0x0000000000024924      0x184 rtx/librtx.a(rtx_msgqueue.o)
                0x0000000000024924                osRtxMessageQueueTimerSetup
 .text.osMessageQueuePut
                0x0000000000024aa8       0x9c rtx/librtx.a(rtx_msgqueue.o)
                0x0000000000024aa8                osMessageQueuePut
 .text.osMessageQueueGet
                0x0000000000024b44       0xe0 rtx/librtx.a(rtx_msgqueue.o)
                0x0000000000024b44                osMessageQueueGet
 .text.osRtxMutexOwnerRelease
                0x0000000000024c24       0x64 rtx/librtx.a(rtx_mutex.o)
                0x0000000000024c24                osRtxMutexOwnerRelease
 .text.osRtxMutexOwnerRestore
                0x0000000000024c88       0x40 rtx/librtx.a(rtx_mutex.o)
                0x0000000000024c88                osRtxMutexOwnerRestore
 .text.memset   0x0000000000024cc8       0xa4 /opt/arm-gcc/arm-none-eabi/lib/thumb/v7e-m+fp/hard/libc.a(libc_a-memset.o)
                0x0000000000024cc8                memset
 .text.strcpy   0x0000000000024d6c       0xbc /opt/arm-gcc/arm-none-eabi/lib/thumb/v7e-m+fp/hard/libc.a(libc_a-strcpy.o)
                0x0000000000024d6c                strcpy
 .text          0x0000000000024e28      0x134 /opt/arm-gcc/arm-none-eabi/lib/thumb/v7e-m+fp/hard/libc.a(libc_a-memcpy.o)
                0x0000000000024e28                memcpy
 *fill*         0x0000000000024f5c       0x24 
 .text          0x0000000000024f80       0xdc /opt/arm-gcc/arm-none-eabi/lib/thumb/v7e-m+fp/hard/libc.a(libc_a-strlen.o)
                0x0000000000024f80                strlen
 .text          0x000000000002505c       0x30 /opt/arm-gcc/lib/gcc/arm-none-eabi/12.2.1/thumb/v7e-m+fp/hard/libgcc.a(_aeabi_uldivmod.o)
                0x000000000002505c                __aeabi_uldivmod
 .text.__udivmoddi4
                0x000000000002508c      0x2bc /opt/arm-gcc/lib/gcc/arm-none-eabi/12.2.1/thumb/v7e-m+fp/hard/libgcc.a(_udivmoddi4.o)
                0x000000000002508c                __udivmoddi4
 .text          0x0000000000025348        0x4 /opt/arm-gcc/lib/gcc/arm-none-eabi/12.2.1/thumb/v7e-m+fp/hard/libgcc.a(_dvmd_tls.o)
                0x0000000000025348                __aeabi_ldiv0
                0x0000000000025348                __aeabi_idiv0
 *(.init)
 *(.fini)
 *crtbegin.o(.ctors)
 *crtbegin?.o(.ctors)
 *(EXCLUDE_FILE(*crtend.o *crtend?.o) .ctors)
 *(SORT_BY_NAME(.ctors.*))
 *(.ctors)
 *crtbegin.o(.dtors)
 *crtbegin?.o(.dtors)
 *(EXCLUDE_FILE(*crtend.o *crtend?.o) .dtors)
 *(SORT_BY_NAME(.dtors.*))
 *(.dtors)
 *(.rodata*)
 .rodata.bluetooth.str1.4
                0x000000000002534c       0x38 main.o
                                         0x3c (size before relaxing)
 .rodata.task1.str1.4
                0x0000000000025384        0xf main.o
 *fill*         0x0000000000025393        0x1 
 .rodata.main.str1.4
                0x0000000000025394        0xf main.o
 *fill*         0x00000000000253a3        0x1 
 .rodata.led_cols
                0x00000000000253a4        0x5 bsp/libbsp.a(board.o)
                0x00000000000253a4                led_cols
 *fill*         0x00000000000253a9        0x3 
 .rodata.led_rows
                0x00000000000253ac        0x5 bsp/libbsp.a(board.o)
                0x00000000000253ac                led_rows
 *fill*         0x00000000000253b1        0x3 
 .rodata._do_print.str1.4
                0x00000000000253b4       0x11 bsp/libbsp.a(lib.o)
 *fill*         0x00000000000253c5        0x3 
 .rodata.CSWTCH.11
                0x00000000000253c8        0x3 bsp/libbsp.a(lsm303agr.o)
 *fill*         0x00000000000253cb        0x1 
 .rodata.CSWTCH.10
                0x00000000000253cc        0x3 bsp/libbsp.a(lsm303agr.o)
 *fill*         0x00000000000253cf        0x1 
 .rodata.ble_evt_handler.str1.4
                0x00000000000253d0       0x19 ble/libble_uart.a(ble_uart.c.o)
 *fill*         0x00000000000253e9        0x3 
 .rodata.gatt_evt_handler.str1.4
                0x00000000000253ec       0x1c ble/libble_uart.a(ble_uart.c.o)
 .rodata.ble_init.str1.4
                0x0000000000025408       0x49 ble/libble_uart.a(ble_uart.c.o)
 *fill*         0x0000000000025451        0x3 
 .rodata.app_buttons
                0x0000000000025454       0x10 ble/libble_uart.a(bsp.c.o)
 .rodata.m_bsp_button_tmr
                0x0000000000025464        0x4 ble/libble_uart.a(bsp.c.o)
 .rodata.m_bsp_alert_tmr
                0x0000000000025468        0x4 ble/libble_uart.a(bsp.c.o)
 .rodata.m_bsp_leds_tmr
                0x000000000002546c        0x4 ble/libble_uart.a(bsp.c.o)
 .rodata.data_length_update.str1.4
                0x0000000000025470       0xe2 ble/libble_uart.a(nrf_ble_gatt.c.o)
 *fill*         0x0000000000025552        0x2 
 .rodata.nrf_ble_gatt_on_ble_evt.str1.4
                0x0000000000025554       0x63 ble/libble_uart.a(nrf_ble_gatt.c.o)
 *fill*         0x00000000000255b7        0x1 
 .rodata.str1.4
                0x00000000000255b8        0xd ble/libble_uart.a(nrf_ble_gatt.c.o)
 *fill*         0x00000000000255c5        0x3 
 .rodata.str1.4
                0x00000000000255c8       0x10 ble/libble_uart.a(nrf_log_default_backends.c.o)
 .rodata.nrf_log_frontend_dequeue.str1.4
                0x00000000000255d8       0x11 ble/libble_uart.a(nrf_log_frontend.c.o)
 *fill*         0x00000000000255e9        0x3 
 .rodata.str1.4
                0x00000000000255ec        0x4 ble/libble_uart.a(nrf_log_frontend.c.o)
 .rodata.m_log_push_ringbuf
                0x00000000000255f0        0xc ble/libble_uart.a(nrf_log_frontend.c.o)
 .rodata.pwr_mgmt_data
                0x00000000000255fc        0xc ble/libble_uart.a(nrf_pwr_mgmt.c.o)
 .rodata.str1.4
                0x0000000000025608        0x9 ble/libble_uart.a(nrf_pwr_mgmt.c.o)
 *fill*         0x0000000000025611        0x3 
 .rodata.sdh_stack_observers
                0x0000000000025614        0xc ble/libble_uart.a(nrf_sdh.c.o)
 .rodata.sdh_state_observers
                0x0000000000025620        0xc ble/libble_uart.a(nrf_sdh.c.o)
 .rodata.sdh_req_observers
                0x000000000002562c        0xc ble/libble_uart.a(nrf_sdh.c.o)
 .rodata.str1.4
                0x0000000000025638        0x8 ble/libble_uart.a(nrf_sdh.c.o)
 .rodata        0x0000000000025640        0x4 ble/libble_uart.a(nrf_sdh.c.o)
 .rodata.nrf_sdh_ble_default_cfg_set.str1.4
                0x0000000000025644      0x1cf ble/libble_uart.a(nrf_sdh_ble.c.o)
 *fill*         0x0000000000025813        0x1 
 .rodata.nrf_sdh_ble_enable.str1.4
                0x0000000000025814       0xad ble/libble_uart.a(nrf_sdh_ble.c.o)
 *fill*         0x00000000000258c1        0x3 
 .rodata.sdh_ble_observers
                0x00000000000258c4        0xc ble/libble_uart.a(nrf_sdh_ble.c.o)
 .rodata.str1.4
                0x00000000000258d0        0xc ble/libble_uart.a(nrf_sdh_ble.c.o)
 .rodata.str1.4
                0x00000000000258dc      0x3e9 ble/libble_uart.a(nrf_strerror.c.o)
 *fill*         0x0000000000025cc5        0x3 
 .rodata.nrf_strerror_array
                0x0000000000025cc8      0x128 ble/libble_uart.a(nrf_strerror.c.o)
 .rodata.m_unknown_str
                0x0000000000025df0       0x13 ble/libble_uart.a(nrf_strerror.c.o)
 *fill*         0x0000000000025e03        0x1 
 .rodata.m_detection_delay_timer_id
                0x0000000000025e04        0x4 ble/libble_uart.a(app_button.c.o)
 .rodata.str1.4
                0x0000000000025e08        0xb ble/libble_uart.a(app_button.c.o)
 *fill*         0x0000000000025e13        0x1 
 .rodata.app_error_fault_handler.str1.4
                0x0000000000025e14       0x19 ble/libble_uart.a(app_error_weak.c.o)
 *fill*         0x0000000000025e2d        0x3 
 .rodata.m_app_timer_sortlist
                0x0000000000025e30        0xc ble/libble_uart.a(app_timer2.c.o)
 .rodata.str1.4
                0x0000000000025e3c        0xa ble/libble_uart.a(app_timer2.c.o)
 *fill*         0x0000000000025e46        0x2 
 .rodata        0x0000000000025e48        0x4 ble/libble_uart.a(app_timer2.c.o)
 .rodata.str1.4
                0x0000000000025e4c        0x8 ble/libble_uart.a(ble_nus.c.o)
 .rodata        0x0000000000025e54       0x10 ble/libble_uart.a(ble_nus.c.o)
 .rodata.m_board_btn_list
                0x0000000000025e64        0x2 ble/libble_uart.a(boards.c.o)
 *fill*         0x0000000000025e66        0x2 
 .rodata.m_board_led_list
                0x0000000000025e68        0xa ble/libble_uart.a(boards.c.o)
 *fill*         0x0000000000025e72        0x2 
 .rodata.drv_rtc_init.str1.4
                0x0000000000025e74       0x36 ble/libble_uart.a(drv_rtc.c.o)
 *fill*         0x0000000000025eaa        0x6 
 .rodata.delay_machine_code.0
                0x0000000000025eb0        0x6 ble/libble_uart.a(drv_rtc.c.o)
 *fill*         0x0000000000025eb6        0xa 
 .rodata.delay_machine_code.0
                0x0000000000025ec0        0x6 ble/libble_uart.a(nrf_log_backend_rtt.c.o)
 *fill*         0x0000000000025ec6        0x2 
 .rodata.nrf_log_backend_rtt_api
                0x0000000000025ec8        0xc ble/libble_uart.a(nrf_log_backend_rtt.c.o)
                0x0000000000025ec8                nrf_log_backend_rtt_api
 .rodata.prefix_process.constprop.0.str1.4
                0x0000000000025ed4       0x36 ble/libble_uart.a(nrf_log_str_formatter.c.o)
 *fill*         0x0000000000025f0a        0x2 
 .rodata.nrf_log_std_entry_process.str1.4
                0x0000000000025f0c        0x3 ble/libble_uart.a(nrf_log_str_formatter.c.o)
 *fill*         0x0000000000025f0f        0x1 
 .rodata.nrf_log_hexdump_entry_process.str1.4
                0x0000000000025f10       0x13 ble/libble_uart.a(nrf_log_str_formatter.c.o)
                                         0x16 (size before relaxing)
 *fill*         0x0000000000025f23        0x1 
 .rodata.str1.4
                0x0000000000025f24       0x56 ble/libble_uart.a(nrf_log_str_formatter.c.o)
 *fill*         0x0000000000025f7a        0x2 
 .rodata.m_colors
                0x0000000000025f7c       0x24 ble/libble_uart.a(nrf_log_str_formatter.c.o)
 .rodata.severity_names
                0x0000000000025fa0       0x14 ble/libble_uart.a(nrf_log_str_formatter.c.o)
 .rodata.str1.4
                0x0000000000025fb4        0x9 ble/libble_uart.a(nrf_sortlist.c.o)
 *fill*         0x0000000000025fbd        0x3 
 .rodata.str1.4
                0x0000000000025fc0        0x7 ble/libble_uart.a(nrfx_gpiote.c.o)
 *fill*         0x0000000000025fc7        0x1 
 .rodata.SEGGER_RTT_ReadNoLock.str1.4
                0x0000000000025fc8       0x17 ble/libble_uart.a(SEGGER_RTT.c.o)
 *fill*         0x0000000000025fdf        0x1 
 .rodata._aV2C.0
                0x0000000000025fe0       0x10 ble/libble_uart.a(nrf_fprintf_format.c.o)
 .rodata.svcRtxKernelGetInfo.str1.4
                0x0000000000025ff0        0xb rtx/librtx.a(rtx_kernel.o)
 *fill*         0x0000000000025ffb        0x1 
 .rodata        0x0000000000025ffc       0xa8 rtx/librtx.a(rtx_lib.o)
                0x0000000000025ffc                os_cb_sections
                0x0000000000026034                osRtxConfig
 .rodata.osRtxUserSVC
                0x00000000000260a4        0x4 rtx/librtx.a(rtx_lib.o)
                0x00000000000260a4                osRtxUserSVC
 .rodata.os_timer_mq_attr
                0x00000000000260a8       0x18 rtx/librtx.a(rtx_lib.o)
 .rodata.os_timer_thread_attr
                0x00000000000260c0       0x24 rtx/librtx.a(rtx_lib.o)
 .rodata.os_idle_thread_attr
                0x00000000000260e4       0x24 rtx/librtx.a(rtx_lib.o)
 .rodata._ctype_
                0x0000000000026108      0x101 /opt/arm-gcc/arm-none-eabi/lib/thumb/v7e-m+fp/hard/libc.a(libc_a-ctype_.o)
                0x0000000000026108                _ctype_
 *(.eh_frame*)

.glue_7         0x000000000002620c        0x0
 .glue_7        0x000000000002620c        0x0 linker stubs

.glue_7t        0x000000000002620c        0x0
 .glue_7t       0x000000000002620c        0x0 linker stubs

.vfp11_veneer   0x000000000002620c        0x0
 .vfp11_veneer  0x000000000002620c        0x0 linker stubs

.v4_bx          0x000000000002620c        0x0
 .v4_bx         0x000000000002620c        0x0 linker stubs

.iplt           0x000000000002620c        0x0
 .iplt          0x000000000002620c        0x0 main.o

.mem_section_dummy_rom

.sdh_soc_observers
                0x0000000000026209        0x0
                [!provide]                        PROVIDE (__start_sdh_soc_observers = .)
 *(SORT_BY_NAME(.sdh_soc_observers*))
                [!provide]                        PROVIDE (__stop_sdh_soc_observers = .)

.sdh_ble_observers
                0x000000000002620c       0x40
                0x000000000002620c                PROVIDE (__start_sdh_ble_observers = .)
 *(SORT_BY_NAME(.sdh_ble_observers*))
 .sdh_ble_observers0
                0x000000000002620c        0x8 ble/libble_uart.a(ble_conn_state.c.o)
 .sdh_ble_observers1
                0x0000000000026214       0x10 ble/libble_uart.a(ble_uart.c.o)
 .sdh_ble_observers1
                0x0000000000026224        0x8 ble/libble_uart.a(bsp_btn_ble.c.o)
 .sdh_ble_observers1
                0x000000000002622c        0x8 ble/libble_uart.a(ble_conn_params.c.o)
 .sdh_ble_observers2
                0x0000000000026234       0x10 ble/libble_uart.a(ble_uart.c.o)
 .sdh_ble_observers3
                0x0000000000026244        0x8 ble/libble_uart.a(ble_uart.c.o)
                0x000000000002624c                PROVIDE (__stop_sdh_ble_observers = .)

.pwr_mgmt_data  0x000000000002624c        0x0
                0x000000000002624c                PROVIDE (__start_pwr_mgmt_data = .)
 *(SORT_BY_NAME(.pwr_mgmt_data*))
                0x000000000002624c                PROVIDE (__stop_pwr_mgmt_data = .)

.sdh_req_observers
                0x000000000002624c        0x0
                0x000000000002624c                PROVIDE (__start_sdh_req_observers = .)
 *(SORT_BY_NAME(.sdh_req_observers*))
                0x000000000002624c                PROVIDE (__stop_sdh_req_observers = .)

.sdh_state_observers
                0x000000000002624c        0x0
                0x000000000002624c                PROVIDE (__start_sdh_state_observers = .)
 *(SORT_BY_NAME(.sdh_state_observers*))
                0x000000000002624c                PROVIDE (__stop_sdh_state_observers = .)

.sdh_stack_observers
                0x000000000002624c        0x8
                0x000000000002624c                PROVIDE (__start_sdh_stack_observers = .)
 *(SORT_BY_NAME(.sdh_stack_observers*))
 .sdh_stack_observers0
                0x000000000002624c        0x8 ble/libble_uart.a(nrf_sdh_ble.c.o)
                0x0000000000026254                PROVIDE (__stop_sdh_stack_observers = .)

.nrf_queue      0x0000000000026254        0x0
                [!provide]                        PROVIDE (__start_nrf_queue = .)
 *(.nrf_queue)
                [!provide]                        PROVIDE (__stop_nrf_queue = .)

.nrf_balloc     0x0000000000026254       0x14
                [!provide]                        PROVIDE (__start_nrf_balloc = .)
 *(.nrf_balloc)
 .nrf_balloc    0x0000000000026254       0x14 ble/libble_uart.a(nrf_log_frontend.c.o)
                0x0000000000026254                log_mempool
                [!provide]                        PROVIDE (__stop_nrf_balloc = .)

.cli_command    0x0000000000026268        0x0
                [!provide]                        PROVIDE (__start_cli_command = .)
 *(.cli_command)
                [!provide]                        PROVIDE (__stop_cli_command = .)

.crypto_data    0x0000000000026268        0x0
                [!provide]                        PROVIDE (__start_crypto_data = .)
 *(SORT_BY_NAME(.crypto_data*))
                [!provide]                        PROVIDE (__stop_crypto_data = .)

.log_const_data
                0x0000000000026268       0x50
                0x0000000000026268                PROVIDE (__start_log_const_data = .)
 *(SORT_BY_NAME(.log_const_data*))
 .log_const_data_GPIOTE
                0x0000000000026268        0x8 ble/libble_uart.a(nrfx_gpiote.c.o)
                0x0000000000026268                m_nrf_log_GPIOTE_logs_data_const
 .log_const_data_app
                0x0000000000026270        0x8 ble/libble_uart.a(nrf_log_frontend.c.o)
                0x0000000000026270                m_nrf_log_app_logs_data_const
 .log_const_data_app_button
                0x0000000000026278        0x8 ble/libble_uart.a(app_button.c.o)
                0x0000000000026278                m_nrf_log_app_button_logs_data_const
 .log_const_data_app_timer
                0x0000000000026280        0x8 ble/libble_uart.a(app_timer2.c.o)
                0x0000000000026280                m_nrf_log_app_timer_logs_data_const
 .log_const_data_ble_nus
                0x0000000000026288        0x8 ble/libble_uart.a(ble_nus.c.o)
                0x0000000000026288                m_nrf_log_ble_nus_logs_data_const
 .log_const_data_nrf_ble_gatt
                0x0000000000026290        0x8 ble/libble_uart.a(nrf_ble_gatt.c.o)
                0x0000000000026290                m_nrf_log_nrf_ble_gatt_logs_data_const
 .log_const_data_nrf_sdh
                0x0000000000026298        0x8 ble/libble_uart.a(nrf_sdh.c.o)
                0x0000000000026298                m_nrf_log_nrf_sdh_logs_data_const
 .log_const_data_nrf_sdh_ble
                0x00000000000262a0        0x8 ble/libble_uart.a(nrf_sdh_ble.c.o)
                0x00000000000262a0                m_nrf_log_nrf_sdh_ble_logs_data_const
 .log_const_data_pwr_mgmt
                0x00000000000262a8        0x8 ble/libble_uart.a(nrf_pwr_mgmt.c.o)
                0x00000000000262a8                m_nrf_log_pwr_mgmt_logs_data_const
 .log_const_data_sortlist
                0x00000000000262b0        0x8 ble/libble_uart.a(nrf_sortlist.c.o)
                0x00000000000262b0                m_nrf_log_sortlist_logs_data_const
                0x00000000000262b8                PROVIDE (__stop_log_const_data = .)

.log_backends   0x00000000000262b8       0x10
                [!provide]                        PROVIDE (__start_log_backends = .)
 *(SORT_BY_NAME(.log_backends*))
 .log_backends  0x00000000000262b8       0x10 ble/libble_uart.a(nrf_log_default_backends.c.o)
                [!provide]                        PROVIDE (__stop_log_backends = .)

.ARM.extab
 *(.ARM.extab* .gnu.linkonce.armextab.*)
                0x00000000000262c8                __exidx_start = .

.ARM.exidx      0x00000000000262c8        0x8
 *(.ARM.exidx* .gnu.linkonce.armexidx.*)
 .ARM.exidx.text.__udivmoddi4
                0x00000000000262c8        0x8 /opt/arm-gcc/lib/gcc/arm-none-eabi/12.2.1/thumb/v7e-m+fp/hard/libgcc.a(_udivmoddi4.o)
                0x00000000000262d0                __exidx_end = .

.rel.dyn        0x00000000000262d0        0x0
 .rel.iplt      0x00000000000262d0        0x0 main.o
                0x00000000000262d0                . = ALIGN (0x4)
                0x00000000000262d0                __etext = .

.data           0x0000000020002608      0x184 load address 0x00000000000262d0
                0x0000000020002608                __data_start__ = .
 *(vtable)
 *(.data*)
 .data.frame_buffer
                0x0000000020002608       0x19 main.o
                0x0000000020002608                frame_buffer
 *fill*         0x0000000020002621        0x3 
 .data.REVERSE  0x0000000020002624        0x4 bsp/libbsp.a(controller.o)
                0x0000000020002624                REVERSE
 .data.FORWARD  0x0000000020002628        0x4 bsp/libbsp.a(controller.o)
                0x0000000020002628                FORWARD
 .data.m_adv_uuids
                0x000000002000262c        0x4 ble/libble_uart.a(ble_uart.c.o)
 .data.m_ble_nus_max_data_len
                0x0000000020002630        0x2 ble/libble_uart.a(ble_uart.c.o)
 .data.m_conn_handle
                0x0000000020002632        0x2 ble/libble_uart.a(ble_uart.c.o)
 .data.m_nus    0x0000000020002634       0x1c ble/libble_uart.a(ble_uart.c.o)
 .data.m_nus_link_ctx_storage
                0x0000000020002650        0x8 ble/libble_uart.a(ble_uart.c.o)
 .data.m_bsp_button_tmr_data
                0x0000000020002658       0x20 ble/libble_uart.a(bsp.c.o)
 .data.m_bsp_alert_tmr_data
                0x0000000020002678       0x20 ble/libble_uart.a(bsp.c.o)
 .data.m_bsp_leds_tmr_data
                0x0000000020002698       0x20 ble/libble_uart.a(bsp.c.o)
 .data.log_backend_cb_rtt_log_backend
                0x00000000200026b8        0x8 ble/libble_uart.a(nrf_log_default_backends.c.o)
 .data.m_detection_delay_timer_id_data
                0x00000000200026c0       0x20 ble/libble_uart.a(app_button.c.o)
 .data.m_rtc_inst
                0x00000000200026e0        0x8 ble/libble_uart.a(app_timer2.c.o)
 .data.os       0x00000000200026e8       0xa4 rtx/librtx.a(rtx_kernel.o)
                0x00000000200026e8                osRtxInfo
                0x000000002000278c                . = ALIGN (0x4)
                [!provide]                        PROVIDE (__preinit_array_start = .)
 *(.preinit_array)
                [!provide]                        PROVIDE (__preinit_array_end = .)
                0x000000002000278c                . = ALIGN (0x4)
                [!provide]                        PROVIDE (__init_array_start = .)
 *(SORT_BY_NAME(.init_array.*))
 *(.init_array)
                [!provide]                        PROVIDE (__init_array_end = .)
                0x000000002000278c                . = ALIGN (0x4)
                [!provide]                        PROVIDE (__fini_array_start = .)
 *(SORT_BY_NAME(.fini_array.*))
 *(.fini_array)
                [!provide]                        PROVIDE (__fini_array_end = .)
 *(.jcr*)
                0x000000002000278c                . = ALIGN (0x4)
                0x000000002000278c                __data_end__ = .

.igot.plt       0x000000002000278c        0x0 load address 0x0000000000026454
 .igot.plt      0x000000002000278c        0x0 main.o
                0x000000002000278c                . = ALIGN (0x4)

.mem_section_dummy_ram

.cli_sorted_cmd_ptrs
                0x000000002000278c        0x0
                [!provide]                        PROVIDE (__start_cli_sorted_cmd_ptrs = .)
 *(.cli_sorted_cmd_ptrs)
                [!provide]                        PROVIDE (__stop_cli_sorted_cmd_ptrs = .)

.fs_data        0x000000002000278c        0x0
                [!provide]                        PROVIDE (__start_fs_data = .)
 *(.fs_data)
                [!provide]                        PROVIDE (__stop_fs_data = .)

.log_dynamic_data
                0x000000002000278c        0x0
                0x000000002000278c                PROVIDE (__start_log_dynamic_data = .)
 *(SORT_BY_NAME(.log_dynamic_data*))
                [!provide]                        PROVIDE (__stop_log_dynamic_data = .)

.log_filter_data
                0x000000002000278c        0x0
                [!provide]                        PROVIDE (__start_log_filter_data = .)
 *(SORT_BY_NAME(.log_filter_data*))
                [!provide]                        PROVIDE (__stop_log_filter_data = .)

.bss            0x0000000020002790     0x932c load address 0x0000000000026458
                0x0000000020002790                . = ALIGN (0x4)
                0x0000000020002790                __bss_start__ = .
 *(.bss*)
 .bss.count     0x0000000020002790        0x4 main.o
 .bss.cmd_len   0x0000000020002794        0x4 main.o
                0x0000000020002794                cmd_len
 .bss.cmd_buf   0x0000000020002798      0x100 main.o
                0x0000000020002798                cmd_buf
 .bss.ble_task  0x0000000020002898        0x4 main.o
                0x0000000020002898                ble_task
 .bss.SystemCoreClock
                0x000000002000289c        0x4 bsp/libbsp.a(system.o)
                0x000000002000289c                SystemCoreClock
 .bss.duty_cycle
                0x00000000200028a0        0x4 bsp/libbsp.a(audio.o)
 .bss.mag_data  0x00000000200028a4        0x3 bsp/libbsp.a(lsm303agr.o)
                0x00000000200028a4                mag_data
 *fill*         0x00000000200028a7        0x1 
 .bss.acc_data  0x00000000200028a8        0x3 bsp/libbsp.a(lsm303agr.o)
                0x00000000200028a8                acc_data
 *fill*         0x00000000200028ab        0x1 
 .bss.s_sequenceB
                0x00000000200028ac        0x4 bsp/libbsp.a(servo.o)
 .bss.s_sequenceA
                0x00000000200028b0        0x4 bsp/libbsp.a(servo.o)
 .bss.s_sequence
                0x00000000200028b4        0x4 bsp/libbsp.a(pwm.o)
 .bss.data_array.0
                0x00000000200028b8       0xf4 ble/libble_uart.a(ble_uart.c.o)
 .bss.index.1   0x00000000200029ac        0x1 ble/libble_uart.a(ble_uart.c.o)
 *fill*         0x00000000200029ad        0x3 
 .bss.m_advertising
                0x00000000200029b0       0xf8 ble/libble_uart.a(ble_uart.c.o)
 .bss.m_qwr     0x0000000020002aa8        0xc ble/libble_uart.a(ble_uart.c.o)
 .bss.m_gatt    0x0000000020002ab4       0x14 ble/libble_uart.a(ble_uart.c.o)
 .bss.m_nus_link_ctx_storage_ctx_data_pool
                0x0000000020002ac8        0x4 ble/libble_uart.a(ble_uart.c.o)
 .bss.m_ble_recv_handler
                0x0000000020002acc        0x4 ble/libble_uart.a(ble_uart.c.o)
                0x0000000020002acc                m_ble_recv_handler
 .bss.release_event_at_push.0
                0x0000000020002ad0        0x2 ble/libble_uart.a(bsp.c.o)
 .bss.current_long_push_pin_no.1
                0x0000000020002ad2        0x1 ble/libble_uart.a(bsp.c.o)
 *fill*         0x0000000020002ad3        0x1 
 .bss.m_events_list
                0x0000000020002ad4        0x6 ble/libble_uart.a(bsp.c.o)
 *fill*         0x0000000020002ada        0x2 
 .bss.m_registered_callback
                0x0000000020002adc        0x4 ble/libble_uart.a(bsp.c.o)
 .bss.m_alert_on
                0x0000000020002ae0        0x1 ble/libble_uart.a(bsp.c.o)
 *fill*         0x0000000020002ae1        0x3 
 .bss.m_indication_type
                0x0000000020002ae4        0x4 ble/libble_uart.a(bsp.c.o)
 .bss.m_leds_clear
                0x0000000020002ae8        0x1 ble/libble_uart.a(bsp.c.o)
 .bss.m_stable_state
                0x0000000020002ae9        0x1 ble/libble_uart.a(bsp.c.o)
 *fill*         0x0000000020002aea        0x2 
 .bss.m_num_connections
                0x0000000020002aec        0x4 ble/libble_uart.a(bsp_btn_ble.c.o)
 .bss.m_error_handler
                0x0000000020002af0        0x4 ble/libble_uart.a(bsp_btn_ble.c.o)
 .bss.m_log_data
                0x0000000020002af4      0x420 ble/libble_uart.a(nrf_log_frontend.c.o)
 .bss.m_log_push_ringbuf_cb
                0x0000000020002f14       0x18 ble/libble_uart.a(nrf_log_frontend.c.o)
 .bss.m_log_push_ringbuf_buf
                0x0000000020002f2c       0x80 ble/libble_uart.a(nrf_log_frontend.c.o)
 .bss.log_mempool_nrf_balloc_cb
                0x0000000020002fac        0x8 ble/libble_uart.a(nrf_log_frontend.c.o)
 .bss.log_mempool_nrf_balloc_pool_mem
                0x0000000020002fb4       0xc0 ble/libble_uart.a(nrf_log_frontend.c.o)
 .bss.log_mempool_nrf_balloc_pool_stack
                0x0000000020003074        0x8 ble/libble_uart.a(nrf_log_frontend.c.o)
 .bss.m_handlers_iter
                0x000000002000307c        0x8 ble/libble_uart.a(nrf_pwr_mgmt.c.o)
 .bss.m_shutdown_started
                0x0000000020003084        0x1 ble/libble_uart.a(nrf_pwr_mgmt.c.o)
 *fill*         0x0000000020003085        0x3 
 .bss.m_sysoff_mtx
                0x0000000020003088        0x4 ble/libble_uart.a(nrf_pwr_mgmt.c.o)
 .bss.m_nrf_sdh_continue
                0x000000002000308c        0x1 ble/libble_uart.a(nrf_sdh.c.o)
 .bss.m_nrf_sdh_suspended
                0x000000002000308d        0x1 ble/libble_uart.a(nrf_sdh.c.o)
 .bss.m_nrf_sdh_enabled
                0x000000002000308e        0x1 ble/libble_uart.a(nrf_sdh.c.o)
 .bss.m_stack_is_enabled
                0x000000002000308f        0x1 ble/libble_uart.a(nrf_sdh_ble.c.o)
 .bss.m_pin_states
                0x0000000020003090       0x20 ble/libble_uart.a(app_button.c.o)
 .bss.m_pin_active
                0x00000000200030b0        0x8 ble/libble_uart.a(app_button.c.o)
 .bss.m_detection_delay
                0x00000000200030b8        0x4 ble/libble_uart.a(app_button.c.o)
 .bss.m_button_count
                0x00000000200030bc        0x1 ble/libble_uart.a(app_button.c.o)
 *fill*         0x00000000200030bd        0x3 
 .bss.mp_buttons
                0x00000000200030c0        0x4 ble/libble_uart.a(app_button.c.o)
 .bss.m_app_timer_sortlist_sortlist_cb
                0x00000000200030c4        0x4 ble/libble_uart.a(app_timer2.c.o)
 .bss.m_req_fifo_inst
                0x00000000200030c8       0x10 ble/libble_uart.a(app_timer2.c.o)
 .bss.m_req_fifo_data
                0x00000000200030d8       0x58 ble/libble_uart.a(app_timer2.c.o)
 .bss.m_stamp64
                0x0000000020003130        0x8 ble/libble_uart.a(app_timer2.c.o)
 .bss.m_base_counter
                0x0000000020003138        0x8 ble/libble_uart.a(app_timer2.c.o)
 .bss.m_global_active
                0x0000000020003140        0x1 ble/libble_uart.a(app_timer2.c.o)
 *fill*         0x0000000020003141        0x3 
 .bss.mp_active_timer
                0x0000000020003144        0x4 ble/libble_uart.a(app_timer2.c.o)
 .bss.nrf_nvic_state
                0x0000000020003148        0xc ble/libble_uart.a(app_util_platform.c.o)
                0x0000000020003148                nrf_nvic_state
 .bss.m_preferred_conn_params
                0x0000000020003154        0x8 ble/libble_uart.a(ble_conn_params.c.o)
 .bss.m_conn_params_config
                0x000000002000315c       0x1c ble/libble_uart.a(ble_conn_params.c.o)
 .bss.m_conn_params_instances
                0x0000000020003178       0x14 ble/libble_uart.a(ble_conn_params.c.o)
 *fill*         0x000000002000318c        0x4 
 .bss.m_timer_data
                0x0000000020003190       0x20 ble/libble_uart.a(ble_conn_params.c.o)
 .bss.m_cb      0x00000000200031b0        0x8 ble/libble_uart.a(drv_rtc.c.o)
 .bss.m_handlers
                0x00000000200031b8        0x4 ble/libble_uart.a(drv_rtc.c.o)
 .bss.m_string_buff
                0x00000000200031bc       0x40 ble/libble_uart.a(nrf_log_backend_rtt.c.o)
 .bss.m_host_present
                0x00000000200031fc        0x1 ble/libble_uart.a(nrf_log_backend_rtt.c.o)
 *fill*         0x00000000200031fd        0x3 
 .bss.m_cb      0x0000000020003200       0x68 ble/libble_uart.a(nrfx_gpiote.c.o)
 .bss._acDownBuffer
                0x0000000020003268       0x10 ble/libble_uart.a(SEGGER_RTT.c.o)
 .bss._acUpBuffer
                0x0000000020003278      0x200 ble/libble_uart.a(SEGGER_RTT.c.o)
 .bss._SEGGER_RTT
                0x0000000020003478       0x78 ble/libble_uart.a(SEGGER_RTT.c.o)
                0x0000000020003478                _SEGGER_RTT
 .bss.m_bcs     0x00000000200034f0       0x7c ble/libble_uart.a(ble_conn_state.c.o)
 .bss.os.msgqueue.mem
                0x000000002000356c       0x50 rtx/librtx.a(rtx_lib.o)
 .bss.os.msgqueue.cb
                0x00000000200035bc       0x34 rtx/librtx.a(rtx_lib.o)
 .bss.os.thread.timer.stack
                0x00000000200035f0      0x200 rtx/librtx.a(rtx_lib.o)
 .bss.os.thread.cb
                0x00000000200037f0       0x88 rtx/librtx.a(rtx_lib.o)
 .bss.os.thread.idle.stack
                0x0000000020003878      0x200 rtx/librtx.a(rtx_lib.o)
 .bss.os        0x0000000020003a78     0x8040 rtx/librtx.a(rtx_lib.o)
 .bss.os        0x000000002000bab8        0x1 rtx/librtx.a(os_systick.o)
 *(COMMON)
                0x000000002000babc                . = ALIGN (0x4)
 *fill*         0x000000002000bab9        0x3 
                0x000000002000babc                __bss_end__ = .

.heap           0x000000002000babc        0x0
                0x000000002000babc                __HeapBase = .
                0x000000002000babc                __end__ = .
                0x000000002000babc                PROVIDE (end = .)
 *(.heap*)
                0x000000002000babc                __HeapLimit = .

.stack_dummy    0x000000002000babc     0x2000
 *(.stack*)
 .stack         0x000000002000babc     0x2000 bsp/libbsp.a(startup.o)
                0x000000002000babc                stack
                0x0000000020020000                __StackTop = (ORIGIN (RAM) + LENGTH (RAM))
                0x000000002001e000                __StackLimit = (__StackTop - SIZEOF (.stack_dummy))
                [!provide]                        PROVIDE (__stack = __StackTop)
                0x0000000000000001                ASSERT ((__StackLimit >= __HeapLimit), region RAM overflowed with stack)
                0x0000000000000188                DataInitFlashUsed = (__bss_start__ - __data_start__)
                0x000000000000a2d0                CodeFlashUsed = (__etext - ORIGIN (FLASH))
                0x000000000000a458                TotalFlashUsed = (CodeFlashUsed + DataInitFlashUsed)
                0x0000000000000001                ASSERT ((TotalFlashUsed <= LENGTH (FLASH)), region FLASH overflowed with .data and user data)
LOAD main.o
LOAD bsp/libbsp.a
LOAD ble/libble_uart.a
LOAD rtx/librtx.a
LOAD /opt/arm-gcc/arm-none-eabi/lib/thumb/v7e-m+fp/hard/libm.a
LOAD /opt/arm-gcc/arm-none-eabi/lib/thumb/v7e-m+fp/hard/libc.a
LOAD /opt/arm-gcc/lib/gcc/arm-none-eabi/12.2.1/thumb/v7e-m+fp/hard/libgcc.a
LOAD /opt/arm-gcc/arm-none-eabi/lib/thumb/v7e-m+fp/hard/libnosys.a
OUTPUT(app.out elf32-littlearm)
LOAD linker stubs

.debug_info     0x0000000000000000    0x584bf
 .debug_info    0x0000000000000000     0x2132 main.o
 .debug_info    0x0000000000002132      0x2e9 bsp/libbsp.a(startup.o)
 .debug_info    0x000000000000241b       0x75 bsp/libbsp.a(system.o)
 .debug_info    0x0000000000002490     0x14ce bsp/libbsp.a(board.o)
 .debug_info    0x000000000000395e      0x20a bsp/libbsp.a(controller.o)
 .debug_info    0x0000000000003b68      0x29d bsp/libbsp.a(serial.o)
 .debug_info    0x0000000000003e05      0x22b bsp/libbsp.a(gpio.o)
 .debug_info    0x0000000000004030     0x1ad7 bsp/libbsp.a(lib.o)
 .debug_info    0x0000000000005b07      0x6f9 bsp/libbsp.a(audio.o)
 .debug_info    0x0000000000006200      0x105 bsp/libbsp.a(rng.o)
 .debug_info    0x0000000000006305     0x2075 bsp/libbsp.a(lsm303agr.o)
 .debug_info    0x000000000000837a      0x1d3 bsp/libbsp.a(servo.o)
 .debug_info    0x000000000000854d      0x165 bsp/libbsp.a(pwm.o)
 .debug_info    0x00000000000086b2      0x19f bsp/libbsp.a(adc.o)
 .debug_info    0x0000000000008851      0x15f bsp/libbsp.a(i2c.o)
 .debug_info    0x00000000000089b0     0x4554 ble/libble_uart.a(ble_uart.c.o)
 .debug_info    0x000000000000cf04     0x14f9 ble/libble_uart.a(bsp.c.o)
 .debug_info    0x000000000000e3fd     0x1c10 ble/libble_uart.a(bsp_btn_ble.c.o)
 .debug_info    0x000000000001000d     0x26a7 ble/libble_uart.a(nrf_ble_gatt.c.o)
 .debug_info    0x00000000000126b4     0x1d2a ble/libble_uart.a(nrf_ble_qwr.c.o)
 .debug_info    0x00000000000143de      0x2fc ble/libble_uart.a(nrf_log_default_backends.c.o)
 .debug_info    0x00000000000146da     0x3b4f ble/libble_uart.a(nrf_log_frontend.c.o)
 .debug_info    0x0000000000018229      0xb84 ble/libble_uart.a(nrf_memobj.c.o)
 .debug_info    0x0000000000018dad     0x12d4 ble/libble_uart.a(nrf_pwr_mgmt.c.o)
 .debug_info    0x000000000001a081      0x62d ble/libble_uart.a(nrf_ringbuf.c.o)
 .debug_info    0x000000000001a6ae     0x1835 ble/libble_uart.a(nrf_sdh.c.o)
 .debug_info    0x000000000001bee3     0x28e9 ble/libble_uart.a(nrf_sdh_ble.c.o)
 .debug_info    0x000000000001e7cc      0x19a ble/libble_uart.a(nrf_section_iter.c.o)
 .debug_info    0x000000000001e966      0x275 ble/libble_uart.a(nrf_strerror.c.o)
 .debug_info    0x000000000001ebdb     0x12e0 ble/libble_uart.a(app_button.c.o)
 .debug_info    0x000000000001febb      0x2be ble/libble_uart.a(app_error.c.o)
 .debug_info    0x0000000000020179      0x478 ble/libble_uart.a(app_error_weak.c.o)
 .debug_info    0x00000000000205f1     0x1958 ble/libble_uart.a(app_timer2.c.o)
 .debug_info    0x0000000000021f49      0x9dc ble/libble_uart.a(app_util_platform.c.o)
 .debug_info    0x0000000000022925     0x2f9d ble/libble_uart.a(ble_advertising.c.o)
 .debug_info    0x00000000000258c2     0x292c ble/libble_uart.a(ble_conn_params.c.o)
 .debug_info    0x00000000000281ee     0x260a ble/libble_uart.a(ble_nus.c.o)
 .debug_info    0x000000000002a7f8      0xd8f ble/libble_uart.a(ble_srv_common.c.o)
 .debug_info    0x000000000002b587      0xeb8 ble/libble_uart.a(boards.c.o)
 .debug_info    0x000000000002c43f     0x20c2 ble/libble_uart.a(drv_rtc.c.o)
 .debug_info    0x000000000002e501      0xb02 ble/libble_uart.a(nrf_atfifo.c.o)
 .debug_info    0x000000000002f003      0xa65 ble/libble_uart.a(nrf_atomic.c.o)
 .debug_info    0x000000000002fa68      0x3d1 ble/libble_uart.a(nrf_balloc.c.o)
 .debug_info    0x000000000002fe39      0x5a5 ble/libble_uart.a(nrf_log_backend_rtt.c.o)
 .debug_info    0x00000000000303de      0x7c7 ble/libble_uart.a(nrf_log_backend_serial.c.o)
 .debug_info    0x0000000000030ba5      0x848 ble/libble_uart.a(nrf_log_str_formatter.c.o)
 .debug_info    0x00000000000313ed      0x3a9 ble/libble_uart.a(nrf_sortlist.c.o)
 .debug_info    0x0000000000031796     0x3cc1 ble/libble_uart.a(nrfx_gpiote.c.o)
 .debug_info    0x0000000000035457     0x2ff4 ble/libble_uart.a(SEGGER_RTT.c.o)
 .debug_info    0x000000000003844b     0x1fb1 ble/libble_uart.a(ble_advdata.c.o)
 .debug_info    0x000000000003a3fc      0x1b2 ble/libble_uart.a(ble_link_ctx_manager.c.o)
 .debug_info    0x000000000003a5ae      0x250 ble/libble_uart.a(nrf_fprintf.c.o)
 .debug_info    0x000000000003a7fe      0xc29 ble/libble_uart.a(nrf_fprintf_format.c.o)
 .debug_info    0x000000000003b427     0x2c73 ble/libble_uart.a(ble_conn_state.c.o)
 .debug_info    0x000000000003e09a      0x71f ble/libble_uart.a(nrf_atflags.c.o)
 .debug_info    0x000000000003e7b9     0x33f2 rtx/librtx.a(rtx_kernel.o)
 .debug_info    0x0000000000041bab     0x1ecf rtx/librtx.a(rtx_evr.o)
 .debug_info    0x0000000000043a7a      0xc38 rtx/librtx.a(rtx_lib.o)
 .debug_info    0x00000000000446b2      0x639 rtx/librtx.a(rtx_memory.o)
 .debug_info    0x0000000000044ceb     0x34e0 rtx/librtx.a(rtx_mempool.o)
 .debug_info    0x00000000000481cb     0x11fd rtx/librtx.a(rtx_system.o)
 .debug_info    0x00000000000493c8     0x6adf rtx/librtx.a(rtx_thread.o)
 .debug_info    0x000000000004fea7     0x1fb6 rtx/librtx.a(rtx_timer.o)
 .debug_info    0x0000000000051e5d      0x453 rtx/librtx.a(os_systick.o)
 .debug_info    0x00000000000522b0      0x100 rtx/librtx.a(RTX_Config.o)
 .debug_info    0x00000000000523b0       0x45 rtx/librtx.a(irq_armv7m.o)
 .debug_info    0x00000000000523f5     0x41f0 rtx/librtx.a(rtx_msgqueue.o)
 .debug_info    0x00000000000565e5     0x1eda rtx/librtx.a(rtx_mutex.o)

.debug_abbrev   0x0000000000000000     0xc57d
 .debug_abbrev  0x0000000000000000      0x3e3 main.o
 .debug_abbrev  0x00000000000003e3      0x1d0 bsp/libbsp.a(startup.o)
 .debug_abbrev  0x00000000000005b3       0x74 bsp/libbsp.a(system.o)
 .debug_abbrev  0x0000000000000627      0x2d4 bsp/libbsp.a(board.o)
 .debug_abbrev  0x00000000000008fb       0xbd bsp/libbsp.a(controller.o)
 .debug_abbrev  0x00000000000009b8      0x183 bsp/libbsp.a(serial.o)
 .debug_abbrev  0x0000000000000b3b       0xef bsp/libbsp.a(gpio.o)
 .debug_abbrev  0x0000000000000c2a      0x36f bsp/libbsp.a(lib.o)
 .debug_abbrev  0x0000000000000f99      0x26c bsp/libbsp.a(audio.o)
 .debug_abbrev  0x0000000000001205       0xd5 bsp/libbsp.a(rng.o)
 .debug_abbrev  0x00000000000012da      0x367 bsp/libbsp.a(lsm303agr.o)
 .debug_abbrev  0x0000000000001641       0xf6 bsp/libbsp.a(servo.o)
 .debug_abbrev  0x0000000000001737       0xcf bsp/libbsp.a(pwm.o)
 .debug_abbrev  0x0000000000001806      0x128 bsp/libbsp.a(adc.o)
 .debug_abbrev  0x000000000000192e       0xdd bsp/libbsp.a(i2c.o)
 .debug_abbrev  0x0000000000001a0b      0x5b8 ble/libble_uart.a(ble_uart.c.o)
 .debug_abbrev  0x0000000000001fc3      0x4db ble/libble_uart.a(bsp.c.o)
 .debug_abbrev  0x000000000000249e      0x328 ble/libble_uart.a(bsp_btn_ble.c.o)
 .debug_abbrev  0x00000000000027c6      0x47e ble/libble_uart.a(nrf_ble_gatt.c.o)
 .debug_abbrev  0x0000000000002c44      0x352 ble/libble_uart.a(nrf_ble_qwr.c.o)
 .debug_abbrev  0x0000000000002f96      0x1a4 ble/libble_uart.a(nrf_log_default_backends.c.o)
 .debug_abbrev  0x000000000000313a      0x5d1 ble/libble_uart.a(nrf_log_frontend.c.o)
 .debug_abbrev  0x000000000000370b      0x2b7 ble/libble_uart.a(nrf_memobj.c.o)
 .debug_abbrev  0x00000000000039c2      0x4a8 ble/libble_uart.a(nrf_pwr_mgmt.c.o)
 .debug_abbrev  0x0000000000003e6a      0x187 ble/libble_uart.a(nrf_ringbuf.c.o)
 .debug_abbrev  0x0000000000003ff1      0x521 ble/libble_uart.a(nrf_sdh.c.o)
 .debug_abbrev  0x0000000000004512      0x49a ble/libble_uart.a(nrf_sdh_ble.c.o)
 .debug_abbrev  0x00000000000049ac       0xbc ble/libble_uart.a(nrf_section_iter.c.o)
 .debug_abbrev  0x0000000000004a68      0x15d ble/libble_uart.a(nrf_strerror.c.o)
 .debug_abbrev  0x0000000000004bc5      0x3e7 ble/libble_uart.a(app_button.c.o)
 .debug_abbrev  0x0000000000004fac      0x147 ble/libble_uart.a(app_error.c.o)
 .debug_abbrev  0x00000000000050f3      0x23a ble/libble_uart.a(app_error_weak.c.o)
 .debug_abbrev  0x000000000000532d      0x551 ble/libble_uart.a(app_timer2.c.o)
 .debug_abbrev  0x000000000000587e      0x311 ble/libble_uart.a(app_util_platform.c.o)