Archive member included to satisfy reference by file (symbol)

bsp/libbsp.a(startup.o)       (Reset_Handler)
bsp/libbsp.a(system.o)        bsp/libbsp.a(startup.o) (SystemInit)
bsp/libbsp.a(board.o)         main.o (board_init)
bsp/libbsp.a(servo.o)         bsp/libbsp.a(board.o) (servo_init)
bsp/libbsp.a(controller.o)    main.o (turn_ctrlr)
bsp/libbsp.a(serial.o)        bsp/libbsp.a(board.o) (serial_init)
bsp/libbsp.a(gpio.o)          bsp/libbsp.a(board.o) (gpio_in)
bsp/libbsp.a(lib.o)           main.o (printf)
bsp/libbsp.a(audio.o)         bsp/libbsp.a(board.o) (audio_init)
bsp/libbsp.a(rng.o)           bsp/libbsp.a(board.o) (rng_init)
bsp/libbsp.a(lsm303agr.o)     bsp/libbsp.a(board.o) (IMUinit)
bsp/libbsp.a(pwm.o)           bsp/libbsp.a(audio.o) (pwm_init)
bsp/libbsp.a(adc.o)           bsp/libbsp.a(audio.o) (adc_init)
bsp/libbsp.a(i2c.o)           bsp/libbsp.a(lsm303agr.o) (i2c_init)
ble/libble_uart.a(ble_uart.c.o)
                              main.o (ble_send)
ble/libble_uart.a(bsp_btn_ble.c.o)
                              ble/libble_uart.a(ble_uart.c.o) (bsp_btn_ble_sleep_mode_prepare)
ble/libble_uart.a(bsp.c.o)    ble/libble_uart.a(bsp_btn_ble.c.o) (bsp_button_is_pressed)
ble/libble_uart.a(nrf_ble_gatt.c.o)
                              ble/libble_uart.a(ble_uart.c.o) (nrf_ble_gatt_init)
ble/libble_uart.a(nrf_ble_qwr.c.o)
                              ble/libble_uart.a(ble_uart.c.o) (nrf_ble_qwr_init)
ble/libble_uart.a(nrf_log_default_backends.c.o)
                              ble/libble_uart.a(ble_uart.c.o) (nrf_log_default_backends_init)
ble/libble_uart.a(nrf_log_frontend.c.o)
                              ble/libble_uart.a(ble_uart.c.o) (nrf_log_init)
ble/libble_uart.a(nrf_memobj.c.o)
                              ble/libble_uart.a(nrf_log_frontend.c.o) (nrf_memobj_pool_init)
ble/libble_uart.a(nrf_pwr_mgmt.c.o)
                              ble/libble_uart.a(ble_uart.c.o) (nrf_pwr_mgmt_init)
ble/libble_uart.a(nrf_ringbuf.c.o)
                              ble/libble_uart.a(nrf_log_frontend.c.o) (nrf_ringbuf_init)
ble/libble_uart.a(nrf_sdh_ble.c.o)
                              ble/libble_uart.a(ble_uart.c.o) (nrf_sdh_ble_default_cfg_set)
ble/libble_uart.a(nrf_sdh.c.o)
                              ble/libble_uart.a(ble_uart.c.o) (nrf_sdh_enable_request)
ble/libble_uart.a(nrf_section_iter.c.o)
                              ble/libble_uart.a(nrf_pwr_mgmt.c.o) (nrf_section_iter_init)
ble/libble_uart.a(nrf_strerror.c.o)
                              ble/libble_uart.a(nrf_ble_gatt.c.o) (nrf_strerror_get)
ble/libble_uart.a(app_button.c.o)
                              ble/libble_uart.a(bsp.c.o) (app_button_init)
ble/libble_uart.a(app_error.c.o)
                              ble/libble_uart.a(ble_uart.c.o) (app_error_handler_bare)
ble/libble_uart.a(app_error_handler_gcc.c.o)
                              ble/libble_uart.a(ble_uart.c.o) (app_error_handler)
ble/libble_uart.a(app_error_weak.c.o)
                              ble/libble_uart.a(nrf_sdh.c.o) (app_error_fault_handler)
ble/libble_uart.a(app_timer2.c.o)
                              ble/libble_uart.a(ble_uart.c.o) (app_timer_init)
ble/libble_uart.a(app_util_platform.c.o)
                              ble/libble_uart.a(nrf_log_frontend.c.o) (app_util_critical_region_enter)
ble/libble_uart.a(ble_advertising.c.o)
                              ble/libble_uart.a(ble_uart.c.o) (ble_advertising_conn_cfg_tag_set)
ble/libble_uart.a(ble_conn_params.c.o)
                              ble/libble_uart.a(ble_uart.c.o) (ble_conn_params_init)
ble/libble_uart.a(ble_nus.c.o)
                              ble/libble_uart.a(ble_uart.c.o) (ble_nus_on_ble_evt)
ble/libble_uart.a(ble_srv_common.c.o)
                              ble/libble_uart.a(ble_conn_params.c.o) (ble_srv_is_notification_enabled)
ble/libble_uart.a(boards.c.o)
                              ble/libble_uart.a(bsp.c.o) (bsp_board_led_state_get)
ble/libble_uart.a(drv_rtc.c.o)
                              ble/libble_uart.a(app_timer2.c.o) (drv_rtc_init)
ble/libble_uart.a(nrf_atfifo.c.o)
                              ble/libble_uart.a(app_timer2.c.o) (nrf_atfifo_init)
ble/libble_uart.a(nrf_atomic.c.o)
                              ble/libble_uart.a(nrf_log_frontend.c.o) (nrf_atomic_u32_fetch_store)
ble/libble_uart.a(nrf_balloc.c.o)
                              ble/libble_uart.a(nrf_memobj.c.o) (nrf_balloc_init)
ble/libble_uart.a(nrf_log_backend_rtt.c.o)
                              ble/libble_uart.a(nrf_log_default_backends.c.o) (nrf_log_backend_rtt_init)
ble/libble_uart.a(nrf_log_backend_serial.c.o)
                              ble/libble_uart.a(nrf_log_backend_rtt.c.o) (nrf_log_backend_serial_put)
ble/libble_uart.a(nrf_log_str_formatter.c.o)
                              ble/libble_uart.a(nrf_log_backend_serial.c.o) (nrf_log_std_entry_process)
ble/libble_uart.a(nrf_sortlist.c.o)
                              ble/libble_uart.a(app_timer2.c.o) (nrf_sortlist_add)
ble/libble_uart.a(nrfx_gpiote.c.o)
[...]
Memory Configuration

Name             Origin             Length             Attributes
FLASH            0x000000000001c000 0x0000000000064000 xr
RAM              0x0000000020002608 0x000000000001d9f8 xrw
*default*        0x0000000000000000 0xffffffffffffffff

Linker script and memory map


.text           0x000000000001c000     0xd5d1
 *(.isr_vector)
 .isr_vector    0x000000000001c000      0x200 bsp/libbsp.a(startup.o)
                0x000000000001c000                vector_table
 *(.text*)
 .text.task_ctrl
                0x000000000001c200       0x98 main.o
                0x000000000001c200                task_ctrl
 .text.ble_recv_handler
                0x000000000001c298       0x50 main.o
 .text.bluetooth
                0x000000000001c2e8      0x1d4 main.o
                0x000000000001c2e8                bluetooth
 .text.task_cmd
                0x000000000001c4bc      0x1dc main.o
                0x000000000001c4bc                task_cmd
 .text.estimate_heading
                0x000000000001c698      0x298 main.o
                0x000000000001c698                estimate_heading
 .text.print_task
                0x000000000001c930       0x28 main.o
                0x000000000001c930                print_task
 .text.task_imu
                0x000000000001c958      0x120 main.o
                0x000000000001c958                task_imu
 .text.startup.main
                0x000000000001ca78       0x54 main.o
                0x000000000001ca78                main
 .text.UsageFaultHandler
                0x000000000001cacc        0xc bsp/libbsp.a(startup.o)
 .text.BusFaultHandler
                0x000000000001cad8        0xc bsp/libbsp.a(startup.o)
 .text.HardFaultHandler
                0x000000000001cae4        0xc bsp/libbsp.a(startup.o)
 .text.IntDefaultHandler
                0x000000000001caf0        0xc bsp/libbsp.a(startup.o)
 .text.Reset_Handler
                0x000000000001cafc       0xa4 bsp/libbsp.a(startup.o)
                0x000000000001cafc                Reset_Handler
 .text.SystemInit
                0x000000000001cba0       0x30 bsp/libbsp.a(system.o)
                0x000000000001cba0                SystemInit
 .text.delay_us.constprop.0
                0x000000000001cbd0       0x84 bsp/libbsp.a(board.o)
 .text.board_init
                0x000000000001cc54       0x94 bsp/libbsp.a(board.o)
                0x000000000001cc54                board_init
 .text.delay_ms
                0x000000000001cce8       0x10 bsp/libbsp.a(board.o)
                0x000000000001cce8                delay_ms
 .text.led_blink
                0x000000000001ccf8       0x80 bsp/libbsp.a(board.o)
                0x000000000001ccf8                led_blink
 .text.servo_init
                0x000000000001cd78       0x3c bsp/libbsp.a(servo.o)
                0x000000000001cd78                servo_init
 .text.servo_out
                0x000000000001cdb4      0x140 bsp/libbsp.a(servo.o)
                0x000000000001cdb4                servo_out
 .text.turn_ctrlr
                0x000000000001cef4       0x50 bsp/libbsp.a(controller.o)
                0x000000000001cef4                turn_ctrlr
 .text.move_ctrlr
                0x000000000001cf44        0xc bsp/libbsp.a(controller.o)
                0x000000000001cf44                move_ctrlr
 .text.serial_init
                0x000000000001cf50       0x50 bsp/libbsp.a(serial.o)
                0x000000000001cf50                serial_init
 .text.print_buf
                0x000000000001cfa0       0x34 bsp/libbsp.a(serial.o)
                0x000000000001cfa0                print_buf
 .text.gpio_in  0x000000000001cfd4       0x18 bsp/libbsp.a(gpio.o)
                0x000000000001cfd4                gpio_in
 .text.gpio_out
                0x000000000001cfec       0x38 bsp/libbsp.a(gpio.o)
                0x000000000001cfec                gpio_out
 .text.gpio_set
                0x000000000001d024       0x1c bsp/libbsp.a(gpio.o)
                0x000000000001d024                gpio_set
 .text.gpio_clear
                0x000000000001d040       0x1c bsp/libbsp.a(gpio.o)
                0x000000000001d040                gpio_clear
 .text.printf   0x000000000001d05c      0x31c bsp/libbsp.a(lib.o)
                0x000000000001d05c                printf
 .text.audio_init
                0x000000000001d378       0x38 bsp/libbsp.a(audio.o)
                0x000000000001d378                audio_init
 .text.audio_sweep
                0x000000000001d3b0       0x38 bsp/libbsp.a(audio.o)
                0x000000000001d3b0                audio_sweep
 .text.rng_init
                0x000000000001d3e8       0x18 bsp/libbsp.a(rng.o)
                0x000000000001d3e8                rng_init
 .text.accInit  0x000000000001d400       0xc0 bsp/libbsp.a(lsm303agr.o)
                0x000000000001d400                accInit
 .text.magInit  0x000000000001d4c0       0x88 bsp/libbsp.a(lsm303agr.o)
                0x000000000001d4c0                magInit
 .text.IMUinit  0x000000000001d548       0x34 bsp/libbsp.a(lsm303agr.o)
                0x000000000001d548                IMUinit
 .text.getACCLSB
                0x000000000001d57c       0xc8 bsp/libbsp.a(lsm303agr.o)
                0x000000000001d57c                getACCLSB
 .text.accReadXYZ
                0x000000000001d644       0xfc bsp/libbsp.a(lsm303agr.o)
                0x000000000001d644                accReadXYZ
 .text.magReadXYZ
                0x000000000001d740       0xd4 bsp/libbsp.a(lsm303agr.o)
                0x000000000001d740                magReadXYZ
 .text.pwm_init
                0x000000000001d814       0x18 bsp/libbsp.a(pwm.o)
                0x000000000001d814                pwm_init
 .text.pwm_out  0x000000000001d82c       0x90 bsp/libbsp.a(pwm.o)
                0x000000000001d82c                pwm_out
 .text.adc_init
                0x000000000001d8bc       0x34 bsp/libbsp.a(adc.o)
                0x000000000001d8bc                adc_init
 .text.i2c_init
                0x000000000001d8f0       0x24 bsp/libbsp.a(i2c.o)
                0x000000000001d8f0                i2c_init
 .text.i2c_read_reg
                0x000000000001d914       0x64 bsp/libbsp.a(i2c.o)
                0x000000000001d914                i2c_read_reg
 .text.i2c_write_reg
                0x000000000001d978       0x54 bsp/libbsp.a(i2c.o)
                0x000000000001d978                i2c_write_reg
 .text.sd_ble_gap_disconnect
                0x000000000001d9cc        0x4 ble/libble_uart.a(ble_uart.c.o)
 .text.sd_ble_gap_ppcp_set
                0x000000000001d9d0        0x4 ble/libble_uart.a(ble_uart.c.o)
 .text.sd_ble_gap_device_name_set
                0x000000000001d9d4        0x4 ble/libble_uart.a(ble_uart.c.o)
 .text.sd_ble_gap_sec_params_reply
                0x000000000001d9d8        0x4 ble/libble_uart.a(ble_uart.c.o)
 .text.sd_ble_gap_phy_update
                0x000000000001d9dc        0x4 ble/libble_uart.a(ble_uart.c.o)
 .text.sd_ble_gatts_sys_attr_set
                0x000000000001d9e0        0x4 ble/libble_uart.a(ble_uart.c.o)
 .text.sd_power_system_off
                0x000000000001d9e4        0x4 ble/libble_uart.a(ble_uart.c.o)
 .text.nrf_qwr_error_handler
                0x000000000001d9e8        0x4 ble/libble_uart.a(ble_uart.c.o)
 .text.ble_evt_handler
                0x000000000001d9ec      0x100 ble/libble_uart.a(ble_uart.c.o)
 .text.on_conn_params_evt
                0x000000000001daec       0x24 ble/libble_uart.a(ble_uart.c.o)
 .text.bsp_event_handler
                0x000000000001db10       0x70 ble/libble_uart.a(ble_uart.c.o)
                0x000000000001db10                bsp_event_handler
 .text.gatt_evt_handler
                0x000000000001db80       0x4c ble/libble_uart.a(ble_uart.c.o)
                0x000000000001db80                gatt_evt_handler
 .text.nus_data_handler
                0x000000000001dbcc       0x14 ble/libble_uart.a(ble_uart.c.o)
 .text.conn_params_error_handler
                0x000000000001dbe0        0x4 ble/libble_uart.a(ble_uart.c.o)
 .text.on_adv_evt
                0x000000000001dbe4       0x40 ble/libble_uart.a(ble_uart.c.o)
 .text.ble_send
                0x000000000001dc24       0xc4 ble/libble_uart.a(ble_uart.c.o)
                0x000000000001dc24                ble_send
 .text.ble_init
                0x000000000001dce8      0x294 ble/libble_uart.a(ble_uart.c.o)
                0x000000000001dce8                ble_init
 .text.ble_evt_handler
                0x000000000001df7c       0xac ble/libble_uart.a(bsp_btn_ble.c.o)
 .text.bsp_btn_ble_sleep_mode_prepare
                0x000000000001e028       0x24 ble/libble_uart.a(bsp_btn_ble.c.o)
                0x000000000001e028                bsp_btn_ble_sleep_mode_prepare
 .text.bsp_btn_ble_init
                0x000000000001e04c       0x6c ble/libble_uart.a(bsp_btn_ble.c.o)
                0x000000000001e04c                bsp_btn_ble_init
 .text.alert_timer_handler
                0x000000000001e0b8        0x8 ble/libble_uart.a(bsp.c.o)
 .text.bsp_button_event_handler
                0x000000000001e0c0       0xa8 ble/libble_uart.a(bsp.c.o)
 .text.button_timer_handler
                0x000000000001e168       0x34 ble/libble_uart.a(bsp.c.o)
 .text.bsp_led_indication
                0x000000000001e19c      0x308 ble/libble_uart.a(bsp.c.o)
 .text.leds_timer_handler
                0x000000000001e4a4       0x1c ble/libble_uart.a(bsp.c.o)
 .text.bsp_button_is_pressed
                0x000000000001e4c0        0xc ble/libble_uart.a(bsp.c.o)
                0x000000000001e4c0                bsp_button_is_pressed
 .text.bsp_indication_set
                0x000000000001e4cc       0x18 ble/libble_uart.a(bsp.c.o)
                0x000000000001e4cc                bsp_indication_set
 .text.bsp_init
                0x000000000001e4e4       0xb4 ble/libble_uart.a(bsp.c.o)
                0x000000000001e4e4                bsp_init
 .text.bsp_event_to_button_action_assign
                0x000000000001e598       0x54 ble/libble_uart.a(bsp.c.o)
                0x000000000001e598                bsp_event_to_button_action_assign
 .text.bsp_wakeup_button_enable
                0x000000000001e5ec       0x40 ble/libble_uart.a(bsp.c.o)
                0x000000000001e5ec                bsp_wakeup_button_enable
 .text.sd_ble_gap_data_length_update
                0x000000000001e62c        0x4 ble/libble_uart.a(nrf_ble_gatt.c.o)
 .text.sd_ble_gattc_exchange_mtu_request
                0x000000000001e630        0x4 ble/libble_uart.a(nrf_ble_gatt.c.o)
 .text.sd_ble_gatts_exchange_mtu_reply
                0x000000000001e634        0x4 ble/libble_uart.a(nrf_ble_gatt.c.o)
 .text.data_length_update
                0x000000000001e638       0x8c ble/libble_uart.a(nrf_ble_gatt.c.o)
 .text.nrf_ble_gatt_init
                0x000000000001e6c4       0x30 ble/libble_uart.a(nrf_ble_gatt.c.o)
                0x000000000001e6c4                nrf_ble_gatt_init
 .text.nrf_ble_gatt_att_mtu_periph_set
                0x000000000001e6f4       0x18 ble/libble_uart.a(nrf_ble_gatt.c.o)
                0x000000000001e6f4                nrf_ble_gatt_att_mtu_periph_set
 .text.nrf_ble_gatt_on_ble_evt
                0x000000000001e70c      0x1cc ble/libble_uart.a(nrf_ble_gatt.c.o)
                0x000000000001e70c                nrf_ble_gatt_on_ble_evt
 .text.sd_ble_gatts_rw_authorize_reply
                0x000000000001e8d8        0x4 ble/libble_uart.a(nrf_ble_qwr.c.o)
 .text.sd_ble_user_mem_reply
                0x000000000001e8dc        0x4 ble/libble_uart.a(nrf_ble_qwr.c.o)
 .text.nrf_ble_qwr_init
                0x000000000001e8e0       0x24 ble/libble_uart.a(nrf_ble_qwr.c.o)
                0x000000000001e8e0                nrf_ble_qwr_init
 .text.nrf_ble_qwr_conn_handle_assign
                0x000000000001e904       0x18 ble/libble_uart.a(nrf_ble_qwr.c.o)
                0x000000000001e904                nrf_ble_qwr_conn_handle_assign
 .text.nrf_ble_qwr_on_ble_evt
                0x000000000001e91c       0xec ble/libble_uart.a(nrf_ble_qwr.c.o)
                0x000000000001e91c                nrf_ble_qwr_on_ble_evt
 .text.nrf_log_default_backends_init
                0x000000000001ea08       0x20 ble/libble_uart.a(nrf_log_default_backends.c.o)
                0x000000000001ea08                nrf_log_default_backends_init
 .text.nrf_log_init
                0x000000000001ea28       0x28 ble/libble_uart.a(nrf_log_frontend.c.o)
                0x000000000001ea28                nrf_log_init
 .text.nrf_log_module_name_get
                0x000000000001ea50       0x48 ble/libble_uart.a(nrf_log_frontend.c.o)
                0x000000000001ea50                nrf_log_module_name_get
 .text.nrf_log_color_id_get
                0x000000000001ea98       0x2c ble/libble_uart.a(nrf_log_frontend.c.o)
                0x000000000001ea98                nrf_log_color_id_get
 .text.log_pending_hook
                0x000000000001eac4        0x4 ble/libble_uart.a(nrf_log_frontend.c.o)
                0x000000000001eac4                log_pending_hook
 .text.nrf_log_frontend_dequeue
                0x000000000001eac8      0x24c ble/libble_uart.a(nrf_log_frontend.c.o)
                0x000000000001eac8                nrf_log_frontend_dequeue
 .text.nrf_log_frontend_std_2
                0x000000000001ed14      0x1c8 ble/libble_uart.a(nrf_log_frontend.c.o)
                0x000000000001ed14                nrf_log_frontend_std_2
 .text.nrf_log_frontend_std_1
                0x000000000001eedc      0x1bc ble/libble_uart.a(nrf_log_frontend.c.o)
                0x000000000001eedc                nrf_log_frontend_std_1
 .text.nrf_log_frontend_std_0
                0x000000000001f098      0x1ac ble/libble_uart.a(nrf_log_frontend.c.o)
                0x000000000001f098                nrf_log_frontend_std_0
 .text.nrf_log_backend_add
                0x000000000001f244       0x5c ble/libble_uart.a(nrf_log_frontend.c.o)
                0x000000000001f244                nrf_log_backend_add
 .text.nrf_log_panic
                0x000000000001f2a0       0x28 ble/libble_uart.a(nrf_log_frontend.c.o)
                0x000000000001f2a0                nrf_log_panic
 .text.nrf_memobj_pool_init
                0x000000000001f2c8        0x4 ble/libble_uart.a(nrf_memobj.c.o)
                0x000000000001f2c8                nrf_memobj_pool_init
 .text.nrf_memobj_alloc
                0x000000000001f2cc       0x98 ble/libble_uart.a(nrf_memobj.c.o)
                0x000000000001f2cc                nrf_memobj_alloc
 .text.nrf_memobj_get
                0x000000000001f364        0x8 ble/libble_uart.a(nrf_memobj.c.o)
                0x000000000001f364                nrf_memobj_get
 .text.nrf_memobj_put
                0x000000000001f36c       0x58 ble/libble_uart.a(nrf_memobj.c.o)
                0x000000000001f36c                nrf_memobj_put
 .text.nrf_memobj_write
                0x000000000001f3c4       0x68 ble/libble_uart.a(nrf_memobj.c.o)
                0x000000000001f3c4                nrf_memobj_write
 .text.nrf_memobj_read
                0x000000000001f42c       0x68 ble/libble_uart.a(nrf_memobj.c.o)
                0x000000000001f42c                nrf_memobj_read
 .text.nrf_pwr_mgmt_init
                0x000000000001f494       0x2c ble/libble_uart.a(nrf_pwr_mgmt.c.o)
                0x000000000001f494                nrf_pwr_mgmt_init
 .text.nrf_ringbuf_init
                0x000000000001f4c0       0x1c ble/libble_uart.a(nrf_ringbuf.c.o)
                0x000000000001f4c0                nrf_ringbuf_init
 .text.sd_ble_enable
                0x000000000001f4dc        0x4 ble/libble_uart.a(nrf_sdh_ble.c.o)
 .text.sd_ble_cfg_set
                0x000000000001f4e0        0x4 ble/libble_uart.a(nrf_sdh_ble.c.o)
 .text.sd_ble_evt_get
                0x000000000001f4e4        0x4 ble/libble_uart.a(nrf_sdh_ble.c.o)
 .text.nrf_sdh_ble_evts_poll.part.0
                0x000000000001f4e8       0x5c ble/libble_uart.a(nrf_sdh_ble.c.o)
 .text.nrf_sdh_ble_evts_poll
                0x000000000001f544       0x10 ble/libble_uart.a(nrf_sdh_ble.c.o)
 .text.nrf_sdh_ble_default_cfg_set
                0x000000000001f554      0x1b0 ble/libble_uart.a(nrf_sdh_ble.c.o)
                0x000000000001f554                nrf_sdh_ble_default_cfg_set
 .text.nrf_sdh_ble_enable
                0x000000000001f704       0x9c ble/libble_uart.a(nrf_sdh_ble.c.o)
                0x000000000001f704                nrf_sdh_ble_enable
 .text.sd_softdevice_enable
                0x000000000001f7a0        0x4 ble/libble_uart.a(nrf_sdh.c.o)
 .text.nrf_sdh_enable_request.part.0
                0x000000000001f7a4      0x10c ble/libble_uart.a(nrf_sdh.c.o)
 .text.nrf_sdh_enable_request
                0x000000000001f8b0       0x14 ble/libble_uart.a(nrf_sdh.c.o)
                0x000000000001f8b0                nrf_sdh_enable_request
 .text.SWI2_EGU2_IRQHandler
                0x000000000001f8c4       0x2c ble/libble_uart.a(nrf_sdh.c.o)
                0x000000000001f8c4                SWI2_EGU2_IRQHandler
 .text.nrf_section_iter_init
                0x000000000001f8f0       0x14 ble/libble_uart.a(nrf_section_iter.c.o)
                0x000000000001f8f0                nrf_section_iter_init
 .text.nrf_section_iter_next
                0x000000000001f904       0x18 ble/libble_uart.a(nrf_section_iter.c.o)
                0x000000000001f904                nrf_section_iter_next
 .text.nrf_strerror_get
                0x000000000001f91c       0x44 ble/libble_uart.a(nrf_strerror.c.o)
                0x000000000001f91c                nrf_strerror_get
 .text.gpiote_event_handler
                0x000000000001f960       0x74 ble/libble_uart.a(app_button.c.o)
 .text.detection_delay_timeout_handler
                0x000000000001f9d4      0x274 ble/libble_uart.a(app_button.c.o)
 .text.app_button_init
                0x000000000001fc48       0xb8 ble/libble_uart.a(app_button.c.o)
                0x000000000001fc48                app_button_init
 .text.app_button_enable
                0x000000000001fd00       0x2c ble/libble_uart.a(app_button.c.o)
                0x000000000001fd00                app_button_enable
 .text.app_error_handler_bare
                0x000000000001fd2c       0x20 ble/libble_uart.a(app_error.c.o)
                0x000000000001fd2c                app_error_handler_bare
 .text.app_error_fault_handler
                0x000000000001fd4c       0x6c ble/libble_uart.a(app_error_weak.c.o)
                0x000000000001fd4c                app_error_fault_handler
 .text.compare_func
                0x000000000001fdb8       0x18 ble/libble_uart.a(app_timer2.c.o)
 .text.timer_expire
                0x000000000001fdd0       0xe8 ble/libble_uart.a(app_timer2.c.o)
 .text.rtc_irq  0x000000000001feb8      0x220 ble/libble_uart.a(app_timer2.c.o)
 .text.app_timer_init
                0x00000000000200d8       0x6c ble/libble_uart.a(app_timer2.c.o)
                0x00000000000200d8                app_timer_init
 *fill*         0x0000000000020144        0x4 
 .text.app_timer_create
                0x0000000000020148       0x30 ble/libble_uart.a(app_timer2.c.o)
                0x0000000000020148                app_timer_create
 .text.app_timer_start
                0x0000000000020178       0xb8 ble/libble_uart.a(app_timer2.c.o)
                0x0000000000020178                app_timer_start
 .text.app_timer_stop
                0x0000000000020230       0x7c ble/libble_uart.a(app_timer2.c.o)
                0x0000000000020230                app_timer_stop
 .text.app_util_critical_region_enter
                0x00000000000202ac       0x4c ble/libble_uart.a(app_util_platform.c.o)
                0x00000000000202ac                app_util_critical_region_enter
 .text.app_util_critical_region_exit
                0x00000000000202f8       0x30 ble/libble_uart.a(app_util_platform.c.o)
                0x00000000000202f8                app_util_critical_region_exit
 .text.sd_ble_gap_adv_set_configure
                0x0000000000020328        0x4 ble/libble_uart.a(ble_advertising.c.o)
 .text.sd_ble_gap_adv_start
                0x000000000002032c        0x4 ble/libble_uart.a(ble_advertising.c.o)
 .text.sd_ble_gap_adv_stop
                0x0000000000020330        0x4 ble/libble_uart.a(ble_advertising.c.o)
 .text.ble_advertising_start.part.0
                0x0000000000020334      0x2d4 ble/libble_uart.a(ble_advertising.c.o)
 .text.ble_advertising_conn_cfg_tag_set
                0x0000000000020608        0x8 ble/libble_uart.a(ble_advertising.c.o)
                0x0000000000020608                ble_advertising_conn_cfg_tag_set
 .text.ble_advertising_init
                0x0000000000020610       0xf4 ble/libble_uart.a(ble_advertising.c.o)
                0x0000000000020610                ble_advertising_init
 .text.ble_advertising_start
                0x0000000000020704        0xc ble/libble_uart.a(ble_advertising.c.o)
                0x0000000000020704                ble_advertising_start
 .text.ble_advertising_on_ble_evt
                0x0000000000020710       0x8c ble/libble_uart.a(ble_advertising.c.o)
                0x0000000000020710                ble_advertising_on_ble_evt
 .text.ble_advertising_restart_without_whitelist
                0x000000000002079c       0x60 ble/libble_uart.a(ble_advertising.c.o)
                0x000000000002079c                ble_advertising_restart_without_whitelist
 .text.sd_ble_gap_conn_param_update
                0x00000000000207fc        0x4 ble/libble_uart.a(ble_conn_params.c.o)
 .text.sd_ble_gap_disconnect
                0x0000000000020800        0x4 ble/libble_uart.a(ble_conn_params.c.o)
 .text.sd_ble_gap_ppcp_set
                0x0000000000020804        0x4 ble/libble_uart.a(ble_conn_params.c.o)
 .text.sd_ble_gap_ppcp_get
                0x0000000000020808        0x4 ble/libble_uart.a(ble_conn_params.c.o)
 .text.update_timeout_handler
                0x000000000002080c       0x80 ble/libble_uart.a(ble_conn_params.c.o)
 .text.ble_evt_handler
                0x000000000002088c      0x1d0 ble/libble_uart.a(ble_conn_params.c.o)
 .text.ble_conn_params_init
                0x0000000000020a5c       0x78 ble/libble_uart.a(ble_conn_params.c.o)
                0x0000000000020a5c                ble_conn_params_init
 .text.sd_ble_gatts_service_add
                0x0000000000020ad4        0x4 ble/libble_uart.a(ble_nus.c.o)
 .text.sd_ble_gatts_value_get
                0x0000000000020ad8        0x4 ble/libble_uart.a(ble_nus.c.o)
 .text.sd_ble_gatts_hvx
                0x0000000000020adc        0x4 ble/libble_uart.a(ble_nus.c.o)
 .text.sd_ble_uuid_vs_add
                0x0000000000020ae0        0x4 ble/libble_uart.a(ble_nus.c.o)
 .text.ble_nus_on_ble_evt
                0x0000000000020ae4      0x134 ble/libble_uart.a(ble_nus.c.o)
                0x0000000000020ae4                ble_nus_on_ble_evt
 .text.ble_nus_init
                0x0000000000020c18       0xe4 ble/libble_uart.a(ble_nus.c.o)
                0x0000000000020c18                ble_nus_init
 .text.ble_nus_data_send
                0x0000000000020cfc       0x6c ble/libble_uart.a(ble_nus.c.o)
                0x0000000000020cfc                ble_nus_data_send
 .text.sd_ble_gatts_characteristic_add
                0x0000000000020d68        0x4 ble/libble_uart.a(ble_srv_common.c.o)
 .text.ble_srv_is_notification_enabled
                0x0000000000020d6c        0x8 ble/libble_uart.a(ble_srv_common.c.o)
                0x0000000000020d6c                ble_srv_is_notification_enabled
 .text.characteristic_add
                0x0000000000020d74      0x270 ble/libble_uart.a(ble_srv_common.c.o)
                0x0000000000020d74                characteristic_add
 .text.bsp_board_led_state_get
                0x0000000000020fe4       0x28 ble/libble_uart.a(boards.c.o)
                0x0000000000020fe4                bsp_board_led_state_get
 .text.bsp_board_led_on
                0x000000000002100c       0x24 ble/libble_uart.a(boards.c.o)
                0x000000000002100c                bsp_board_led_on
 .text.bsp_board_led_off
                0x0000000000021030       0x24 ble/libble_uart.a(boards.c.o)
                0x0000000000021030                bsp_board_led_off
 .text.bsp_board_leds_off
                0x0000000000021054       0x60 ble/libble_uart.a(boards.c.o)
                0x0000000000021054                bsp_board_leds_off
 .text.bsp_board_leds_on
                0x00000000000210b4       0x60 ble/libble_uart.a(boards.c.o)
                0x00000000000210b4                bsp_board_leds_on
 .text.bsp_board_led_invert
                0x0000000000021114       0x34 ble/libble_uart.a(boards.c.o)
                0x0000000000021114                bsp_board_led_invert
 .text.bsp_board_button_state_get
                0x0000000000021148       0x28 ble/libble_uart.a(boards.c.o)
                0x0000000000021148                bsp_board_button_state_get
 .text.bsp_board_pin_to_button_idx
                0x0000000000021170       0x14 ble/libble_uart.a(boards.c.o)
                0x0000000000021170                bsp_board_pin_to_button_idx
 .text.bsp_board_button_idx_to_pin
                0x0000000000021184        0xc ble/libble_uart.a(boards.c.o)
                0x0000000000021184                bsp_board_button_idx_to_pin
 .text.bsp_board_init
                0x0000000000021190       0xb4 ble/libble_uart.a(boards.c.o)
                0x0000000000021190                bsp_board_init
 .text.drv_rtc_init
                0x0000000000021244       0xc8 ble/libble_uart.a(drv_rtc.c.o)
                0x0000000000021244                drv_rtc_init
 .text.drv_rtc_start
                0x000000000002130c        0x8 ble/libble_uart.a(drv_rtc.c.o)
                0x000000000002130c                drv_rtc_start
 .text.drv_rtc_stop
                0x0000000000021314        0x8 ble/libble_uart.a(drv_rtc.c.o)
                0x0000000000021314                drv_rtc_stop
 .text.drv_rtc_compare_set
                0x000000000002131c       0x54 ble/libble_uart.a(drv_rtc.c.o)
                0x000000000002131c                drv_rtc_compare_set
 .text.drv_rtc_windowed_compare_set
                0x0000000000021370      0x100 ble/libble_uart.a(drv_rtc.c.o)
                0x0000000000021370                drv_rtc_windowed_compare_set
 .text.drv_rtc_overflow_enable
                0x0000000000021470       0x14 ble/libble_uart.a(drv_rtc.c.o)
                0x0000000000021470                drv_rtc_overflow_enable
 .text.drv_rtc_overflow_pending
                0x0000000000021484       0x20 ble/libble_uart.a(drv_rtc.c.o)
                0x0000000000021484                drv_rtc_overflow_pending
 .text.drv_rtc_compare_disable
                0x00000000000214a4       0x18 ble/libble_uart.a(drv_rtc.c.o)
                0x00000000000214a4                drv_rtc_compare_disable
 .text.drv_rtc_compare_pending
                0x00000000000214bc       0x20 ble/libble_uart.a(drv_rtc.c.o)
                0x00000000000214bc                drv_rtc_compare_pending
 .text.drv_rtc_counter_get
                0x00000000000214dc        0x8 ble/libble_uart.a(drv_rtc.c.o)
                0x00000000000214dc                drv_rtc_counter_get
 .text.drv_rtc_irq_trigger
                0x00000000000214e4       0x24 ble/libble_uart.a(drv_rtc.c.o)
                0x00000000000214e4                drv_rtc_irq_trigger
 .text.RTC1_IRQHandler
                0x0000000000021508       0x14 ble/libble_uart.a(drv_rtc.c.o)
                0x0000000000021508                RTC1_IRQHandler
 .text.nrf_atfifo_init
                0x000000000002151c       0x30 ble/libble_uart.a(nrf_atfifo.c.o)
                0x000000000002151c                nrf_atfifo_init
 .text.nrf_atfifo_item_alloc
                0x000000000002154c       0x64 ble/libble_uart.a(nrf_atfifo.c.o)
                0x000000000002154c                nrf_atfifo_item_alloc
 .text.nrf_atfifo_item_put
                0x00000000000215b0       0x20 ble/libble_uart.a(nrf_atfifo.c.o)
                0x00000000000215b0                nrf_atfifo_item_put
 .text.nrf_atfifo_item_get
                0x00000000000215d0       0x64 ble/libble_uart.a(nrf_atfifo.c.o)
                0x00000000000215d0                nrf_atfifo_item_get
 .text.nrf_atfifo_item_free
                0x0000000000021634       0x20 ble/libble_uart.a(nrf_atfifo.c.o)
                0x0000000000021634                nrf_atfifo_item_free
 .text.nrf_atomic_u32_fetch_store
                0x0000000000021654       0x14 ble/libble_uart.a(nrf_atomic.c.o)
                0x0000000000021654                nrf_atomic_u32_fetch_store
 .text.nrf_atomic_u32_or
                0x0000000000021668       0x18 ble/libble_uart.a(nrf_atomic.c.o)
                0x0000000000021668                nrf_atomic_u32_or
 .text.nrf_atomic_u32_and
                0x0000000000021680       0x18 ble/libble_uart.a(nrf_atomic.c.o)
                0x0000000000021680                nrf_atomic_u32_and
 .text.nrf_atomic_u32_add
                0x0000000000021698       0x18 ble/libble_uart.a(nrf_atomic.c.o)
                0x0000000000021698                nrf_atomic_u32_add
 .text.nrf_atomic_u32_sub
                0x00000000000216b0       0x18 ble/libble_uart.a(nrf_atomic.c.o)
                0x00000000000216b0                nrf_atomic_u32_sub
 .text.nrf_atomic_flag_set
                0x00000000000216c8       0x18 ble/libble_uart.a(nrf_atomic.c.o)
                0x00000000000216c8                nrf_atomic_flag_set
 .text.nrf_atomic_flag_clear_fetch
                0x00000000000216e0       0x18 ble/libble_uart.a(nrf_atomic.c.o)
                0x00000000000216e0                nrf_atomic_flag_clear_fetch
 .text.nrf_balloc_init
                0x00000000000216f8       0x3c ble/libble_uart.a(nrf_balloc.c.o)
                0x00000000000216f8                nrf_balloc_init
 .text.nrf_balloc_alloc
                0x0000000000021734       0x50 ble/libble_uart.a(nrf_balloc.c.o)
                0x0000000000021734                nrf_balloc_alloc
 .text.nrf_balloc_free
                0x0000000000021784       0x38 ble/libble_uart.a(nrf_balloc.c.o)
                0x0000000000021784                nrf_balloc_free
 .text.nrf_log_backend_rtt_flush
                0x00000000000217bc        0x4 ble/libble_uart.a(nrf_log_backend_rtt.c.o)
 .text.nrf_log_backend_rtt_put
                0x00000000000217c0       0x20 ble/libble_uart.a(nrf_log_backend_rtt.c.o)
 .text.serial_tx
                0x00000000000217e0       0x5c ble/libble_uart.a(nrf_log_backend_rtt.c.o)
 .text.nrf_log_backend_rtt_panic_set
                0x000000000002183c        0x4 ble/libble_uart.a(nrf_log_backend_rtt.c.o)
 .text.nrf_log_backend_rtt_init
                0x0000000000021840        0x4 ble/libble_uart.a(nrf_log_backend_rtt.c.o)
                0x0000000000021840                nrf_log_backend_rtt_init
 .text.nrf_log_backend_serial_put
                0x0000000000021844       0xd8 ble/libble_uart.a(nrf_log_backend_serial.c.o)
                0x0000000000021844                nrf_log_backend_serial_put
 .text.prefix_process.constprop.0
                0x000000000002191c       0x80 ble/libble_uart.a(nrf_log_str_formatter.c.o)
 .text.nrf_log_std_entry_process
                0x000000000002199c       0xec ble/libble_uart.a(nrf_log_str_formatter.c.o)
                0x000000000002199c                nrf_log_std_entry_process
 .text.nrf_log_hexdump_entry_process
                0x0000000000021a88      0x104 ble/libble_uart.a(nrf_log_str_formatter.c.o)
                0x0000000000021a88                nrf_log_hexdump_entry_process
 .text.nrf_sortlist_add
                0x0000000000021b8c       0x28 ble/libble_uart.a(nrf_sortlist.c.o)
                0x0000000000021b8c                nrf_sortlist_add
 .text.nrf_sortlist_pop
                0x0000000000021bb4        0xc ble/libble_uart.a(nrf_sortlist.c.o)
                0x0000000000021bb4                nrf_sortlist_pop
 .text.nrf_sortlist_peek
                0x0000000000021bc0        0x8 ble/libble_uart.a(nrf_sortlist.c.o)
                0x0000000000021bc0                nrf_sortlist_peek
 .text.nrf_sortlist_remove
                0x0000000000021bc8       0x1c ble/libble_uart.a(nrf_sortlist.c.o)
                0x0000000000021bc8                nrf_sortlist_remove
 .text.nrfx_gpiote_init
                0x0000000000021be4       0xb4 ble/libble_uart.a(nrfx_gpiote.c.o)
                0x0000000000021be4                nrfx_gpiote_init
 .text.nrfx_gpiote_is_init
                0x0000000000021c98       0x14 ble/libble_uart.a(nrfx_gpiote.c.o)
                0x0000000000021c98                nrfx_gpiote_is_init
 .text.nrfx_gpiote_in_init
                0x0000000000021cac      0x200 ble/libble_uart.a(nrfx_gpiote.c.o)
                0x0000000000021cac                nrfx_gpiote_in_init
 .text.nrfx_gpiote_in_event_enable
                0x0000000000021eac       0xf0 ble/libble_uart.a(nrfx_gpiote.c.o)
                0x0000000000021eac                nrfx_gpiote_in_event_enable
 .text.nrfx_gpiote_in_is_set
                0x0000000000021f9c       0x20 ble/libble_uart.a(nrfx_gpiote.c.o)
                0x0000000000021f9c                nrfx_gpiote_in_is_set
 .text.GPIOTE_IRQHandler
                0x0000000000021fbc      0x504 ble/libble_uart.a(nrfx_gpiote.c.o)
                0x0000000000021fbc                GPIOTE_IRQHandler
 .text.SEGGER_RTT_WriteNoLock
                0x00000000000224c0      0x1a8 ble/libble_uart.a(SEGGER_RTT.c.o)
                0x00000000000224c0                SEGGER_RTT_WriteNoLock
 .text.SEGGER_RTT_Init
                0x0000000000022668       0x68 ble/libble_uart.a(SEGGER_RTT.c.o)
                0x0000000000022668                SEGGER_RTT_Init
 .text.sd_ble_gap_addr_get
                0x00000000000226d0        0x4 ble/libble_uart.a(ble_advdata.c.o)
 .text.sd_ble_gap_appearance_get
                0x00000000000226d4        0x4 ble/libble_uart.a(ble_advdata.c.o)
 .text.sd_ble_gap_device_name_get
                0x00000000000226d8        0x4 ble/libble_uart.a(ble_advdata.c.o)
 .text.sd_ble_uuid_encode
                0x00000000000226dc        0x4 ble/libble_uart.a(ble_advdata.c.o)
 .text.uuid_list_sized_encode
                0x00000000000226e0       0xb8 ble/libble_uart.a(ble_advdata.c.o)
 .text.ble_advdata_encode
                0x0000000000022798      0x424 ble/libble_uart.a(ble_advdata.c.o)
                0x0000000000022798                ble_advdata_encode
 .text.ble_advdata_parse
                0x0000000000022bbc       0x4c ble/libble_uart.a(ble_advdata.c.o)
                0x0000000000022bbc                ble_advdata_parse
 .text.blcm_link_ctx_get
                0x0000000000022c08       0x50 ble/libble_uart.a(ble_link_ctx_manager.c.o)
                0x0000000000022c08                blcm_link_ctx_get
 .text.nrf_fprintf_buffer_flush
                0x0000000000022c58       0x18 ble/libble_uart.a(nrf_fprintf.c.o)
                0x0000000000022c58                nrf_fprintf_buffer_flush
 .text.nrf_fprintf
                0x0000000000022c70       0x20 ble/libble_uart.a(nrf_fprintf.c.o)
                0x0000000000022c70                nrf_fprintf
 .text.unsigned_print
                0x0000000000022c90      0x158 ble/libble_uart.a(nrf_fprintf_format.c.o)
 .text.nrf_fprintf_fmt
                0x0000000000022de8      0x610 ble/libble_uart.a(nrf_fprintf_format.c.o)
                0x0000000000022de8                nrf_fprintf_fmt
 .text.ble_evt_handler
                0x00000000000233f8      0x13c ble/libble_uart.a(ble_conn_state.c.o)
 .text.ble_conn_state_conn_idx
                0x0000000000023534       0x24 ble/libble_uart.a(ble_conn_state.c.o)
                0x0000000000023534                ble_conn_state_conn_idx
 .text.nrf_atflags_set
                0x0000000000023558       0x18 ble/libble_uart.a(nrf_atflags.c.o)
                0x0000000000023558                nrf_atflags_set
 .text.nrf_atflags_clear
                0x0000000000023570       0x18 ble/libble_uart.a(nrf_atflags.c.o)
                0x0000000000023570                nrf_atflags_clear
 .text.nrf_atflags_get
                0x0000000000023588       0x14 ble/libble_uart.a(nrf_atflags.c.o)
                0x0000000000023588                nrf_atflags_get
 .text.svcRtxEventFlagsNew
                0x000000000002359c       0x8c rtx/librtx.a(rtx_evflags.o)
 .text.svcRtxEventFlagsClear
                0x0000000000023628       0x40 rtx/librtx.a(rtx_evflags.o)
 .text.svcRtxEventFlagsGet
                0x0000000000023668       0x24 rtx/librtx.a(rtx_evflags.o)
 .text.osRtxEventFlagsPostProcess
                0x000000000002368c       0xa8 rtx/librtx.a(rtx_evflags.o)
 .text.svcRtxEventFlagsSet
                0x0000000000023734       0xfc rtx/librtx.a(rtx_evflags.o)
 .text.osEventFlagsNew
                0x0000000000023830       0x38 rtx/librtx.a(rtx_evflags.o)
                0x0000000000023830                osEventFlagsNew
 .text.osEventFlagsSet
                0x0000000000023868       0x78 rtx/librtx.a(rtx_evflags.o)
                0x0000000000023868                osEventFlagsSet
 .text.osEventFlagsClear
                0x00000000000238e0       0x74 rtx/librtx.a(rtx_evflags.o)
                0x00000000000238e0                osEventFlagsClear
 .text.osEventFlagsGet
                0x0000000000023954       0x44 rtx/librtx.a(rtx_evflags.o)
                0x0000000000023954                osEventFlagsGet
 .text.svcRtxKernelInitialize
                0x0000000000023998      0x15c rtx/librtx.a(rtx_kernel.o)
 .text.svcRtxKernelStart
                0x0000000000023af4       0xb8 rtx/librtx.a(rtx_kernel.o)
 .text.osRtxKernelBeforeInit
                0x0000000000023bac        0x4 rtx/librtx.a(rtx_kernel.o)
                0x0000000000023bac                osRtxKernelBeforeInit
 .text.osRtxKernelErrorNotify
                0x0000000000023bb0       0x18 rtx/librtx.a(rtx_kernel.o)
                0x0000000000023bb0                osRtxKernelErrorNotify
 .text.osKernelInitialize
                0x0000000000023bc8       0x38 rtx/librtx.a(rtx_kernel.o)
                0x0000000000023bc8                osKernelInitialize
 .text.osKernelStart
                0x0000000000023c00       0x34 rtx/librtx.a(rtx_kernel.o)
                0x0000000000023c00                osKernelStart
 .text.EvrRtxMemoryInit
                0x0000000000023c34        0x4 rtx/librtx.a(rtx_evr.o)
                0x0000000000023c34                EvrRtxMemoryInit
 .text.EvrRtxMemoryAlloc
                0x0000000000023c38        0x4 rtx/librtx.a(rtx_evr.o)
                0x0000000000023c38                EvrRtxMemoryAlloc
 .text.EvrRtxMemoryFree
                0x0000000000023c3c        0x4 rtx/librtx.a(rtx_evr.o)
                0x0000000000023c3c                EvrRtxMemoryFree
 .text.EvrRtxMemoryBlockInit
                0x0000000000023c40        0x4 rtx/librtx.a(rtx_evr.o)
                0x0000000000023c40                EvrRtxMemoryBlockInit
 .text.EvrRtxMemoryBlockAlloc
                0x0000000000023c44        0x4 rtx/librtx.a(rtx_evr.o)
                0x0000000000023c44                EvrRtxMemoryBlockAlloc
 .text.EvrRtxMemoryBlockFree
                0x0000000000023c48        0x4 rtx/librtx.a(rtx_evr.o)
                0x0000000000023c48                EvrRtxMemoryBlockFree
 .text.EvrRtxKernelError
                0x0000000000023c4c        0x4 rtx/librtx.a(rtx_evr.o)
                0x0000000000023c4c                EvrRtxKernelError
 .text.EvrRtxKernelInitialize
                0x0000000000023c50        0x4 rtx/librtx.a(rtx_evr.o)
                0x0000000000023c50                EvrRtxKernelInitialize
 .text.EvrRtxKernelInitialized
                0x0000000000023c54        0x4 rtx/librtx.a(rtx_evr.o)
                0x0000000000023c54                EvrRtxKernelInitialized
 .text.EvrRtxKernelStart
                0x0000000000023c58        0x4 rtx/librtx.a(rtx_evr.o)
                0x0000000000023c58                EvrRtxKernelStart
 .text.EvrRtxKernelStarted
                0x0000000000023c5c        0x4 rtx/librtx.a(rtx_evr.o)
                0x0000000000023c5c                EvrRtxKernelStarted
 .text.EvrRtxKernelErrorNotify
                0x0000000000023c60        0x4 rtx/librtx.a(rtx_evr.o)
                0x0000000000023c60                EvrRtxKernelErrorNotify
 .text.EvrRtxThreadError
                0x0000000000023c64        0x4 rtx/librtx.a(rtx_evr.o)
                0x0000000000023c64                EvrRtxThreadError
 .text.EvrRtxThreadNew
                0x0000000000023c68        0x4 rtx/librtx.a(rtx_evr.o)
                0x0000000000023c68                EvrRtxThreadNew
 .text.EvrRtxThreadCreated
                0x0000000000023c6c        0x4 rtx/librtx.a(rtx_evr.o)
                0x0000000000023c6c                EvrRtxThreadCreated
 .text.EvrRtxThreadSetPriority
                0x0000000000023c70        0x4 rtx/librtx.a(rtx_evr.o)
                0x0000000000023c70                EvrRtxThreadSetPriority
 .text.EvrRtxThreadPriorityUpdated
                0x0000000000023c74        0x4 rtx/librtx.a(rtx_evr.o)
                0x0000000000023c74                EvrRtxThreadPriorityUpdated
 .text.EvrRtxThreadYield
                0x0000000000023c78        0x4 rtx/librtx.a(rtx_evr.o)
                0x0000000000023c78                EvrRtxThreadYield
 .text.EvrRtxThreadJoined
                0x0000000000023c7c        0x4 rtx/librtx.a(rtx_evr.o)
                0x0000000000023c7c                EvrRtxThreadJoined
 .text.EvrRtxThreadBlocked
                0x0000000000023c80        0x4 rtx/librtx.a(rtx_evr.o)
                0x0000000000023c80                EvrRtxThreadBlocked
 .text.EvrRtxThreadUnblocked
                0x0000000000023c84        0x4 rtx/librtx.a(rtx_evr.o)
                0x0000000000023c84                EvrRtxThreadUnblocked
 .text.EvrRtxThreadPreempted
                0x0000000000023c88        0x4 rtx/librtx.a(rtx_evr.o)
                0x0000000000023c88                EvrRtxThreadPreempted
 .text.EvrRtxThreadSwitched
                0x0000000000023c8c        0x4 rtx/librtx.a(rtx_evr.o)
                0x0000000000023c8c                EvrRtxThreadSwitched
 .text.EvrRtxThreadExit
                0x0000000000023c90        0x4 rtx/librtx.a(rtx_evr.o)
                0x0000000000023c90                EvrRtxThreadExit
 .text.EvrRtxThreadDestroyed
                0x0000000000023c94        0x4 rtx/librtx.a(rtx_evr.o)
                0x0000000000023c94                EvrRtxThreadDestroyed
 .text.EvrRtxThreadFlagsError
                0x0000000000023c98        0x4 rtx/librtx.a(rtx_evr.o)
                0x0000000000023c98                EvrRtxThreadFlagsError
 .text.EvrRtxThreadFlagsSet
                0x0000000000023c9c        0x4 rtx/librtx.a(rtx_evr.o)
                0x0000000000023c9c                EvrRtxThreadFlagsSet
 .text.EvrRtxThreadFlagsSetDone
                0x0000000000023ca0        0x4 rtx/librtx.a(rtx_evr.o)
                0x0000000000023ca0                EvrRtxThreadFlagsSetDone
 .text.EvrRtxThreadFlagsWait
                0x0000000000023ca4        0x4 rtx/librtx.a(rtx_evr.o)
                0x0000000000023ca4                EvrRtxThreadFlagsWait
 .text.EvrRtxThreadFlagsWaitPending
                0x0000000000023ca8        0x4 rtx/librtx.a(rtx_evr.o)
                0x0000000000023ca8                EvrRtxThreadFlagsWaitPending
 .text.EvrRtxThreadFlagsWaitTimeout
                0x0000000000023cac        0x4 rtx/librtx.a(rtx_evr.o)
                0x0000000000023cac                EvrRtxThreadFlagsWaitTimeout
 .text.EvrRtxThreadFlagsWaitCompleted
                0x0000000000023cb0        0x4 rtx/librtx.a(rtx_evr.o)
                0x0000000000023cb0                EvrRtxThreadFlagsWaitCompleted
 .text.EvrRtxThreadFlagsWaitNotCompleted
                0x0000000000023cb4        0x4 rtx/librtx.a(rtx_evr.o)
                0x0000000000023cb4                EvrRtxThreadFlagsWaitNotCompleted
 .text.EvrRtxDelayCompleted
                0x0000000000023cb8        0x4 rtx/librtx.a(rtx_evr.o)
                0x0000000000023cb8                EvrRtxDelayCompleted
 .text.EvrRtxTimerCallback
                0x0000000000023cbc        0x4 rtx/librtx.a(rtx_evr.o)
                0x0000000000023cbc                EvrRtxTimerCallback
 .text.EvrRtxEventFlagsError
                0x0000000000023cc0        0x4 rtx/librtx.a(rtx_evr.o)
                0x0000000000023cc0                EvrRtxEventFlagsError
 .text.EvrRtxEventFlagsNew
                0x0000000000023cc4        0x4 rtx/librtx.a(rtx_evr.o)
                0x0000000000023cc4                EvrRtxEventFlagsNew
 .text.EvrRtxEventFlagsCreated
                0x0000000000023cc8        0x4 rtx/librtx.a(rtx_evr.o)
                0x0000000000023cc8                EvrRtxEventFlagsCreated
 .text.EvrRtxEventFlagsSet
                0x0000000000023ccc        0x4 rtx/librtx.a(rtx_evr.o)
                0x0000000000023ccc                EvrRtxEventFlagsSet
 .text.EvrRtxEventFlagsSetDone
                0x0000000000023cd0        0x4 rtx/librtx.a(rtx_evr.o)
                0x0000000000023cd0                EvrRtxEventFlagsSetDone
 .text.EvrRtxEventFlagsClear
                0x0000000000023cd4        0x4 rtx/librtx.a(rtx_evr.o)
                0x0000000000023cd4                EvrRtxEventFlagsClear
 .text.EvrRtxEventFlagsClearDone
                0x0000000000023cd8        0x4 rtx/librtx.a(rtx_evr.o)
                0x0000000000023cd8                EvrRtxEventFlagsClearDone
 .text.EvrRtxEventFlagsGet
                0x0000000000023cdc        0x4 rtx/librtx.a(rtx_evr.o)
                0x0000000000023cdc                EvrRtxEventFlagsGet
 .text.EvrRtxEventFlagsWaitTimeout
                0x0000000000023ce0        0x4 rtx/librtx.a(rtx_evr.o)
                0x0000000000023ce0                EvrRtxEventFlagsWaitTimeout
 .text.EvrRtxEventFlagsWaitCompleted
                0x0000000000023ce4        0x4 rtx/librtx.a(rtx_evr.o)
                0x0000000000023ce4                EvrRtxEventFlagsWaitCompleted
 .text.EvrRtxMutexAcquireTimeout
                0x0000000000023ce8        0x4 rtx/librtx.a(rtx_evr.o)
                0x0000000000023ce8                EvrRtxMutexAcquireTimeout
 .text.EvrRtxMutexAcquired
                0x0000000000023cec        0x4 rtx/librtx.a(rtx_evr.o)
                0x0000000000023cec                EvrRtxMutexAcquired
 .text.EvrRtxMutexReleased
                0x0000000000023cf0        0x4 rtx/librtx.a(rtx_evr.o)
                0x0000000000023cf0                EvrRtxMutexReleased
 .text.EvrRtxSemaphoreAcquireTimeout
                0x0000000000023cf4        0x4 rtx/librtx.a(rtx_evr.o)
                0x0000000000023cf4                EvrRtxSemaphoreAcquireTimeout
 .text.EvrRtxMemoryPoolAllocTimeout
                0x0000000000023cf8        0x4 rtx/librtx.a(rtx_evr.o)
                0x0000000000023cf8                EvrRtxMemoryPoolAllocTimeout
 .text.EvrRtxMessageQueueError
                0x0000000000023cfc        0x4 rtx/librtx.a(rtx_evr.o)
                0x0000000000023cfc                EvrRtxMessageQueueError
 .text.EvrRtxMessageQueueCreated
                0x0000000000023d00        0x4 rtx/librtx.a(rtx_evr.o)
                0x0000000000023d00                EvrRtxMessageQueueCreated
 .text.EvrRtxMessageQueuePut
                0x0000000000023d04        0x4 rtx/librtx.a(rtx_evr.o)
                0x0000000000023d04                EvrRtxMessageQueuePut
 .text.EvrRtxMessageQueuePutPending
                0x0000000000023d08        0x4 rtx/librtx.a(rtx_evr.o)
                0x0000000000023d08                EvrRtxMessageQueuePutPending
 .text.EvrRtxMessageQueuePutTimeout
                0x0000000000023d0c        0x4 rtx/librtx.a(rtx_evr.o)
                0x0000000000023d0c                EvrRtxMessageQueuePutTimeout
 .text.EvrRtxMessageQueueInsertPending
                0x0000000000023d10        0x4 rtx/librtx.a(rtx_evr.o)
                0x0000000000023d10                EvrRtxMessageQueueInsertPending
 .text.EvrRtxMessageQueueInserted
                0x0000000000023d14        0x4 rtx/librtx.a(rtx_evr.o)
                0x0000000000023d14                EvrRtxMessageQueueInserted
 .text.EvrRtxMessageQueueNotInserted
                0x0000000000023d18        0x4 rtx/librtx.a(rtx_evr.o)
                0x0000000000023d18                EvrRtxMessageQueueNotInserted
 .text.EvrRtxMessageQueueGet
                0x0000000000023d1c        0x4 rtx/librtx.a(rtx_evr.o)
                0x0000000000023d1c                EvrRtxMessageQueueGet
 .text.EvrRtxMessageQueueGetPending
                0x0000000000023d20        0x4 rtx/librtx.a(rtx_evr.o)
                0x0000000000023d20                EvrRtxMessageQueueGetPending
 .text.EvrRtxMessageQueueGetTimeout
                0x0000000000023d24        0x4 rtx/librtx.a(rtx_evr.o)
                0x0000000000023d24                EvrRtxMessageQueueGetTimeout
 .text.EvrRtxMessageQueueRetrieved
                0x0000000000023d28        0x4 rtx/librtx.a(rtx_evr.o)
                0x0000000000023d28                EvrRtxMessageQueueRetrieved
 .text.EvrRtxMessageQueueNotRetrieved
                0x0000000000023d2c        0x4 rtx/librtx.a(rtx_evr.o)
                0x0000000000023d2c                EvrRtxMessageQueueNotRetrieved
 .text.osRtxMemoryInit
                0x0000000000023d30       0x44 rtx/librtx.a(rtx_memory.o)
                0x0000000000023d30                osRtxMemoryInit
 .text.osRtxMemoryAlloc
                0x0000000000023d74       0x90 rtx/librtx.a(rtx_memory.o)
                0x0000000000023d74                osRtxMemoryAlloc
 .text.osRtxMemoryFree
                0x0000000000023e04       0x4c rtx/librtx.a(rtx_memory.o)
                0x0000000000023e04                osRtxMemoryFree
 .text.osRtxMemoryPoolInit
                0x0000000000023e50       0x64 rtx/librtx.a(rtx_mempool.o)
                0x0000000000023e50                osRtxMemoryPoolInit
 .text.osRtxMemoryPoolAlloc
                0x0000000000023eb4       0x48 rtx/librtx.a(rtx_mempool.o)
                0x0000000000023eb4                osRtxMemoryPoolAlloc
 .text.osRtxMemoryPoolFree
                0x0000000000023efc       0x60 rtx/librtx.a(rtx_mempool.o)
                0x0000000000023efc                osRtxMemoryPoolFree
 .text.osRtxTick_Handler
                0x0000000000023f5c       0x80 rtx/librtx.a(rtx_system.o)
                0x0000000000023f5c                osRtxTick_Handler
 .text.osRtxPendSV_Handler
                0x0000000000023fdc       0xa8 rtx/librtx.a(rtx_system.o)
                0x0000000000023fdc                osRtxPendSV_Handler
 .text.osRtxPostProcess
                0x0000000000024084       0x74 rtx/librtx.a(rtx_system.o)
                0x0000000000024084                osRtxPostProcess
 .text.svcRtxThreadYield
                0x00000000000240f8       0x88 rtx/librtx.a(rtx_thread.o)
 .text.osRtxThreadWaitEnter.part.0
                0x0000000000024180       0xa4 rtx/librtx.a(rtx_thread.o)
 .text.svcRtxThreadFlagsWait
                0x0000000000024224      0x108 rtx/librtx.a(rtx_thread.o)
 .text.osRtxThreadListPut
                0x000000000002432c       0x34 rtx/librtx.a(rtx_thread.o)
                0x000000000002432c                osRtxThreadListPut
 .text.osRtxThreadListGet
                0x0000000000024360       0x14 rtx/librtx.a(rtx_thread.o)
                0x0000000000024360                osRtxThreadListGet
 .text.osRtxThreadListSort
                0x0000000000024374       0x5c rtx/librtx.a(rtx_thread.o)
                0x0000000000024374                osRtxThreadListSort
 .text.osRtxThreadListRemove
                0x00000000000243d0       0x14 rtx/librtx.a(rtx_thread.o)
                0x00000000000243d0                osRtxThreadListRemove
 .text.osRtxThreadReadyPut
                0x00000000000243e4       0x44 rtx/librtx.a(rtx_thread.o)
                0x00000000000243e4                osRtxThreadReadyPut
 .text.osRtxThreadDelayTick
                0x0000000000024428      0x15c rtx/librtx.a(rtx_thread.o)
                0x0000000000024428                osRtxThreadDelayTick
 .text.osRtxThreadRegPtr
                0x0000000000024584       0x14 rtx/librtx.a(rtx_thread.o)
                0x0000000000024584                osRtxThreadRegPtr
 .text.osRtxThreadSwitch
                0x0000000000024598       0x10 rtx/librtx.a(rtx_thread.o)
                0x0000000000024598                osRtxThreadSwitch
 .text.osRtxThreadDispatch
                0x00000000000245a8      0x108 rtx/librtx.a(rtx_thread.o)
                0x00000000000245a8                osRtxThreadDispatch
 .text.svcRtxThreadNew
                0x00000000000246b0      0x2f0 rtx/librtx.a(rtx_thread.o)
 .text.svcRtxThreadSetPriority
                0x00000000000249a0       0xb4 rtx/librtx.a(rtx_thread.o)
 .text.osRtxThreadWaitExit
                0x0000000000024a54       0xb8 rtx/librtx.a(rtx_thread.o)
                0x0000000000024a54                osRtxThreadWaitExit
 .text.osRtxThreadPostProcess
                0x0000000000024b0c       0x94 rtx/librtx.a(rtx_thread.o)
 .text.svcRtxThreadFlagsSet
                0x0000000000024ba0       0xf4 rtx/librtx.a(rtx_thread.o)
 .text.osRtxThreadWaitEnter
                0x0000000000024c94       0x18 rtx/librtx.a(rtx_thread.o)
                0x0000000000024c94                osRtxThreadWaitEnter
 .text.osRtxThreadBeforeFree
                0x0000000000024cac        0x4 rtx/librtx.a(rtx_thread.o)
                0x0000000000024cac                osRtxThreadBeforeFree
 .text.osRtxThreadFree
                0x0000000000024cb0       0x5c rtx/librtx.a(rtx_thread.o)
 .text.svcRtxThreadExit
                0x0000000000024d0c      0x124 rtx/librtx.a(rtx_thread.o)
 .text.osRtxThreadStartup
                0x0000000000024e30       0x44 rtx/librtx.a(rtx_thread.o)
                0x0000000000024e30                osRtxThreadStartup
 .text.osThreadNew
                0x0000000000024e74       0x40 rtx/librtx.a(rtx_thread.o)
                0x0000000000024e74                osThreadNew
 .text.osThreadSetPriority
                0x0000000000024eb4       0x3c rtx/librtx.a(rtx_thread.o)
                0x0000000000024eb4                osThreadSetPriority
 .text.osThreadYield
                0x0000000000024ef0       0x34 rtx/librtx.a(rtx_thread.o)
                0x0000000000024ef0                osThreadYield
 .text.osThreadExit
                0x0000000000024f24       0x1c rtx/librtx.a(rtx_thread.o)
                0x0000000000024f24                osThreadExit
 .text.osThreadEntry
                0x0000000000024f40        0x8 rtx/librtx.a(rtx_thread.o)
 .text.osThreadFlagsSet
                0x0000000000024f48       0x90 rtx/librtx.a(rtx_thread.o)
                0x0000000000024f48                osThreadFlagsSet
 .text.osThreadFlagsWait
                0x0000000000024fd8       0x44 rtx/librtx.a(rtx_thread.o)
                0x0000000000024fd8                osThreadFlagsWait
 .text.osRtxTimerTick
                0x000000000002501c       0xc0 rtx/librtx.a(rtx_timer.o)
 .text.osRtxTimerSetup
                0x00000000000250dc       0x20 rtx/librtx.a(rtx_timer.o)
                0x00000000000250dc                osRtxTimerSetup
 .text.osRtxTimerThread
                0x00000000000250fc       0x28 rtx/librtx.a(rtx_timer.o)
                0x00000000000250fc                osRtxTimerThread
 .text.OS_Tick_Setup
                0x0000000000025124       0x4c rtx/librtx.a(os_systick.o)
                0x0000000000025124                OS_Tick_Setup
 .text.OS_Tick_Enable
                0x0000000000025170       0x28 rtx/librtx.a(os_systick.o)
                0x0000000000025170                OS_Tick_Enable
 .text.OS_Tick_AcknowledgeIRQ
                0x0000000000025198        0x8 rtx/librtx.a(os_systick.o)
                0x0000000000025198                OS_Tick_AcknowledgeIRQ
 .text.OS_Tick_GetIRQn
                0x00000000000251a0        0x8 rtx/librtx.a(os_systick.o)
                0x00000000000251a0                OS_Tick_GetIRQn
 .text.osRtxIdleThread
                0x00000000000251a8        0x4 rtx/librtx.a(RTX_Config.o)
                0x00000000000251a8                osRtxIdleThread
 .text.osRtxErrorNotify
                0x00000000000251ac        0x4 rtx/librtx.a(RTX_Config.o)
                0x00000000000251ac                osRtxErrorNotify
 .text          0x00000000000251b0       0xc8 rtx/librtx.a(irq_armv7m.o)
                0x00000000000251b0                SVC_Handler
                0x000000000002524a                PendSV_Handler
                0x000000000002525a                SysTick_Handler
 .text.svcRtxMessageQueuePut
                0x0000000000025278      0x12c rtx/librtx.a(rtx_msgqueue.o)
 .text.osRtxMessageQueuePostProcess
                0x00000000000253a4      0x18c rtx/librtx.a(rtx_msgqueue.o)
 .text.svcRtxMessageQueueGet
                0x0000000000025530      0x1c4 rtx/librtx.a(rtx_msgqueue.o)
 .text.osRtxMessageQueueTimerSetup
                0x00000000000256f4      0x184 rtx/librtx.a(rtx_msgqueue.o)
                0x00000000000256f4                osRtxMessageQueueTimerSetup
 .text.osMessageQueuePut
                0x0000000000025878       0x9c rtx/librtx.a(rtx_msgqueue.o)
                0x0000000000025878                osMessageQueuePut
 .text.osMessageQueueGet
                0x0000000000025914       0xe0 rtx/librtx.a(rtx_msgqueue.o)
                0x0000000000025914                osMessageQueueGet
 .text.osRtxMutexOwnerRelease
                0x00000000000259f4       0x64 rtx/librtx.a(rtx_mutex.o)
                0x00000000000259f4                osRtxMutexOwnerRelease
 .text.osRtxMutexOwnerRestore
                0x0000000000025a58       0x40 rtx/librtx.a(rtx_mutex.o)
                0x0000000000025a58                osRtxMutexOwnerRestore
 .text.atan2    0x0000000000025a98        0x4 /opt/arm-gcc/arm-none-eabi/lib/thumb/v7e-m+fp/hard/libm.a(libm_a-w_atan2.o)
                0x0000000000025a98                atan2
 *fill*         0x0000000000025a9c        0x4 
 .text.atan     0x0000000000025aa0      0x338 /opt/arm-gcc/arm-none-eabi/lib/thumb/v7e-m+fp/hard/libm.a(libm_a-s_atan.o)
                0x0000000000025aa0                atan
 .text.cos      0x0000000000025dd8       0x88 /opt/arm-gcc/arm-none-eabi/lib/thumb/v7e-m+fp/hard/libm.a(libm_a-s_cos.o)
                0x0000000000025dd8                cos
 .text.__kernel_cos
                0x0000000000025e60      0x264 /opt/arm-gcc/arm-none-eabi/lib/thumb/v7e-m+fp/hard/libm.a(libm_a-k_cos.o)
                0x0000000000025e60                __kernel_cos
 .text.fabs     0x00000000000260c4       0x10 /opt/arm-gcc/arm-none-eabi/lib/thumb/v7e-m+fp/hard/libm.a(libm_a-s_fabs.o)
                0x00000000000260c4                fabs
 *fill*         0x00000000000260d4        0x4 
 .text.__kernel_sin
                0x00000000000260d8      0x17c /opt/arm-gcc/arm-none-eabi/lib/thumb/v7e-m+fp/hard/libm.a(libm_a-k_sin.o)
                0x00000000000260d8                __kernel_sin
 *fill*         0x0000000000026254        0x4 
 .text.__ieee754_atan2
                0x0000000000026258      0x1ac /opt/arm-gcc/arm-none-eabi/lib/thumb/v7e-m+fp/hard/libm.a(libm_a-e_atan2.o)
                0x0000000000026258                __ieee754_atan2
 *fill*         0x0000000000026404        0x4 
 .text.__ieee754_rem_pio2
                0x0000000000026408      0x444 /opt/arm-gcc/arm-none-eabi/lib/thumb/v7e-m+fp/hard/libm.a(libm_a-e_rem_pio2.o)
                0x0000000000026408                __ieee754_rem_pio2
 *fill*         0x000000000002684c        0x4 
 .text.sin      0x0000000000026850       0x90 /opt/arm-gcc/arm-none-eabi/lib/thumb/v7e-m+fp/hard/libm.a(libm_a-s_sin.o)
                0x0000000000026850                sin
 .text.__kernel_rem_pio2
                0x00000000000268e0      0x860 /opt/arm-gcc/arm-none-eabi/lib/thumb/v7e-m+fp/hard/libm.a(libm_a-k_rem_pio2.o)
                0x00000000000268e0                __kernel_rem_pio2
 .text.floor    0x0000000000027140      0x108 /opt/arm-gcc/arm-none-eabi/lib/thumb/v7e-m+fp/hard/libm.a(libm_a-s_floor.o)
                0x0000000000027140                floor
 .text.scalbn   0x0000000000027248      0x114 /opt/arm-gcc/arm-none-eabi/lib/thumb/v7e-m+fp/hard/libm.a(libm_a-s_scalbn.o)
                0x0000000000027248                scalbn
 .text.abs      0x000000000002735c        0x8 /opt/arm-gcc/arm-none-eabi/lib/thumb/v7e-m+fp/hard/libc.a(libc_a-abs.o)
                0x000000000002735c                abs
 .text.memset   0x0000000000027364       0xa4 /opt/arm-gcc/arm-none-eabi/lib/thumb/v7e-m+fp/hard/libc.a(libc_a-memset.o)
                0x0000000000027364                memset
 .text.strcpy   0x0000000000027408       0xbc /opt/arm-gcc/arm-none-eabi/lib/thumb/v7e-m+fp/hard/libc.a(libc_a-strcpy.o)
                0x0000000000027408                strcpy
 .text          0x00000000000274c4      0x134 /opt/arm-gcc/arm-none-eabi/lib/thumb/v7e-m+fp/hard/libc.a(libc_a-memcpy.o)
                0x00000000000274c4                memcpy
 *fill*         0x00000000000275f8        0x8 
 .text          0x0000000000027600       0xdc /opt/arm-gcc/arm-none-eabi/lib/thumb/v7e-m+fp/hard/libc.a(libc_a-strlen.o)
                0x0000000000027600                strlen
 .text          0x00000000000276dc      0x378 /opt/arm-gcc/lib/gcc/arm-none-eabi/12.2.1/thumb/v7e-m+fp/hard/libgcc.a(_arm_addsubdf3.o)
                0x00000000000276dc                __aeabi_drsub
                0x00000000000276e4                __aeabi_dsub
                0x00000000000276e4                __subdf3
                0x00000000000276e8                __adddf3
                0x00000000000276e8                __aeabi_dadd
                0x0000000000027960                __aeabi_ui2d
                0x0000000000027960                __floatunsidf
                0x0000000000027980                __floatsidf
                0x0000000000027980                __aeabi_i2d
                0x00000000000279a4                __extendsfdf2
                0x00000000000279a4                __aeabi_f2d
                0x00000000000279e8                __aeabi_ul2d
                0x00000000000279e8                __floatundidf
                0x00000000000279f8                __floatdidf
                0x00000000000279f8                __aeabi_l2d
 .text          0x0000000000027a54      0x424 /opt/arm-gcc/lib/gcc/arm-none-eabi/12.2.1/thumb/v7e-m+fp/hard/libgcc.a(_arm_muldivdf3.o)
                0x0000000000027a54                __aeabi_dmul
                0x0000000000027a54                __muldf3
                0x0000000000027ca8                __aeabi_ddiv
                0x0000000000027ca8                __divdf3
 .text          0x0000000000027e78      0x110 /opt/arm-gcc/lib/gcc/arm-none-eabi/12.2.1/thumb/v7e-m+fp/hard/libgcc.a(_arm_cmpdf2.o)
                0x0000000000027e78                __gtdf2
                0x0000000000027e78                __gedf2
                0x0000000000027e80                __ltdf2
                0x0000000000027e80                __ledf2
                0x0000000000027e88                __cmpdf2
                0x0000000000027e88                __eqdf2
                0x0000000000027e88                __nedf2
                0x0000000000027f04                __aeabi_cdrcmple
                0x0000000000027f14                __aeabi_cdcmple
                0x0000000000027f14                __aeabi_cdcmpeq
                0x0000000000027f24                __aeabi_dcmpeq
                0x0000000000027f38                __aeabi_dcmplt
                0x0000000000027f4c                __aeabi_dcmple
                0x0000000000027f60                __aeabi_dcmpge
                0x0000000000027f74                __aeabi_dcmpgt
 .text          0x0000000000027f88       0x50 /opt/arm-gcc/lib/gcc/arm-none-eabi/12.2.1/thumb/v7e-m+fp/hard/libgcc.a(_arm_fixdfsi.o)
                0x0000000000027f88                __fixdfsi
                0x0000000000027f88                __aeabi_d2iz
 .text          0x0000000000027fd8       0xa0 /opt/arm-gcc/lib/gcc/arm-none-eabi/12.2.1/thumb/v7e-m+fp/hard/libgcc.a(_arm_truncdfsf2.o)
                0x0000000000027fd8                __aeabi_d2f
                0x0000000000027fd8                __truncdfsf2
 .text          0x0000000000028078       0x30 /opt/arm-gcc/lib/gcc/arm-none-eabi/12.2.1/thumb/v7e-m+fp/hard/libgcc.a(_aeabi_uldivmod.o)
                0x0000000000028078                __aeabi_uldivmod
 .text.__udivmoddi4
                0x00000000000280a8      0x2bc /opt/arm-gcc/lib/gcc/arm-none-eabi/12.2.1/thumb/v7e-m+fp/hard/libgcc.a(_udivmoddi4.o)
                0x00000000000280a8                __udivmoddi4
 .text          0x0000000000028364        0x4 /opt/arm-gcc/lib/gcc/arm-none-eabi/12.2.1/thumb/v7e-m+fp/hard/libgcc.a(_dvmd_tls.o)
                0x0000000000028364                __aeabi_ldiv0
                0x0000000000028364                __aeabi_idiv0
 *(.init)
 *(.fini)
 *crtbegin.o(.ctors)
 *crtbegin?.o(.ctors)
 *(EXCLUDE_FILE(*crtend.o *crtend?.o) .ctors)
 *(SORT_BY_NAME(.ctors.*))
 *(.ctors)
 *crtbegin.o(.dtors)
 *crtbegin?.o(.dtors)
 *(EXCLUDE_FILE(*crtend.o *crtend?.o) .dtors)
 *(SORT_BY_NAME(.dtors.*))
 *(.dtors)
 *(.rodata*)
 .rodata.bluetooth.str1.4
                0x0000000000028368       0x53 main.o
                                         0x57 (size before relaxing)
 *fill*         0x00000000000283bb        0x1 
 .rodata.task_cmd.str1.4
                0x00000000000283bc       0x89 main.o
 *fill*         0x0000000000028445        0x3 
 .rodata.task_imu.str1.4
                0x0000000000028448       0x18 main.o
 .rodata.main.str1.4
                0x0000000000028460        0xf main.o
 *fill*         0x000000000002846f        0x1 
 .rodata.led_cols
                0x0000000000028470        0x5 bsp/libbsp.a(board.o)
                0x0000000000028470                led_cols
 *fill*         0x0000000000028475        0x3 
 .rodata.led_rows
                0x0000000000028478        0x5 bsp/libbsp.a(board.o)
                0x0000000000028478                led_rows
 *fill*         0x000000000002847d        0x3 
 .rodata.servo_out.str1.4
                0x0000000000028480       0x99 bsp/libbsp.a(servo.o)
 *fill*         0x0000000000028519        0x3 
 .rodata.turn_ctrlr.str1.4
                0x000000000002851c        0x9 bsp/libbsp.a(controller.o)
 *fill*         0x0000000000028525        0x3 
 .rodata._do_print.str1.4
                0x0000000000028528       0x11 bsp/libbsp.a(lib.o)
 *fill*         0x0000000000028539        0x3 
 .rodata.CSWTCH.11
                0x000000000002853c        0x3 bsp/libbsp.a(lsm303agr.o)
 *fill*         0x000000000002853f        0x1 
 .rodata.CSWTCH.10
                0x0000000000028540        0x3 bsp/libbsp.a(lsm303agr.o)
 *fill*         0x0000000000028543        0x1 
 .rodata.CSWTCH.6
                0x0000000000028544        0x3 bsp/libbsp.a(lsm303agr.o)
 *fill*         0x0000000000028547        0x1 
 .rodata.ble_evt_handler.str1.4
                0x0000000000028548       0x19 ble/libble_uart.a(ble_uart.c.o)
 *fill*         0x0000000000028561        0x3 
 .rodata.gatt_evt_handler.str1.4
                0x0000000000028564       0x1c ble/libble_uart.a(ble_uart.c.o)
 .rodata.ble_init.str1.4
                0x0000000000028580       0x49 ble/libble_uart.a(ble_uart.c.o)
 *fill*         0x00000000000285c9        0x3 
 .rodata.app_buttons
                0x00000000000285cc       0x10 ble/libble_uart.a(bsp.c.o)
 .rodata.m_bsp_button_tmr
                0x00000000000285dc        0x4 ble/libble_uart.a(bsp.c.o)
 .rodata.m_bsp_alert_tmr
                0x00000000000285e0        0x4 ble/libble_uart.a(bsp.c.o)
 .rodata.m_bsp_leds_tmr
                0x00000000000285e4        0x4 ble/libble_uart.a(bsp.c.o)
 .rodata.data_length_update.str1.4
                0x00000000000285e8       0xe2 ble/libble_uart.a(nrf_ble_gatt.c.o)
 *fill*         0x00000000000286ca        0x2 
 .rodata.nrf_ble_gatt_on_ble_evt.str1.4
                0x00000000000286cc       0x63 ble/libble_uart.a(nrf_ble_gatt.c.o)
 *fill*         0x000000000002872f        0x1 
 .rodata.str1.4
                0x0000000000028730        0xd ble/libble_uart.a(nrf_ble_gatt.c.o)
 *fill*         0x000000000002873d        0x3 
 .rodata.str1.4
                0x0000000000028740       0x10 ble/libble_uart.a(nrf_log_default_backends.c.o)
 .rodata.nrf_log_frontend_dequeue.str1.4
                0x0000000000028750       0x11 ble/libble_uart.a(nrf_log_frontend.c.o)
 *fill*         0x0000000000028761        0x3 
 .rodata.str1.4
                0x0000000000028764        0x4 ble/libble_uart.a(nrf_log_frontend.c.o)
 .rodata.m_log_push_ringbuf
                0x0000000000028768        0xc ble/libble_uart.a(nrf_log_frontend.c.o)
 .rodata.pwr_mgmt_data
                0x0000000000028774        0xc ble/libble_uart.a(nrf_pwr_mgmt.c.o)
 .rodata.str1.4
                0x0000000000028780        0x9 ble/libble_uart.a(nrf_pwr_mgmt.c.o)
 *fill*         0x0000000000028789        0x3 
 .rodata.nrf_sdh_ble_default_cfg_set.str1.4
                0x000000000002878c      0x1cf ble/libble_uart.a(nrf_sdh_ble.c.o)
 *fill*         0x000000000002895b        0x1 
 .rodata.nrf_sdh_ble_enable.str1.4
                0x000000000002895c       0xad ble/libble_uart.a(nrf_sdh_ble.c.o)
 *fill*         0x0000000000028a09        0x3 
 .rodata.sdh_ble_observers
                0x0000000000028a0c        0xc ble/libble_uart.a(nrf_sdh_ble.c.o)
 .rodata.str1.4
                0x0000000000028a18        0xc ble/libble_uart.a(nrf_sdh_ble.c.o)
 .rodata.sdh_stack_observers
                0x0000000000028a24        0xc ble/libble_uart.a(nrf_sdh.c.o)
 .rodata.sdh_state_observers
                0x0000000000028a30        0xc ble/libble_uart.a(nrf_sdh.c.o)
 .rodata.sdh_req_observers
                0x0000000000028a3c        0xc ble/libble_uart.a(nrf_sdh.c.o)
 .rodata.str1.4
                0x0000000000028a48        0x8 ble/libble_uart.a(nrf_sdh.c.o)
 .rodata        0x0000000000028a50        0x4 ble/libble_uart.a(nrf_sdh.c.o)
 .rodata.str1.4
                0x0000000000028a54      0x3e9 ble/libble_uart.a(nrf_strerror.c.o)
 *fill*         0x0000000000028e3d        0x3 
 .rodata.nrf_strerror_array
                0x0000000000028e40      0x128 ble/libble_uart.a(nrf_strerror.c.o)
 .rodata.m_unknown_str
                0x0000000000028f68       0x13 ble/libble_uart.a(nrf_strerror.c.o)
 *fill*         0x0000000000028f7b        0x1 
 .rodata.m_detection_delay_timer_id
                0x0000000000028f7c        0x4 ble/libble_uart.a(app_button.c.o)
 .rodata.str1.4
                0x0000000000028f80        0xb ble/libble_uart.a(app_button.c.o)
 *fill*         0x0000000000028f8b        0x1 
 .rodata.app_error_fault_handler.str1.4
                0x0000000000028f8c       0x19 ble/libble_uart.a(app_error_weak.c.o)
 *fill*         0x0000000000028fa5        0x3 
 .rodata.m_app_timer_sortlist
                0x0000000000028fa8        0xc ble/libble_uart.a(app_timer2.c.o)
 .rodata.str1.4
                0x0000000000028fb4        0xa ble/libble_uart.a(app_timer2.c.o)
 *fill*         0x0000000000028fbe        0x2 
 .rodata        0x0000000000028fc0        0x4 ble/libble_uart.a(app_timer2.c.o)
 .rodata.str1.4
                0x0000000000028fc4        0x8 ble/libble_uart.a(ble_nus.c.o)
 .rodata        0x0000000000028fcc       0x10 ble/libble_uart.a(ble_nus.c.o)
 .rodata.m_board_btn_list
                0x0000000000028fdc        0x2 ble/libble_uart.a(boards.c.o)
 *fill*         0x0000000000028fde        0x2 
 .rodata.m_board_led_list
                0x0000000000028fe0        0xa ble/libble_uart.a(boards.c.o)
 *fill*         0x0000000000028fea        0x2 
 .rodata.drv_rtc_init.str1.4
                0x0000000000028fec       0x36 ble/libble_uart.a(drv_rtc.c.o)
 *fill*         0x0000000000029022        0xe 
 .rodata.delay_machine_code.0
                0x0000000000029030        0x6 ble/libble_uart.a(drv_rtc.c.o)
 *fill*         0x0000000000029036        0xa 
 .rodata.delay_machine_code.0
                0x0000000000029040        0x6 ble/libble_uart.a(nrf_log_backend_rtt.c.o)
 *fill*         0x0000000000029046        0x2 
 .rodata.nrf_log_backend_rtt_api
                0x0000000000029048        0xc ble/libble_uart.a(nrf_log_backend_rtt.c.o)
                0x0000000000029048                nrf_log_backend_rtt_api
 .rodata.prefix_process.constprop.0.str1.4
                0x0000000000029054       0x36 ble/libble_uart.a(nrf_log_str_formatter.c.o)
 *fill*         0x000000000002908a        0x2 
 .rodata.nrf_log_std_entry_process.str1.4
                0x000000000002908c        0x3 ble/libble_uart.a(nrf_log_str_formatter.c.o)
 *fill*         0x000000000002908f        0x1 
 .rodata.nrf_log_hexdump_entry_process.str1.4
                0x0000000000029090       0x13 ble/libble_uart.a(nrf_log_str_formatter.c.o)
                                         0x16 (size before relaxing)
 *fill*         0x00000000000290a3        0x1 
 .rodata.str1.4
                0x00000000000290a4       0x56 ble/libble_uart.a(nrf_log_str_formatter.c.o)
 *fill*         0x00000000000290fa        0x2 
 .rodata.m_colors
                0x00000000000290fc       0x24 ble/libble_uart.a(nrf_log_str_formatter.c.o)
 .rodata.severity_names
                0x0000000000029120       0x14 ble/libble_uart.a(nrf_log_str_formatter.c.o)
 .rodata.str1.4
                0x0000000000029134        0x9 ble/libble_uart.a(nrf_sortlist.c.o)
 *fill*         0x000000000002913d        0x3 
 .rodata.str1.4
                0x0000000000029140        0x7 ble/libble_uart.a(nrfx_gpiote.c.o)
 *fill*         0x0000000000029147        0x1 
 .rodata.SEGGER_RTT_ReadNoLock.str1.4
                0x0000000000029148       0x17 ble/libble_uart.a(SEGGER_RTT.c.o)
 *fill*         0x000000000002915f        0x1 
 .rodata._aV2C.0
                0x0000000000029160       0x10 ble/libble_uart.a(nrf_fprintf_format.c.o)
 .rodata.svcRtxKernelGetInfo.str1.4
                0x0000000000029170        0xb rtx/librtx.a(rtx_kernel.o)
 *fill*         0x000000000002917b        0x1 
 .rodata        0x000000000002917c       0xa8 rtx/librtx.a(rtx_lib.o)
                0x000000000002917c                os_cb_sections
                0x00000000000291b4                osRtxConfig
 .rodata.osRtxUserSVC
                0x0000000000029224        0x4 rtx/librtx.a(rtx_lib.o)
                0x0000000000029224                osRtxUserSVC
 .rodata.os_timer_mq_attr
                0x0000000000029228       0x18 rtx/librtx.a(rtx_lib.o)
 .rodata.os_timer_thread_attr
                0x0000000000029240       0x24 rtx/librtx.a(rtx_lib.o)
 .rodata.os_idle_thread_attr
                0x0000000000029264       0x24 rtx/librtx.a(rtx_lib.o)
 .rodata.atanlo
                0x0000000000029288       0x20 /opt/arm-gcc/arm-none-eabi/lib/thumb/v7e-m+fp/hard/libm.a(libm_a-s_atan.o)
 .rodata.atanhi
                0x00000000000292a8       0x20 /opt/arm-gcc/arm-none-eabi/lib/thumb/v7e-m+fp/hard/libm.a(libm_a-s_atan.o)
 .rodata.CSWTCH.9
                0x00000000000292c8       0x18 /opt/arm-gcc/arm-none-eabi/lib/thumb/v7e-m+fp/hard/libm.a(libm_a-e_atan2.o)
 .rodata.CSWTCH.8
                0x00000000000292e0       0x18 /opt/arm-gcc/arm-none-eabi/lib/thumb/v7e-m+fp/hard/libm.a(libm_a-e_atan2.o)
 .rodata.npio2_hw
                0x00000000000292f8       0x80 /opt/arm-gcc/arm-none-eabi/lib/thumb/v7e-m+fp/hard/libm.a(libm_a-e_rem_pio2.o)
 .rodata.two_over_pi
                0x0000000000029378      0x108 /opt/arm-gcc/arm-none-eabi/lib/thumb/v7e-m+fp/hard/libm.a(libm_a-e_rem_pio2.o)
 .rodata.PIo2   0x0000000000029480       0x40 /opt/arm-gcc/arm-none-eabi/lib/thumb/v7e-m+fp/hard/libm.a(libm_a-k_rem_pio2.o)
 .rodata.init_jk
                0x00000000000294c0       0x10 /opt/arm-gcc/arm-none-eabi/lib/thumb/v7e-m+fp/hard/libm.a(libm_a-k_rem_pio2.o)
 .rodata._ctype_
                0x00000000000294d0      0x101 /opt/arm-gcc/arm-none-eabi/lib/thumb/v7e-m+fp/hard/libc.a(libc_a-ctype_.o)
                0x00000000000294d0                _ctype_
 *(.eh_frame*)

.glue_7         0x00000000000295d4        0x0
 .glue_7        0x00000000000295d4        0x0 linker stubs

.glue_7t        0x00000000000295d4        0x0
 .glue_7t       0x00000000000295d4        0x0 linker stubs

.vfp11_veneer   0x00000000000295d4        0x0
 .vfp11_veneer  0x00000000000295d4        0x0 linker stubs

.v4_bx          0x00000000000295d4        0x0
 .v4_bx         0x00000000000295d4        0x0 linker stubs

.iplt           0x00000000000295d4        0x0
 .iplt          0x00000000000295d4        0x0 main.o

.mem_section_dummy_rom

.sdh_soc_observers
                0x00000000000295d1        0x0
                [!provide]                        PROVIDE (__start_sdh_soc_observers = .)
 *(SORT_BY_NAME(.sdh_soc_observers*))
                [!provide]                        PROVIDE (__stop_sdh_soc_observers = .)

.sdh_ble_observers
                0x00000000000295d4       0x40
                0x00000000000295d4                PROVIDE (__start_sdh_ble_observers = .)
 *(SORT_BY_NAME(.sdh_ble_observers*))
 .sdh_ble_observers0
                0x00000000000295d4        0x8 ble/libble_uart.a(ble_conn_state.c.o)
 .sdh_ble_observers1
                0x00000000000295dc       0x10 ble/libble_uart.a(ble_uart.c.o)
 .sdh_ble_observers1
                0x00000000000295ec        0x8 ble/libble_uart.a(bsp_btn_ble.c.o)
 .sdh_ble_observers1
                0x00000000000295f4        0x8 ble/libble_uart.a(ble_conn_params.c.o)
 .sdh_ble_observers2
                0x00000000000295fc       0x10 ble/libble_uart.a(ble_uart.c.o)
 .sdh_ble_observers3
                0x000000000002960c        0x8 ble/libble_uart.a(ble_uart.c.o)
                0x0000000000029614                PROVIDE (__stop_sdh_ble_observers = .)

.pwr_mgmt_data  0x0000000000029614        0x0
                0x0000000000029614                PROVIDE (__start_pwr_mgmt_data = .)
 *(SORT_BY_NAME(.pwr_mgmt_data*))
                0x0000000000029614                PROVIDE (__stop_pwr_mgmt_data = .)

.sdh_req_observers
                0x0000000000029614        0x0
                0x0000000000029614                PROVIDE (__start_sdh_req_observers = .)
 *(SORT_BY_NAME(.sdh_req_observers*))
                0x0000000000029614                PROVIDE (__stop_sdh_req_observers = .)

.sdh_state_observers
                0x0000000000029614        0x0
                0x0000000000029614                PROVIDE (__start_sdh_state_observers = .)
 *(SORT_BY_NAME(.sdh_state_observers*))
                0x0000000000029614                PROVIDE (__stop_sdh_state_observers = .)

.sdh_stack_observers
                0x0000000000029614        0x8
                0x0000000000029614                PROVIDE (__start_sdh_stack_observers = .)
 *(SORT_BY_NAME(.sdh_stack_observers*))
 .sdh_stack_observers0
                0x0000000000029614        0x8 ble/libble_uart.a(nrf_sdh_ble.c.o)
                0x000000000002961c                PROVIDE (__stop_sdh_stack_observers = .)

.nrf_queue      0x000000000002961c        0x0
                [!provide]                        PROVIDE (__start_nrf_queue = .)
 *(.nrf_queue)
                [!provide]                        PROVIDE (__stop_nrf_queue = .)

.nrf_balloc     0x000000000002961c       0x14
                [!provide]                        PROVIDE (__start_nrf_balloc = .)
 *(.nrf_balloc)
 .nrf_balloc    0x000000000002961c       0x14 ble/libble_uart.a(nrf_log_frontend.c.o)
                0x000000000002961c                log_mempool
                [!provide]                        PROVIDE (__stop_nrf_balloc = .)

.cli_command    0x0000000000029630        0x0
                [!provide]                        PROVIDE (__start_cli_command = .)
 *(.cli_command)
                [!provide]                        PROVIDE (__stop_cli_command = .)

.crypto_data    0x0000000000029630        0x0
                [!provide]                        PROVIDE (__start_crypto_data = .)
 *(SORT_BY_NAME(.crypto_data*))
                [!provide]                        PROVIDE (__stop_crypto_data = .)

.log_const_data
                0x0000000000029630       0x50
                0x0000000000029630                PROVIDE (__start_log_const_data = .)
 *(SORT_BY_NAME(.log_const_data*))
 .log_const_data_GPIOTE
                0x0000000000029630        0x8 ble/libble_uart.a(nrfx_gpiote.c.o)
                0x0000000000029630                m_nrf_log_GPIOTE_logs_data_const
 .log_const_data_app
                0x0000000000029638        0x8 ble/libble_uart.a(nrf_log_frontend.c.o)
                0x0000000000029638                m_nrf_log_app_logs_data_const
 .log_const_data_app_button
                0x0000000000029640        0x8 ble/libble_uart.a(app_button.c.o)
                0x0000000000029640                m_nrf_log_app_button_logs_data_const
 .log_const_data_app_timer
                0x0000000000029648        0x8 ble/libble_uart.a(app_timer2.c.o)
                0x0000000000029648                m_nrf_log_app_timer_logs_data_const
 .log_const_data_ble_nus
                0x0000000000029650        0x8 ble/libble_uart.a(ble_nus.c.o)
                0x0000000000029650                m_nrf_log_ble_nus_logs_data_const
 .log_const_data_nrf_ble_gatt
                0x0000000000029658        0x8 ble/libble_uart.a(nrf_ble_gatt.c.o)
                0x0000000000029658                m_nrf_log_nrf_ble_gatt_logs_data_const
 .log_const_data_nrf_sdh
                0x0000000000029660        0x8 ble/libble_uart.a(nrf_sdh.c.o)
                0x0000000000029660                m_nrf_log_nrf_sdh_logs_data_const
 .log_const_data_nrf_sdh_ble
                0x0000000000029668        0x8 ble/libble_uart.a(nrf_sdh_ble.c.o)
                0x0000000000029668                m_nrf_log_nrf_sdh_ble_logs_data_const
 .log_const_data_pwr_mgmt
                0x0000000000029670        0x8 ble/libble_uart.a(nrf_pwr_mgmt.c.o)
                0x0000000000029670                m_nrf_log_pwr_mgmt_logs_data_const
 .log_const_data_sortlist
                0x0000000000029678        0x8 ble/libble_uart.a(nrf_sortlist.c.o)
                0x0000000000029678                m_nrf_log_sortlist_logs_data_const
                0x0000000000029680                PROVIDE (__stop_log_const_data = .)

.log_backends   0x0000000000029680       0x10
                [!provide]                        PROVIDE (__start_log_backends = .)
 *(SORT_BY_NAME(.log_backends*))
 .log_backends  0x0000000000029680       0x10 ble/libble_uart.a(nrf_log_default_backends.c.o)
                [!provide]                        PROVIDE (__stop_log_backends = .)

.ARM.extab
 *(.ARM.extab* .gnu.linkonce.armextab.*)
                0x0000000000029690                __exidx_start = .

.ARM.exidx      0x0000000000029690        0x8
 *(.ARM.exidx* .gnu.linkonce.armexidx.*)
 .ARM.exidx.text.__udivmoddi4
                0x0000000000029690        0x8 /opt/arm-gcc/lib/gcc/arm-none-eabi/12.2.1/thumb/v7e-m+fp/hard/libgcc.a(_udivmoddi4.o)
                0x0000000000029698                __exidx_end = .

.rel.dyn        0x0000000000029698        0x0
 .rel.iplt      0x0000000000029698        0x0 main.o
                0x0000000000029698                . = ALIGN (0x4)
                0x0000000000029698                __etext = .

.data           0x0000000020002608      0x164 load address 0x0000000000029698
                0x0000000020002608                __data_start__ = .
 *(vtable)
 *(.data*)
 .data.m_adv_uuids
                0x0000000020002608        0x4 ble/libble_uart.a(ble_uart.c.o)
 .data.m_ble_nus_max_data_len
                0x000000002000260c        0x2 ble/libble_uart.a(ble_uart.c.o)
 .data.m_conn_handle
                0x000000002000260e        0x2 ble/libble_uart.a(ble_uart.c.o)
 .data.m_nus    0x0000000020002610       0x1c ble/libble_uart.a(ble_uart.c.o)
 .data.m_nus_link_ctx_storage
                0x000000002000262c        0x8 ble/libble_uart.a(ble_uart.c.o)
 *fill*         0x0000000020002634        0x4 
 .data.m_bsp_button_tmr_data
                0x0000000020002638       0x20 ble/libble_uart.a(bsp.c.o)
 .data.m_bsp_alert_tmr_data
                0x0000000020002658       0x20 ble/libble_uart.a(bsp.c.o)
 .data.m_bsp_leds_tmr_data
                0x0000000020002678       0x20 ble/libble_uart.a(bsp.c.o)
 .data.log_backend_cb_rtt_log_backend
                0x0000000020002698        0x8 ble/libble_uart.a(nrf_log_default_backends.c.o)
 .data.m_detection_delay_timer_id_data
                0x00000000200026a0       0x20 ble/libble_uart.a(app_button.c.o)
 .data.m_rtc_inst
                0x00000000200026c0        0x8 ble/libble_uart.a(app_timer2.c.o)
 .data.os       0x00000000200026c8       0xa4 rtx/librtx.a(rtx_kernel.o)
                0x00000000200026c8                osRtxInfo
                0x000000002000276c                . = ALIGN (0x4)
                [!provide]                        PROVIDE (__preinit_array_start = .)
 *(.preinit_array)
                [!provide]                        PROVIDE (__preinit_array_end = .)
                0x000000002000276c                . = ALIGN (0x4)
                [!provide]                        PROVIDE (__init_array_start = .)
 *(SORT_BY_NAME(.init_array.*))
 *(.init_array)
                [!provide]                        PROVIDE (__init_array_end = .)
                0x000000002000276c                . = ALIGN (0x4)
                [!provide]                        PROVIDE (__fini_array_start = .)
 *(SORT_BY_NAME(.fini_array.*))
 *(.fini_array)
                [!provide]                        PROVIDE (__fini_array_end = .)
 *(.jcr*)
                0x000000002000276c                . = ALIGN (0x4)
                0x000000002000276c                __data_end__ = .

.igot.plt       0x000000002000276c        0x0 load address 0x00000000000297fc
 .igot.plt      0x000000002000276c        0x0 main.o
                0x000000002000276c                . = ALIGN (0x4)

.mem_section_dummy_ram

.cli_sorted_cmd_ptrs
                0x000000002000276c        0x0
                [!provide]                        PROVIDE (__start_cli_sorted_cmd_ptrs = .)
 *(.cli_sorted_cmd_ptrs)
                [!provide]                        PROVIDE (__stop_cli_sorted_cmd_ptrs = .)

.fs_data        0x000000002000276c        0x0
                [!provide]                        PROVIDE (__start_fs_data = .)
 *(.fs_data)
                [!provide]                        PROVIDE (__stop_fs_data = .)

.log_dynamic_data
                0x000000002000276c        0x0
                0x000000002000276c                PROVIDE (__start_log_dynamic_data = .)
 *(SORT_BY_NAME(.log_dynamic_data*))
                [!provide]                        PROVIDE (__stop_log_dynamic_data = .)

.log_filter_data
                0x000000002000276c        0x0
                [!provide]                        PROVIDE (__start_log_filter_data = .)
 *(SORT_BY_NAME(.log_filter_data*))
                [!provide]                        PROVIDE (__stop_log_filter_data = .)

.bss            0x0000000020002770     0x937c load address 0x0000000000029800
                0x0000000020002770                . = ALIGN (0x4)
                0x0000000020002770                __bss_start__ = .
 *(.bss*)
 .bss.count     0x0000000020002770        0x4 main.o
 .bss.ang_des   0x0000000020002774        0x4 main.o
                0x0000000020002774                ang_des
 .bss.val       0x0000000020002778        0x4 main.o
                0x0000000020002778                val
 .bss.heading   0x000000002000277c        0x4 main.o
                0x000000002000277c                heading
 .bss.cmd_len   0x0000000020002780        0x4 main.o
                0x0000000020002780                cmd_len
 .bss.cmd_buf   0x0000000020002784      0x100 main.o
                0x0000000020002784                cmd_buf
 .bss.evt_stop  0x0000000020002884        0x4 main.o
                0x0000000020002884                evt_stop
 .bss.evt_ryt   0x0000000020002888        0x4 main.o
                0x0000000020002888                evt_ryt
 .bss.evt_left  0x000000002000288c        0x4 main.o
                0x000000002000288c                evt_left
 .bss.evt_bwd   0x0000000020002890        0x4 main.o
                0x0000000020002890                evt_bwd
 .bss.evt_frwd  0x0000000020002894        0x4 main.o
                0x0000000020002894                evt_frwd
 .bss.ble_task  0x0000000020002898        0x4 main.o
                0x0000000020002898                ble_task
 .bss.data      0x000000002000289c       0x28 main.o
 .bss.counter   0x00000000200028c4        0x4 main.o
 .bss.SystemCoreClock
                0x00000000200028c8        0x4 bsp/libbsp.a(system.o)
                0x00000000200028c8                SystemCoreClock
 .bss.s_sequence_B
                0x00000000200028cc        0x2 bsp/libbsp.a(servo.o)
 *fill*         0x00000000200028ce        0x2 
 .bss.s_sequence_A
                0x00000000200028d0        0x2 bsp/libbsp.a(servo.o)
 *fill*         0x00000000200028d2        0x2 
 .bss.duty_cycle
                0x00000000200028d4        0x4 bsp/libbsp.a(audio.o)
 .bss.mag_data  0x00000000200028d8        0x3 bsp/libbsp.a(lsm303agr.o)
                0x00000000200028d8                mag_data
 *fill*         0x00000000200028db        0x1 
 .bss.acc_data  0x00000000200028dc        0x3 bsp/libbsp.a(lsm303agr.o)
                0x00000000200028dc                acc_data
 *fill*         0x00000000200028df        0x1 
 .bss.s_sequence
                0x00000000200028e0        0x4 bsp/libbsp.a(pwm.o)
 .bss.data_array.0
                0x00000000200028e4       0xf4 ble/libble_uart.a(ble_uart.c.o)
 .bss.index.1   0x00000000200029d8        0x1 ble/libble_uart.a(ble_uart.c.o)
 *fill*         0x00000000200029d9        0x3 
 .bss.m_advertising
                0x00000000200029dc       0xf8 ble/libble_uart.a(ble_uart.c.o)
 .bss.m_qwr     0x0000000020002ad4        0xc ble/libble_uart.a(ble_uart.c.o)
 .bss.m_gatt    0x0000000020002ae0       0x14 ble/libble_uart.a(ble_uart.c.o)
 .bss.m_nus_link_ctx_storage_ctx_data_pool
                0x0000000020002af4        0x4 ble/libble_uart.a(ble_uart.c.o)
 .bss.m_ble_recv_handler
                0x0000000020002af8        0x4 ble/libble_uart.a(ble_uart.c.o)
                0x0000000020002af8                m_ble_recv_handler
 .bss.m_num_connections
                0x0000000020002afc        0x4 ble/libble_uart.a(bsp_btn_ble.c.o)
 .bss.m_error_handler
                0x0000000020002b00        0x4 ble/libble_uart.a(bsp_btn_ble.c.o)
 .bss.release_event_at_push.0
                0x0000000020002b04        0x2 ble/libble_uart.a(bsp.c.o)
 .bss.current_long_push_pin_no.1
                0x0000000020002b06        0x1 ble/libble_uart.a(bsp.c.o)
 *fill*         0x0000000020002b07        0x1 
 .bss.m_events_list
                0x0000000020002b08        0x6 ble/libble_uart.a(bsp.c.o)
 *fill*         0x0000000020002b0e        0x2 
 .bss.m_registered_callback
                0x0000000020002b10        0x4 ble/libble_uart.a(bsp.c.o)
 .bss.m_alert_on
                0x0000000020002b14        0x1 ble/libble_uart.a(bsp.c.o)
 *fill*         0x0000000020002b15        0x3 
 .bss.m_indication_type
                0x0000000020002b18        0x4 ble/libble_uart.a(bsp.c.o)
 .bss.m_leds_clear
                0x0000000020002b1c        0x1 ble/libble_uart.a(bsp.c.o)
 .bss.m_stable_state
                0x0000000020002b1d        0x1 ble/libble_uart.a(bsp.c.o)
 *fill*         0x0000000020002b1e        0x2 
 .bss.m_log_data
                0x0000000020002b20      0x420 ble/libble_uart.a(nrf_log_frontend.c.o)
 .bss.m_log_push_ringbuf_cb
                0x0000000020002f40       0x18 ble/libble_uart.a(nrf_log_frontend.c.o)
 .bss.m_log_push_ringbuf_buf
                0x0000000020002f58       0x80 ble/libble_uart.a(nrf_log_frontend.c.o)
 .bss.log_mempool_nrf_balloc_cb
                0x0000000020002fd8        0x8 ble/libble_uart.a(nrf_log_frontend.c.o)
 .bss.log_mempool_nrf_balloc_pool_mem
                0x0000000020002fe0       0xc0 ble/libble_uart.a(nrf_log_frontend.c.o)
 .bss.log_mempool_nrf_balloc_pool_stack
                0x00000000200030a0        0x8 ble/libble_uart.a(nrf_log_frontend.c.o)
 .bss.m_handlers_iter
                0x00000000200030a8        0x8 ble/libble_uart.a(nrf_pwr_mgmt.c.o)
 .bss.m_shutdown_started
                0x00000000200030b0        0x1 ble/libble_uart.a(nrf_pwr_mgmt.c.o)
 *fill*         0x00000000200030b1        0x3 
 .bss.m_sysoff_mtx
                0x00000000200030b4        0x4 ble/libble_uart.a(nrf_pwr_mgmt.c.o)
 .bss.m_stack_is_enabled
                0x00000000200030b8        0x1 ble/libble_uart.a(nrf_sdh_ble.c.o)
 .bss.m_nrf_sdh_continue
                0x00000000200030b9        0x1 ble/libble_uart.a(nrf_sdh.c.o)
 .bss.m_nrf_sdh_suspended
                0x00000000200030ba        0x1 ble/libble_uart.a(nrf_sdh.c.o)
 .bss.m_nrf_sdh_enabled
                0x00000000200030bb        0x1 ble/libble_uart.a(nrf_sdh.c.o)
 .bss.m_pin_states
                0x00000000200030bc       0x20 ble/libble_uart.a(app_button.c.o)
 *fill*         0x00000000200030dc        0x4 
 .bss.m_pin_active
                0x00000000200030e0        0x8 ble/libble_uart.a(app_button.c.o)
 .bss.m_detection_delay
                0x00000000200030e8        0x4 ble/libble_uart.a(app_button.c.o)
 .bss.m_button_count
                0x00000000200030ec        0x1 ble/libble_uart.a(app_button.c.o)
 *fill*         0x00000000200030ed        0x3 
 .bss.mp_buttons
                0x00000000200030f0        0x4 ble/libble_uart.a(app_button.c.o)
 .bss.m_app_timer_sortlist_sortlist_cb
                0x00000000200030f4        0x4 ble/libble_uart.a(app_timer2.c.o)
 .bss.m_req_fifo_inst
                0x00000000200030f8       0x10 ble/libble_uart.a(app_timer2.c.o)
 .bss.m_req_fifo_data
                0x0000000020003108       0x58 ble/libble_uart.a(app_timer2.c.o)
 .bss.m_stamp64
                0x0000000020003160        0x8 ble/libble_uart.a(app_timer2.c.o)
 .bss.m_base_counter
                0x0000000020003168        0x8 ble/libble_uart.a(app_timer2.c.o)
 .bss.m_global_active
                0x0000000020003170        0x1 ble/libble_uart.a(app_timer2.c.o)
 *fill*         0x0000000020003171        0x3 
 .bss.mp_active_timer
                0x0000000020003174        0x4 ble/libble_uart.a(app_timer2.c.o)
 .bss.nrf_nvic_state
                0x0000000020003178        0xc ble/libble_uart.a(app_util_platform.c.o)
                0x0000000020003178                nrf_nvic_state
 .bss.m_preferred_conn_params
                0x0000000020003184        0x8 ble/libble_uart.a(ble_conn_params.c.o)
 .bss.m_conn_params_config
                0x000000002000318c       0x1c ble/libble_uart.a(ble_conn_params.c.o)
 .bss.m_conn_params_instances
                0x00000000200031a8       0x14 ble/libble_uart.a(ble_conn_params.c.o)
 *fill*         0x00000000200031bc        0x4 
 .bss.m_timer_data
                0x00000000200031c0       0x20 ble/libble_uart.a(ble_conn_params.c.o)