Archive member included to satisfy reference by file (symbol)

/opt/arm-gnu-toolchain-12.2.rel1-x86_64-arm-none-eabi/bin/../lib/gcc/arm-none-eabi/12.2.1/../../../../arm-none-eabi/lib/thumb/v7e-m+fp/hard/libc_nano.a(libc_a-exit.o)
                              /opt/arm-gnu-toolchain-12.2.rel1-x86_64-arm-none-eabi/bin/../lib/gcc/arm-none-eabi/12.2.1/../../../../arm-none-eabi/lib/thumb/v7e-m+fp/hard/crt0.o (exit)
/opt/arm-gnu-toolchain-12.2.rel1-x86_64-arm-none-eabi/bin/../lib/gcc/arm-none-eabi/12.2.1/../../../../arm-none-eabi/lib/thumb/v7e-m+fp/hard/libc_nano.a(libc_a-init.o)
                              /opt/arm-gnu-toolchain-12.2.rel1-x86_64-arm-none-eabi/bin/../lib/gcc/arm-none-eabi/12.2.1/../../../../arm-none-eabi/lib/thumb/v7e-m+fp/hard/crt0.o (__libc_init_array)
/opt/arm-gnu-toolchain-12.2.rel1-x86_64-arm-none-eabi/bin/../lib/gcc/arm-none-eabi/12.2.1/../../../../arm-none-eabi/lib/thumb/v7e-m+fp/hard/libc_nano.a(libc_a-strcpy.o)
                              _build/nrf52833_xxaa/SEGGER_RTT.c.o (strcpy)
/opt/arm-gnu-toolchain-12.2.rel1-x86_64-arm-none-eabi/bin/../lib/gcc/arm-none-eabi/12.2.1/../../../../arm-none-eabi/lib/thumb/v7e-m+fp/hard/libc_nano.a(libc_a-printf.o)
                              _build/nrf52833_xxaa/ble_uart.c.o (printf)
/opt/arm-gnu-toolchain-12.2.rel1-x86_64-arm-none-eabi/bin/../lib/gcc/arm-none-eabi/12.2.1/../../../../arm-none-eabi/lib/thumb/v7e-m+fp/hard/libc_nano.a(libc_a-nano-vfprintf.o)
                              /opt/arm-gnu-toolchain-12.2.rel1-x86_64-arm-none-eabi/bin/../lib/gcc/arm-none-eabi/12.2.1/../../../../arm-none-eabi/lib/thumb/v7e-m+fp/hard/libc_nano.a(libc_a-printf.o) (_vfprintf_r)
/opt/arm-gnu-toolchain-12.2.rel1-x86_64-arm-none-eabi/bin/../lib/gcc/arm-none-eabi/12.2.1/../../../../arm-none-eabi/lib/thumb/v7e-m+fp/hard/libc_nano.a(libc_a-wbuf.o)
                              /opt/arm-gnu-toolchain-12.2.rel1-x86_64-arm-none-eabi/bin/../lib/gcc/arm-none-eabi/12.2.1/../../../../arm-none-eabi/lib/thumb/v7e-m+fp/hard/libc_nano.a(libc_a-nano-vfprintf.o) (__swbuf_r)
/opt/arm-gnu-toolchain-12.2.rel1-x86_64-arm-none-eabi/bin/../lib/gcc/arm-none-eabi/12.2.1/../../../../arm-none-eabi/lib/thumb/v7e-m+fp/hard/libc_nano.a(libc_a-wsetup.o)
                              /opt/arm-gnu-toolchain-12.2.rel1-x86_64-arm-none-eabi/bin/../lib/gcc/arm-none-eabi/12.2.1/../../../../arm-none-eabi/lib/thumb/v7e-m+fp/hard/libc_nano.a(libc_a-nano-vfprintf.o) (__swsetup_r)
/opt/arm-gnu-toolchain-12.2.rel1-x86_64-arm-none-eabi/bin/../lib/gcc/arm-none-eabi/12.2.1/../../../../arm-none-eabi/lib/thumb/v7e-m+fp/hard/libc_nano.a(libc_a-nano-vfprintf_i.o)
                              /opt/arm-gnu-toolchain-12.2.rel1-x86_64-arm-none-eabi/bin/../lib/gcc/arm-none-eabi/12.2.1/../../../../arm-none-eabi/lib/thumb/v7e-m+fp/hard/libc_nano.a(libc_a-nano-vfprintf.o) (_printf_i)
/opt/arm-gnu-toolchain-12.2.rel1-x86_64-arm-none-eabi/bin/../lib/gcc/arm-none-eabi/12.2.1/../../../../arm-none-eabi/lib/thumb/v7e-m+fp/hard/libc_nano.a(libc_a-impure.o)
                              /opt/arm-gnu-toolchain-12.2.rel1-x86_64-arm-none-eabi/bin/../lib/gcc/arm-none-eabi/12.2.1/../../../../arm-none-eabi/lib/thumb/v7e-m+fp/hard/libc_nano.a(libc_a-printf.o) (_impure_ptr)
/opt/arm-gnu-toolchain-12.2.rel1-x86_64-arm-none-eabi/bin/../lib/gcc/arm-none-eabi/12.2.1/../../../../arm-none-eabi/lib/thumb/v7e-m+fp/hard/libc_nano.a(libc_a-fflush.o)
                              /opt/arm-gnu-toolchain-12.2.rel1-x86_64-arm-none-eabi/bin/../lib/gcc/arm-none-eabi/12.2.1/../../../../arm-none-eabi/lib/thumb/v7e-m+fp/hard/libc_nano.a(libc_a-wbuf.o) (_fflush_r)
/opt/arm-gnu-toolchain-12.2.rel1-x86_64-arm-none-eabi/bin/../lib/gcc/arm-none-eabi/12.2.1/../../../../arm-none-eabi/lib/thumb/v7e-m+fp/hard/libc_nano.a(libc_a-memchr.o)
                              /opt/arm-gnu-toolchain-12.2.rel1-x86_64-arm-none-eabi/bin/../lib/gcc/arm-none-eabi/12.2.1/../../../../arm-none-eabi/lib/thumb/v7e-m+fp/hard/libc_nano.a(libc_a-nano-vfprintf.o) (memchr)
/opt/arm-gnu-toolchain-12.2.rel1-x86_64-arm-none-eabi/bin/../lib/gcc/arm-none-eabi/12.2.1/../../../../arm-none-eabi/lib/thumb/v7e-m+fp/hard/libc_nano.a(libc_a-memcpy-stub.o)
                              _build/nrf52833_xxaa/nrf_log_frontend.c.o (memcpy)
/opt/arm-gnu-toolchain-12.2.rel1-x86_64-arm-none-eabi/bin/../lib/gcc/arm-none-eabi/12.2.1/../../../../arm-none-eabi/lib/thumb/v7e-m+fp/hard/libc_nano.a(libc_a-findfp.o)
                              /opt/arm-gnu-toolchain-12.2.rel1-x86_64-arm-none-eabi/bin/../lib/gcc/arm-none-eabi/12.2.1/../../../../arm-none-eabi/lib/thumb/v7e-m+fp/hard/libc_nano.a(libc_a-fflush.o) (__sglue)
/opt/arm-gnu-toolchain-12.2.rel1-x86_64-arm-none-eabi/bin/../lib/gcc/arm-none-eabi/12.2.1/../../../../arm-none-eabi/lib/thumb/v7e-m+fp/hard/libc_nano.a(libc_a-strlen.o)
                              _build/nrf52833_xxaa/nrf_log_frontend.c.o (strlen)
[...]
Memory Configuration

Name             Origin             Length             Attributes
FLASH            0x000000000001c000 0x0000000000064000 xr
RAM              0x0000000020002608 0x000000000001d9f8 xrw
*default*        0x0000000000000000 0xffffffffffffffff

Linker script and memory map


.text           0x000000000001c000     0x8964
 *(.isr_vector)
 .isr_vector    0x000000000001c000      0x200 _build/nrf52833_xxaa/gcc_startup_nrf52833.S.o
                0x000000000001c000                __isr_vector
 *(.text*)
 .text.deregister_tm_clones
                0x000000000001c200       0x1c /opt/arm-gnu-toolchain-12.2.rel1-x86_64-arm-none-eabi/bin/../lib/gcc/arm-none-eabi/12.2.1/thumb/v7e-m+fp/hard/crtbegin.o
 .text.register_tm_clones
                0x000000000001c21c       0x24 /opt/arm-gnu-toolchain-12.2.rel1-x86_64-arm-none-eabi/bin/../lib/gcc/arm-none-eabi/12.2.1/thumb/v7e-m+fp/hard/crtbegin.o
 .text.__do_global_dtors_aux
                0x000000000001c240       0x28 /opt/arm-gnu-toolchain-12.2.rel1-x86_64-arm-none-eabi/bin/../lib/gcc/arm-none-eabi/12.2.1/thumb/v7e-m+fp/hard/crtbegin.o
 .text.frame_dummy
                0x000000000001c268       0x24 /opt/arm-gnu-toolchain-12.2.rel1-x86_64-arm-none-eabi/bin/../lib/gcc/arm-none-eabi/12.2.1/thumb/v7e-m+fp/hard/crtbegin.o
 .text          0x000000000001c28c       0x7c /opt/arm-gnu-toolchain-12.2.rel1-x86_64-arm-none-eabi/bin/../lib/gcc/arm-none-eabi/12.2.1/../../../../arm-none-eabi/lib/thumb/v7e-m+fp/hard/crt0.o
                0x000000000001c28c                _stack_init
                0x000000000001c294                _mainCRTStartup
                0x000000000001c294                _start
 .text          0x000000000001c308       0x3c _build/nrf52833_xxaa/gcc_startup_nrf52833.S.o
                0x000000000001c308                Reset_Handler
                0x000000000001c330                NMI_Handler
                0x000000000001c332                HardFault_Handler
                0x000000000001c334                MemoryManagement_Handler
                0x000000000001c336                BusFault_Handler
                0x000000000001c338                UsageFault_Handler
                0x000000000001c33a                SVC_Handler
                0x000000000001c33c                DebugMon_Handler
                0x000000000001c33e                PendSV_Handler
                0x000000000001c340                SysTick_Handler
                0x000000000001c342                TIMER2_IRQHandler
                0x000000000001c342                RTC0_IRQHandler
                0x000000000001c342                SWI0_EGU0_IRQHandler
                0x000000000001c342                PWM1_IRQHandler
                0x000000000001c342                RADIO_IRQHandler
                0x000000000001c342                PDM_IRQHandler
                0x000000000001c342                TEMP_IRQHandler
                0x000000000001c342                QDEC_IRQHandler
                0x000000000001c342                TIMER3_IRQHandler
                0x000000000001c342                PWM3_IRQHandler
                0x000000000001c342                FPU_IRQHandler
                0x000000000001c342                USBD_IRQHandler
                0x000000000001c342                SPIM0_SPIS0_TWIM0_TWIS0_SPI0_TWI0_IRQHandler
                0x000000000001c342                TIMER4_IRQHandler
                0x000000000001c342                I2S_IRQHandler
                0x000000000001c342                SWI4_EGU4_IRQHandler
                0x000000000001c342                TIMER0_IRQHandler
                0x000000000001c342                UARTE1_IRQHandler
                0x000000000001c342                TIMER1_IRQHandler
                0x000000000001c342                SPIM3_IRQHandler
                0x000000000001c342                PWM2_IRQHandler
                0x000000000001c342                ECB_IRQHandler
                0x000000000001c342                SPIM1_SPIS1_TWIM1_TWIS1_SPI1_TWI1_IRQHandler
                0x000000000001c342                Default_Handler
                0x000000000001c342                SAADC_IRQHandler
                0x000000000001c342                CCM_AAR_IRQHandler
                0x000000000001c342                WDT_IRQHandler
                0x000000000001c342                SWI5_EGU5_IRQHandler
                0x000000000001c342                RNG_IRQHandler
                0x000000000001c342                RTC2_IRQHandler
                0x000000000001c342                PWM0_IRQHandler
                0x000000000001c342                SWI3_EGU3_IRQHandler
                0x000000000001c342                SWI1_EGU1_IRQHandler
                0x000000000001c342                SPIM2_SPIS2_SPI2_IRQHandler
                0x000000000001c342                NFCT_IRQHandler
                0x000000000001c342                MWU_IRQHandler
                0x000000000001c342                COMP_LPCOMP_IRQHandler
 .text.nrf_log_backend_rtt_flush
                0x000000000001c344        0x4 _build/nrf52833_xxaa/nrf_log_backend_rtt.c.o
 .text.nrf_log_backend_rtt_put
                0x000000000001c348       0x20 _build/nrf52833_xxaa/nrf_log_backend_rtt.c.o
 .text.serial_tx
                0x000000000001c368       0x5c _build/nrf52833_xxaa/nrf_log_backend_rtt.c.o
 .text.nrf_log_backend_rtt_panic_set
                0x000000000001c3c4        0x4 _build/nrf52833_xxaa/nrf_log_backend_rtt.c.o
 .text.nrf_log_backend_rtt_init
                0x000000000001c3c8        0x4 _build/nrf52833_xxaa/nrf_log_backend_rtt.c.o
                0x000000000001c3c8                nrf_log_backend_rtt_init
 .text.nrf_log_backend_serial_put
                0x000000000001c3cc       0xd8 _build/nrf52833_xxaa/nrf_log_backend_serial.c.o
                0x000000000001c3cc                nrf_log_backend_serial_put
 .text.nrf_log_default_backends_init
                0x000000000001c4a4       0x20 _build/nrf52833_xxaa/nrf_log_default_backends.c.o
                0x000000000001c4a4                nrf_log_default_backends_init
 .text.nrf_log_init
                0x000000000001c4c4       0x28 _build/nrf52833_xxaa/nrf_log_frontend.c.o
                0x000000000001c4c4                nrf_log_init
 .text.nrf_log_module_name_get
                0x000000000001c4ec       0x48 _build/nrf52833_xxaa/nrf_log_frontend.c.o
                0x000000000001c4ec                nrf_log_module_name_get
 .text.nrf_log_color_id_get
                0x000000000001c534       0x2c _build/nrf52833_xxaa/nrf_log_frontend.c.o
                0x000000000001c534                nrf_log_color_id_get
 .text.log_pending_hook
                0x000000000001c560        0x4 _build/nrf52833_xxaa/nrf_log_frontend.c.o
                0x000000000001c560                log_pending_hook
 .text.nrf_log_frontend_dequeue
                0x000000000001c564      0x24c _build/nrf52833_xxaa/nrf_log_frontend.c.o
                0x000000000001c564                nrf_log_frontend_dequeue
 .text.nrf_log_frontend_std_2
                0x000000000001c7b0      0x1c8 _build/nrf52833_xxaa/nrf_log_frontend.c.o
                0x000000000001c7b0                nrf_log_frontend_std_2
 .text.nrf_log_frontend_std_1
                0x000000000001c978      0x1bc _build/nrf52833_xxaa/nrf_log_frontend.c.o
                0x000000000001c978                nrf_log_frontend_std_1
 .text.nrf_log_frontend_std_0
                0x000000000001cb34      0x1ac _build/nrf52833_xxaa/nrf_log_frontend.c.o
                0x000000000001cb34                nrf_log_frontend_std_0
 .text.nrf_log_backend_add
                0x000000000001cce0       0x5c _build/nrf52833_xxaa/nrf_log_frontend.c.o
                0x000000000001cce0                nrf_log_backend_add
 .text.nrf_log_panic
                0x000000000001cd3c       0x28 _build/nrf52833_xxaa/nrf_log_frontend.c.o
                0x000000000001cd3c                nrf_log_panic
 .text.prefix_process.constprop.0
                0x000000000001cd64       0x80 _build/nrf52833_xxaa/nrf_log_str_formatter.c.o
 .text.nrf_log_std_entry_process
                0x000000000001cde4       0xec _build/nrf52833_xxaa/nrf_log_str_formatter.c.o
                0x000000000001cde4                nrf_log_std_entry_process
 .text.nrf_log_hexdump_entry_process
                0x000000000001ced0      0x104 _build/nrf52833_xxaa/nrf_log_str_formatter.c.o
                0x000000000001ced0                nrf_log_hexdump_entry_process
 .text.gpiote_event_handler
                0x000000000001cfd4       0x74 _build/nrf52833_xxaa/app_button.c.o
 .text.detection_delay_timeout_handler
                0x000000000001d048      0x274 _build/nrf52833_xxaa/app_button.c.o
 .text.app_button_init
                0x000000000001d2bc       0xb8 _build/nrf52833_xxaa/app_button.c.o
                0x000000000001d2bc                app_button_init
 .text.app_button_enable
                0x000000000001d374       0x2c _build/nrf52833_xxaa/app_button.c.o
                0x000000000001d374                app_button_enable
 .text.app_error_handler_bare
                0x000000000001d3a0       0x20 _build/nrf52833_xxaa/app_error.c.o
                0x000000000001d3a0                app_error_handler_bare
 .text.app_error_fault_handler
                0x000000000001d3c0       0x6c _build/nrf52833_xxaa/app_error_weak.c.o
                0x000000000001d3c0                app_error_fault_handler
 .text.app_fifo_put
                0x000000000001d42c       0x30 _build/nrf52833_xxaa/app_fifo.c.o
                0x000000000001d42c                app_fifo_put
 .text.app_fifo_get
                0x000000000001d45c       0x2c _build/nrf52833_xxaa/app_fifo.c.o
                0x000000000001d45c                app_fifo_get
 .text.compare_func
                0x000000000001d488       0x18 _build/nrf52833_xxaa/app_timer2.c.o
 .text.timer_expire
                0x000000000001d4a0       0xe8 _build/nrf52833_xxaa/app_timer2.c.o
 .text.rtc_irq  0x000000000001d588      0x220 _build/nrf52833_xxaa/app_timer2.c.o
 .text.app_timer_init
                0x000000000001d7a8       0x6c _build/nrf52833_xxaa/app_timer2.c.o
                0x000000000001d7a8                app_timer_init
 *fill*         0x000000000001d814        0x4 
 .text.app_timer_create
                0x000000000001d818       0x30 _build/nrf52833_xxaa/app_timer2.c.o
                0x000000000001d818                app_timer_create
 .text.app_timer_start
                0x000000000001d848       0xb8 _build/nrf52833_xxaa/app_timer2.c.o
                0x000000000001d848                app_timer_start
 .text.app_timer_stop
                0x000000000001d900       0x7c _build/nrf52833_xxaa/app_timer2.c.o
                0x000000000001d900                app_timer_stop
 .text.app_uart_get
                0x000000000001d97c       0x58 _build/nrf52833_xxaa/app_uart_fifo.c.o
                0x000000000001d97c                app_uart_get
 .text.app_uart_put
                0x000000000001d9d4       0x74 _build/nrf52833_xxaa/app_uart_fifo.c.o
                0x000000000001d9d4                app_uart_put
 .text.app_util_critical_region_enter
                0x000000000001da48       0x4c _build/nrf52833_xxaa/app_util_platform.c.o
                0x000000000001da48                app_util_critical_region_enter
 .text.app_util_critical_region_exit
                0x000000000001da94       0x30 _build/nrf52833_xxaa/app_util_platform.c.o
                0x000000000001da94                app_util_critical_region_exit
 .text.drv_rtc_init
                0x000000000001dac4       0xc8 _build/nrf52833_xxaa/drv_rtc.c.o
                0x000000000001dac4                drv_rtc_init
 .text.drv_rtc_start
                0x000000000001db8c        0x8 _build/nrf52833_xxaa/drv_rtc.c.o
                0x000000000001db8c                drv_rtc_start
 .text.drv_rtc_stop
                0x000000000001db94        0x8 _build/nrf52833_xxaa/drv_rtc.c.o
                0x000000000001db94                drv_rtc_stop
 .text.drv_rtc_compare_set
                0x000000000001db9c       0x54 _build/nrf52833_xxaa/drv_rtc.c.o
                0x000000000001db9c                drv_rtc_compare_set
 .text.drv_rtc_windowed_compare_set
                0x000000000001dbf0      0x100 _build/nrf52833_xxaa/drv_rtc.c.o
                0x000000000001dbf0                drv_rtc_windowed_compare_set
 .text.drv_rtc_overflow_enable
                0x000000000001dcf0       0x14 _build/nrf52833_xxaa/drv_rtc.c.o
                0x000000000001dcf0                drv_rtc_overflow_enable
 .text.drv_rtc_overflow_pending
                0x000000000001dd04       0x20 _build/nrf52833_xxaa/drv_rtc.c.o
                0x000000000001dd04                drv_rtc_overflow_pending
 .text.drv_rtc_compare_disable
                0x000000000001dd24       0x18 _build/nrf52833_xxaa/drv_rtc.c.o
                0x000000000001dd24                drv_rtc_compare_disable
 .text.drv_rtc_compare_pending
                0x000000000001dd3c       0x20 _build/nrf52833_xxaa/drv_rtc.c.o
                0x000000000001dd3c                drv_rtc_compare_pending
 .text.drv_rtc_counter_get
                0x000000000001dd5c        0x8 _build/nrf52833_xxaa/drv_rtc.c.o
                0x000000000001dd5c                drv_rtc_counter_get
 .text.drv_rtc_irq_trigger
                0x000000000001dd64       0x24 _build/nrf52833_xxaa/drv_rtc.c.o
                0x000000000001dd64                drv_rtc_irq_trigger
 .text.RTC1_IRQHandler
                0x000000000001dd88       0x14 _build/nrf52833_xxaa/drv_rtc.c.o
                0x000000000001dd88                RTC1_IRQHandler
 .text.nrf_atfifo_init
                0x000000000001dd9c       0x30 _build/nrf52833_xxaa/nrf_atfifo.c.o
                0x000000000001dd9c                nrf_atfifo_init
 .text.nrf_atfifo_item_alloc
                0x000000000001ddcc       0x64 _build/nrf52833_xxaa/nrf_atfifo.c.o
                0x000000000001ddcc                nrf_atfifo_item_alloc
 .text.nrf_atfifo_item_put
                0x000000000001de30       0x20 _build/nrf52833_xxaa/nrf_atfifo.c.o
                0x000000000001de30                nrf_atfifo_item_put
 .text.nrf_atfifo_item_get
                0x000000000001de50       0x64 _build/nrf52833_xxaa/nrf_atfifo.c.o
                0x000000000001de50                nrf_atfifo_item_get
 .text.nrf_atfifo_item_free
                0x000000000001deb4       0x20 _build/nrf52833_xxaa/nrf_atfifo.c.o
                0x000000000001deb4                nrf_atfifo_item_free
 .text.nrf_atflags_set
                0x000000000001ded4       0x18 _build/nrf52833_xxaa/nrf_atflags.c.o
                0x000000000001ded4                nrf_atflags_set
 .text.nrf_atflags_clear
                0x000000000001deec       0x18 _build/nrf52833_xxaa/nrf_atflags.c.o
                0x000000000001deec                nrf_atflags_clear
 .text.nrf_atflags_get
                0x000000000001df04       0x14 _build/nrf52833_xxaa/nrf_atflags.c.o
                0x000000000001df04                nrf_atflags_get
 .text.nrf_atomic_u32_fetch_store
                0x000000000001df18       0x14 _build/nrf52833_xxaa/nrf_atomic.c.o
                0x000000000001df18                nrf_atomic_u32_fetch_store
 .text.nrf_atomic_u32_or
                0x000000000001df2c       0x18 _build/nrf52833_xxaa/nrf_atomic.c.o
                0x000000000001df2c                nrf_atomic_u32_or
 .text.nrf_atomic_u32_and
                0x000000000001df44       0x18 _build/nrf52833_xxaa/nrf_atomic.c.o
                0x000000000001df44                nrf_atomic_u32_and
 .text.nrf_atomic_u32_add
                0x000000000001df5c       0x18 _build/nrf52833_xxaa/nrf_atomic.c.o
                0x000000000001df5c                nrf_atomic_u32_add
 .text.nrf_atomic_u32_sub
                0x000000000001df74       0x18 _build/nrf52833_xxaa/nrf_atomic.c.o
                0x000000000001df74                nrf_atomic_u32_sub
 .text.nrf_atomic_flag_set
                0x000000000001df8c       0x18 _build/nrf52833_xxaa/nrf_atomic.c.o
                0x000000000001df8c                nrf_atomic_flag_set
 .text.nrf_atomic_flag_clear_fetch
                0x000000000001dfa4       0x18 _build/nrf52833_xxaa/nrf_atomic.c.o
                0x000000000001dfa4                nrf_atomic_flag_clear_fetch
 .text.nrf_balloc_init
                0x000000000001dfbc       0x3c _build/nrf52833_xxaa/nrf_balloc.c.o
                0x000000000001dfbc                nrf_balloc_init
 .text.nrf_balloc_alloc
                0x000000000001dff8       0x50 _build/nrf52833_xxaa/nrf_balloc.c.o
                0x000000000001dff8                nrf_balloc_alloc
 .text.nrf_balloc_free
                0x000000000001e048       0x38 _build/nrf52833_xxaa/nrf_balloc.c.o
                0x000000000001e048                nrf_balloc_free
 .text.nrf_fprintf_buffer_flush
                0x000000000001e080       0x18 _build/nrf52833_xxaa/nrf_fprintf.c.o
                0x000000000001e080                nrf_fprintf_buffer_flush
 .text.nrf_fprintf
                0x000000000001e098       0x20 _build/nrf52833_xxaa/nrf_fprintf.c.o
                0x000000000001e098                nrf_fprintf
 .text.unsigned_print
                0x000000000001e0b8      0x158 _build/nrf52833_xxaa/nrf_fprintf_format.c.o
 .text.nrf_fprintf_fmt
                0x000000000001e210      0x610 _build/nrf52833_xxaa/nrf_fprintf_format.c.o
                0x000000000001e210                nrf_fprintf_fmt
 .text.nrf_memobj_pool_init
                0x000000000001e820        0x4 _build/nrf52833_xxaa/nrf_memobj.c.o
                0x000000000001e820                nrf_memobj_pool_init
 .text.nrf_memobj_alloc
                0x000000000001e824       0x98 _build/nrf52833_xxaa/nrf_memobj.c.o
                0x000000000001e824                nrf_memobj_alloc
 .text.nrf_memobj_get
                0x000000000001e8bc        0x8 _build/nrf52833_xxaa/nrf_memobj.c.o
                0x000000000001e8bc                nrf_memobj_get
 .text.nrf_memobj_put
                0x000000000001e8c4       0x58 _build/nrf52833_xxaa/nrf_memobj.c.o
                0x000000000001e8c4                nrf_memobj_put
 .text.nrf_memobj_write
                0x000000000001e91c       0x68 _build/nrf52833_xxaa/nrf_memobj.c.o
                0x000000000001e91c                nrf_memobj_write
 .text.nrf_memobj_read
                0x000000000001e984       0x68 _build/nrf52833_xxaa/nrf_memobj.c.o
                0x000000000001e984                nrf_memobj_read
 .text.nrf_pwr_mgmt_init
                0x000000000001e9ec       0x2c _build/nrf52833_xxaa/nrf_pwr_mgmt.c.o
                0x000000000001e9ec                nrf_pwr_mgmt_init
 .text.nrf_ringbuf_init
                0x000000000001ea18       0x1c _build/nrf52833_xxaa/nrf_ringbuf.c.o
                0x000000000001ea18                nrf_ringbuf_init
 .text.nrf_section_iter_init
                0x000000000001ea34       0x14 _build/nrf52833_xxaa/nrf_section_iter.c.o
                0x000000000001ea34                nrf_section_iter_init
 .text.nrf_section_iter_next
                0x000000000001ea48       0x18 _build/nrf52833_xxaa/nrf_section_iter.c.o
                0x000000000001ea48                nrf_section_iter_next
 .text.nrf_sortlist_add
                0x000000000001ea60       0x28 _build/nrf52833_xxaa/nrf_sortlist.c.o
                0x000000000001ea60                nrf_sortlist_add
 .text.nrf_sortlist_pop
                0x000000000001ea88        0xc _build/nrf52833_xxaa/nrf_sortlist.c.o
                0x000000000001ea88                nrf_sortlist_pop
 .text.nrf_sortlist_peek
                0x000000000001ea94        0x8 _build/nrf52833_xxaa/nrf_sortlist.c.o
                0x000000000001ea94                nrf_sortlist_peek
 .text.nrf_sortlist_remove
                0x000000000001ea9c       0x1c _build/nrf52833_xxaa/nrf_sortlist.c.o
                0x000000000001ea9c                nrf_sortlist_remove
 .text.nrf_strerror_get
                0x000000000001eab8       0x44 _build/nrf52833_xxaa/nrf_strerror.c.o
                0x000000000001eab8                nrf_strerror_get
 .text._write   0x000000000001eafc       0x1c _build/nrf52833_xxaa/retarget.c.o
                0x000000000001eafc                _write
 .text._read    0x000000000001eb18       0x14 _build/nrf52833_xxaa/retarget.c.o
                0x000000000001eb18                _read
 .text.SystemInit
                0x000000000001eb2c      0x19c _build/nrf52833_xxaa/system_nrf52833.c.o
                0x000000000001eb2c                SystemInit
 .text.bsp_board_led_state_get
                0x000000000001ecc8       0x28 _build/nrf52833_xxaa/boards.c.o
                0x000000000001ecc8                bsp_board_led_state_get
 .text.bsp_board_led_on
                0x000000000001ecf0       0x24 _build/nrf52833_xxaa/boards.c.o
                0x000000000001ecf0                bsp_board_led_on
 .text.bsp_board_led_off
                0x000000000001ed14       0x24 _build/nrf52833_xxaa/boards.c.o
                0x000000000001ed14                bsp_board_led_off
 .text.bsp_board_leds_off
                0x000000000001ed38       0x60 _build/nrf52833_xxaa/boards.c.o
                0x000000000001ed38                bsp_board_leds_off
 .text.bsp_board_leds_on
                0x000000000001ed98       0x60 _build/nrf52833_xxaa/boards.c.o
                0x000000000001ed98                bsp_board_leds_on
 .text.bsp_board_led_invert
                0x000000000001edf8       0x34 _build/nrf52833_xxaa/boards.c.o
                0x000000000001edf8                bsp_board_led_invert
 .text.bsp_board_button_state_get
                0x000000000001ee2c       0x28 _build/nrf52833_xxaa/boards.c.o
                0x000000000001ee2c                bsp_board_button_state_get
 .text.bsp_board_pin_to_button_idx
                0x000000000001ee54       0x14 _build/nrf52833_xxaa/boards.c.o
                0x000000000001ee54                bsp_board_pin_to_button_idx
 .text.bsp_board_button_idx_to_pin
                0x000000000001ee68        0xc _build/nrf52833_xxaa/boards.c.o
                0x000000000001ee68                bsp_board_button_idx_to_pin
 .text.bsp_board_init
                0x000000000001ee74       0xb4 _build/nrf52833_xxaa/boards.c.o
                0x000000000001ee74                bsp_board_init
 .text.clock_irq_handler
                0x000000000001ef28       0x44 _build/nrf52833_xxaa/nrf_drv_clock.c.o
 .text.soc_evt_handler
                0x000000000001ef6c       0x28 _build/nrf52833_xxaa/nrf_drv_clock.c.o
 .text.sd_state_evt_handler
                0x000000000001ef94       0xc8 _build/nrf52833_xxaa/nrf_drv_clock.c.o
 .text.nrfx_clock_init
                0x000000000001f05c       0x18 _build/nrf52833_xxaa/nrfx_clock.c.o
                0x000000000001f05c                nrfx_clock_init
 .text.nrfx_clock_enable
                0x000000000001f074       0x24 _build/nrf52833_xxaa/nrfx_clock.c.o
                0x000000000001f074                nrfx_clock_enable
 .text.nrfx_clock_lfclk_stop
                0x000000000001f098       0x2c _build/nrf52833_xxaa/nrfx_clock.c.o
                0x000000000001f098                nrfx_clock_lfclk_stop
 .text.POWER_CLOCK_IRQHandler
                0x000000000001f0c4       0x5c _build/nrf52833_xxaa/nrfx_clock.c.o
                0x000000000001f0c4                POWER_CLOCK_IRQHandler
 .text.nrfx_gpiote_init
                0x000000000001f120       0xb4 _build/nrf52833_xxaa/nrfx_gpiote.c.o
                0x000000000001f120                nrfx_gpiote_init
 .text.nrfx_gpiote_is_init
                0x000000000001f1d4       0x14 _build/nrf52833_xxaa/nrfx_gpiote.c.o
                0x000000000001f1d4                nrfx_gpiote_is_init
 .text.nrfx_gpiote_in_init
                0x000000000001f1e8      0x200 _build/nrf52833_xxaa/nrfx_gpiote.c.o
                0x000000000001f1e8                nrfx_gpiote_in_init
 .text.nrfx_gpiote_in_event_enable
                0x000000000001f3e8       0xf0 _build/nrf52833_xxaa/nrfx_gpiote.c.o
                0x000000000001f3e8                nrfx_gpiote_in_event_enable
 .text.nrfx_gpiote_in_is_set
                0x000000000001f4d8       0x20 _build/nrf52833_xxaa/nrfx_gpiote.c.o
                0x000000000001f4d8                nrfx_gpiote_in_is_set
 .text.GPIOTE_IRQHandler
                0x000000000001f4f8      0x504 _build/nrf52833_xxaa/nrfx_gpiote.c.o
                0x000000000001f4f8                GPIOTE_IRQHandler
 .text.UARTE0_UART0_IRQHandler
                0x000000000001f9fc        0xc _build/nrf52833_xxaa/nrfx_prs.c.o
                0x000000000001f9fc                UARTE0_UART0_IRQHandler
 .text.nrfx_uart_tx
                0x000000000001fa08       0xd8 _build/nrf52833_xxaa/nrfx_uart.c.o
                0x000000000001fa08                nrfx_uart_tx
 .text.nrfx_uart_tx_in_progress
                0x000000000001fae0       0x18 _build/nrf52833_xxaa/nrfx_uart.c.o
                0x000000000001fae0                nrfx_uart_tx_in_progress
 .text.nrfx_uart_rx
                0x000000000001faf8      0x160 _build/nrf52833_xxaa/nrfx_uart.c.o
                0x000000000001faf8                nrfx_uart_rx
 .text.nrfx_uarte_tx
                0x000000000001fc58       0xac _build/nrf52833_xxaa/nrfx_uarte.c.o
                0x000000000001fc58                nrfx_uarte_tx
 .text.nrfx_uarte_tx_in_progress
                0x000000000001fd04       0x1c _build/nrf52833_xxaa/nrfx_uarte.c.o
                0x000000000001fd04                nrfx_uarte_tx_in_progress
 .text.nrfx_uarte_rx
                0x000000000001fd20      0x148 _build/nrf52833_xxaa/nrfx_uarte.c.o
                0x000000000001fd20                nrfx_uarte_rx
 .text.alert_timer_handler
                0x000000000001fe68        0x8 _build/nrf52833_xxaa/bsp.c.o
 .text.bsp_button_event_handler
                0x000000000001fe70       0xa8 _build/nrf52833_xxaa/bsp.c.o
 .text.button_timer_handler
                0x000000000001ff18       0x34 _build/nrf52833_xxaa/bsp.c.o
 .text.bsp_led_indication
                0x000000000001ff4c      0x308 _build/nrf52833_xxaa/bsp.c.o
 .text.leds_timer_handler
                0x0000000000020254       0x1c _build/nrf52833_xxaa/bsp.c.o
 .text.bsp_button_is_pressed
                0x0000000000020270        0xc _build/nrf52833_xxaa/bsp.c.o
                0x0000000000020270                bsp_button_is_pressed
 .text.bsp_indication_set
                0x000000000002027c       0x18 _build/nrf52833_xxaa/bsp.c.o
                0x000000000002027c                bsp_indication_set
 .text.bsp_init
                0x0000000000020294       0xb4 _build/nrf52833_xxaa/bsp.c.o
                0x0000000000020294                bsp_init
 .text.bsp_event_to_button_action_assign
                0x0000000000020348       0x54 _build/nrf52833_xxaa/bsp.c.o
                0x0000000000020348                bsp_event_to_button_action_assign
 .text.bsp_wakeup_button_enable
                0x000000000002039c       0x40 _build/nrf52833_xxaa/bsp.c.o
                0x000000000002039c                bsp_wakeup_button_enable
 .text.ble_evt_handler
                0x00000000000203dc       0xac _build/nrf52833_xxaa/bsp_btn_ble.c.o
 .text.bsp_btn_ble_sleep_mode_prepare
                0x0000000000020488       0x24 _build/nrf52833_xxaa/bsp_btn_ble.c.o
                0x0000000000020488                bsp_btn_ble_sleep_mode_prepare
 .text.bsp_btn_ble_init
                0x00000000000204ac       0x6c _build/nrf52833_xxaa/bsp_btn_ble.c.o
                0x00000000000204ac                bsp_btn_ble_init
 .text.sd_ble_gap_disconnect
                0x0000000000020518        0x4 _build/nrf52833_xxaa/ble_uart.c.o
 .text.sd_ble_gap_ppcp_set
                0x000000000002051c        0x4 _build/nrf52833_xxaa/ble_uart.c.o
 .text.sd_ble_gap_device_name_set
                0x0000000000020520        0x4 _build/nrf52833_xxaa/ble_uart.c.o
 .text.sd_ble_gap_sec_params_reply
                0x0000000000020524        0x4 _build/nrf52833_xxaa/ble_uart.c.o
 .text.sd_ble_gap_phy_update
                0x0000000000020528        0x4 _build/nrf52833_xxaa/ble_uart.c.o
 .text.sd_ble_gatts_sys_attr_set
                0x000000000002052c        0x4 _build/nrf52833_xxaa/ble_uart.c.o
 .text.sd_power_system_off
                0x0000000000020530        0x4 _build/nrf52833_xxaa/ble_uart.c.o
 .text.nrf_qwr_error_handler
                0x0000000000020534        0x4 _build/nrf52833_xxaa/ble_uart.c.o
 .text.ble_evt_handler
                0x0000000000020538      0x100 _build/nrf52833_xxaa/ble_uart.c.o
 .text.on_conn_params_evt
                0x0000000000020638       0x24 _build/nrf52833_xxaa/ble_uart.c.o
 .text.bsp_event_handler
                0x000000000002065c       0x70 _build/nrf52833_xxaa/ble_uart.c.o
                0x000000000002065c                bsp_event_handler
 .text.gatt_evt_handler
                0x00000000000206cc       0x4c _build/nrf52833_xxaa/ble_uart.c.o
                0x00000000000206cc                gatt_evt_handler
 .text.nus_data_handler
                0x0000000000020718       0x14 _build/nrf52833_xxaa/ble_uart.c.o
 .text.conn_params_error_handler
                0x000000000002072c        0x4 _build/nrf52833_xxaa/ble_uart.c.o
 .text.on_adv_evt
                0x0000000000020730       0x40 _build/nrf52833_xxaa/ble_uart.c.o
 .text.ble_send
                0x0000000000020770       0xc4 _build/nrf52833_xxaa/ble_uart.c.o
                0x0000000000020770                ble_send
 .text.ble_init
                0x0000000000020834      0x294 _build/nrf52833_xxaa/ble_uart.c.o
                0x0000000000020834                ble_init
 .text.ble_recv_handler
                0x0000000000020ac8       0x20 _build/nrf52833_xxaa/main.c.o
 .text.startup.main
                0x0000000000020ae8       0x10 _build/nrf52833_xxaa/main.c.o
                0x0000000000020ae8                main
 .text.SEGGER_RTT_WriteNoLock
                0x0000000000020af8      0x1a8 _build/nrf52833_xxaa/SEGGER_RTT.c.o
                0x0000000000020af8                SEGGER_RTT_WriteNoLock
 .text.SEGGER_RTT_Init
                0x0000000000020ca0       0x68 _build/nrf52833_xxaa/SEGGER_RTT.c.o
                0x0000000000020ca0                SEGGER_RTT_Init
 .text.sd_ble_gap_addr_get
                0x0000000000020d08        0x4 _build/nrf52833_xxaa/ble_advdata.c.o
 .text.sd_ble_gap_appearance_get
                0x0000000000020d0c        0x4 _build/nrf52833_xxaa/ble_advdata.c.o
 .text.sd_ble_gap_device_name_get
                0x0000000000020d10        0x4 _build/nrf52833_xxaa/ble_advdata.c.o
 .text.sd_ble_uuid_encode
                0x0000000000020d14        0x4 _build/nrf52833_xxaa/ble_advdata.c.o
 .text.uuid_list_sized_encode
                0x0000000000020d18       0xb8 _build/nrf52833_xxaa/ble_advdata.c.o
 .text.ble_advdata_encode
                0x0000000000020dd0      0x424 _build/nrf52833_xxaa/ble_advdata.c.o
                0x0000000000020dd0                ble_advdata_encode
 .text.ble_advdata_parse
                0x00000000000211f4       0x4c _build/nrf52833_xxaa/ble_advdata.c.o
                0x00000000000211f4                ble_advdata_parse
 .text.sd_ble_gap_adv_set_configure
                0x0000000000021240        0x4 _build/nrf52833_xxaa/ble_advertising.c.o
 .text.sd_ble_gap_adv_start
                0x0000000000021244        0x4 _build/nrf52833_xxaa/ble_advertising.c.o
 .text.sd_ble_gap_adv_stop
                0x0000000000021248        0x4 _build/nrf52833_xxaa/ble_advertising.c.o
 .text.ble_advertising_start.part.0
                0x000000000002124c      0x2d4 _build/nrf52833_xxaa/ble_advertising.c.o
 .text.ble_advertising_conn_cfg_tag_set
                0x0000000000021520        0x8 _build/nrf52833_xxaa/ble_advertising.c.o
                0x0000000000021520                ble_advertising_conn_cfg_tag_set
 .text.ble_advertising_init
                0x0000000000021528       0xf4 _build/nrf52833_xxaa/ble_advertising.c.o
                0x0000000000021528                ble_advertising_init
 .text.ble_advertising_start
                0x000000000002161c        0xc _build/nrf52833_xxaa/ble_advertising.c.o
                0x000000000002161c                ble_advertising_start
 .text.ble_advertising_on_ble_evt
                0x0000000000021628       0x8c _build/nrf52833_xxaa/ble_advertising.c.o
                0x0000000000021628                ble_advertising_on_ble_evt
 .text.ble_advertising_restart_without_whitelist
                0x00000000000216b4       0x60 _build/nrf52833_xxaa/ble_advertising.c.o
                0x00000000000216b4                ble_advertising_restart_without_whitelist
 .text.sd_ble_gap_conn_param_update
                0x0000000000021714        0x4 _build/nrf52833_xxaa/ble_conn_params.c.o
 .text.sd_ble_gap_disconnect
                0x0000000000021718        0x4 _build/nrf52833_xxaa/ble_conn_params.c.o
 .text.sd_ble_gap_ppcp_set
                0x000000000002171c        0x4 _build/nrf52833_xxaa/ble_conn_params.c.o
 .text.sd_ble_gap_ppcp_get
                0x0000000000021720        0x4 _build/nrf52833_xxaa/ble_conn_params.c.o
 .text.update_timeout_handler
                0x0000000000021724       0x80 _build/nrf52833_xxaa/ble_conn_params.c.o
 .text.ble_evt_handler
                0x00000000000217a4      0x1d0 _build/nrf52833_xxaa/ble_conn_params.c.o
 .text.ble_conn_params_init
                0x0000000000021974       0x78 _build/nrf52833_xxaa/ble_conn_params.c.o
                0x0000000000021974                ble_conn_params_init
 .text.ble_evt_handler
                0x00000000000219ec      0x13c _build/nrf52833_xxaa/ble_conn_state.c.o
 .text.ble_conn_state_conn_idx
                0x0000000000021b28       0x24 _build/nrf52833_xxaa/ble_conn_state.c.o
                0x0000000000021b28                ble_conn_state_conn_idx
 .text.blcm_link_ctx_get
                0x0000000000021b4c       0x50 _build/nrf52833_xxaa/ble_link_ctx_manager.c.o
                0x0000000000021b4c                blcm_link_ctx_get
 .text.sd_ble_gatts_characteristic_add
                0x0000000000021b9c        0x4 _build/nrf52833_xxaa/ble_srv_common.c.o
 .text.ble_srv_is_notification_enabled
                0x0000000000021ba0        0x8 _build/nrf52833_xxaa/ble_srv_common.c.o
                0x0000000000021ba0                ble_srv_is_notification_enabled
 .text.characteristic_add
                0x0000000000021ba8      0x270 _build/nrf52833_xxaa/ble_srv_common.c.o
                0x0000000000021ba8                characteristic_add
 .text.sd_ble_gap_data_length_update
                0x0000000000021e18        0x4 _build/nrf52833_xxaa/nrf_ble_gatt.c.o
 .text.sd_ble_gattc_exchange_mtu_request
                0x0000000000021e1c        0x4 _build/nrf52833_xxaa/nrf_ble_gatt.c.o
 .text.sd_ble_gatts_exchange_mtu_reply
                0x0000000000021e20        0x4 _build/nrf52833_xxaa/nrf_ble_gatt.c.o
 .text.data_length_update
                0x0000000000021e24       0x8c _build/nrf52833_xxaa/nrf_ble_gatt.c.o
 .text.nrf_ble_gatt_init
                0x0000000000021eb0       0x30 _build/nrf52833_xxaa/nrf_ble_gatt.c.o
                0x0000000000021eb0                nrf_ble_gatt_init
 .text.nrf_ble_gatt_att_mtu_periph_set
                0x0000000000021ee0       0x18 _build/nrf52833_xxaa/nrf_ble_gatt.c.o
                0x0000000000021ee0                nrf_ble_gatt_att_mtu_periph_set
 .text.nrf_ble_gatt_on_ble_evt
                0x0000000000021ef8      0x1cc _build/nrf52833_xxaa/nrf_ble_gatt.c.o
                0x0000000000021ef8                nrf_ble_gatt_on_ble_evt
 .text.sd_ble_gatts_rw_authorize_reply
                0x00000000000220c4        0x4 _build/nrf52833_xxaa/nrf_ble_qwr.c.o
 .text.sd_ble_user_mem_reply
                0x00000000000220c8        0x4 _build/nrf52833_xxaa/nrf_ble_qwr.c.o
 .text.nrf_ble_qwr_init
                0x00000000000220cc       0x24 _build/nrf52833_xxaa/nrf_ble_qwr.c.o
                0x00000000000220cc                nrf_ble_qwr_init
 .text.nrf_ble_qwr_conn_handle_assign
                0x00000000000220f0       0x18 _build/nrf52833_xxaa/nrf_ble_qwr.c.o
                0x00000000000220f0                nrf_ble_qwr_conn_handle_assign
 .text.nrf_ble_qwr_on_ble_evt
                0x0000000000022108       0xec _build/nrf52833_xxaa/nrf_ble_qwr.c.o
                0x0000000000022108                nrf_ble_qwr_on_ble_evt
 .text.sd_ble_gatts_service_add
                0x00000000000221f4        0x4 _build/nrf52833_xxaa/ble_nus.c.o
 .text.sd_ble_gatts_value_get
                0x00000000000221f8        0x4 _build/nrf52833_xxaa/ble_nus.c.o
 .text.sd_ble_gatts_hvx
                0x00000000000221fc        0x4 _build/nrf52833_xxaa/ble_nus.c.o
 .text.sd_ble_uuid_vs_add
                0x0000000000022200        0x4 _build/nrf52833_xxaa/ble_nus.c.o
 .text.ble_nus_on_ble_evt
                0x0000000000022204      0x134 _build/nrf52833_xxaa/ble_nus.c.o
                0x0000000000022204                ble_nus_on_ble_evt
 .text.ble_nus_init
                0x0000000000022338       0xe4 _build/nrf52833_xxaa/ble_nus.c.o
                0x0000000000022338                ble_nus_init
 .text.ble_nus_data_send
                0x000000000002241c       0x6c _build/nrf52833_xxaa/ble_nus.c.o
                0x000000000002241c                ble_nus_data_send
 .text.sd_softdevice_enable
                0x0000000000022488        0x4 _build/nrf52833_xxaa/nrf_sdh.c.o
 .text.nrf_sdh_enable_request.part.0
                0x000000000002248c      0x10c _build/nrf52833_xxaa/nrf_sdh.c.o
 .text.nrf_sdh_enable_request
                0x0000000000022598       0x14 _build/nrf52833_xxaa/nrf_sdh.c.o
                0x0000000000022598                nrf_sdh_enable_request
 .text.nrf_sdh_is_enabled
                0x00000000000225ac        0xc _build/nrf52833_xxaa/nrf_sdh.c.o
                0x00000000000225ac                nrf_sdh_is_enabled
 .text.SWI2_EGU2_IRQHandler
                0x00000000000225b8       0x2c _build/nrf52833_xxaa/nrf_sdh.c.o
                0x00000000000225b8                SWI2_EGU2_IRQHandler
 .text.sd_ble_enable
                0x00000000000225e4        0x4 _build/nrf52833_xxaa/nrf_sdh_ble.c.o
 .text.sd_ble_cfg_set
                0x00000000000225e8        0x4 _build/nrf52833_xxaa/nrf_sdh_ble.c.o
 .text.sd_ble_evt_get
                0x00000000000225ec        0x4 _build/nrf52833_xxaa/nrf_sdh_ble.c.o
 .text.nrf_sdh_ble_evts_poll.part.0
                0x00000000000225f0       0x5c _build/nrf52833_xxaa/nrf_sdh_ble.c.o
 .text.nrf_sdh_ble_evts_poll
                0x000000000002264c       0x10 _build/nrf52833_xxaa/nrf_sdh_ble.c.o
 .text.nrf_sdh_ble_default_cfg_set
                0x000000000002265c      0x1b0 _build/nrf52833_xxaa/nrf_sdh_ble.c.o
                0x000000000002265c                nrf_sdh_ble_default_cfg_set
 .text.nrf_sdh_ble_enable
                0x000000000002280c       0x9c _build/nrf52833_xxaa/nrf_sdh_ble.c.o
                0x000000000002280c                nrf_sdh_ble_enable
 .text.sd_evt_get
                0x00000000000228a8        0x4 _build/nrf52833_xxaa/nrf_sdh_soc.c.o
 .text.nrf_sdh_soc_evts_poll
                0x00000000000228ac       0x50 _build/nrf52833_xxaa/nrf_sdh_soc.c.o
 .text.exit     0x00000000000228fc       0x24 /opt/arm-gnu-toolchain-12.2.rel1-x86_64-arm-none-eabi/bin/../lib/gcc/arm-none-eabi/12.2.1/../../../../arm-none-eabi/lib/thumb/v7e-m+fp/hard/libc_nano.a(libc_a-exit.o)
                0x00000000000228fc                exit
 .text.__libc_init_array
                0x0000000000022920       0x48 /opt/arm-gnu-toolchain-12.2.rel1-x86_64-arm-none-eabi/bin/../lib/gcc/arm-none-eabi/12.2.1/../../../../arm-none-eabi/lib/thumb/v7e-m+fp/hard/libc_nano.a(libc_a-init.o)
                0x0000000000022920                __libc_init_array
 .text.strcpy   0x0000000000022968       0x10 /opt/arm-gnu-toolchain-12.2.rel1-x86_64-arm-none-eabi/bin/../lib/gcc/arm-none-eabi/12.2.1/../../../../arm-none-eabi/lib/thumb/v7e-m+fp/hard/libc_nano.a(libc_a-strcpy.o)
                0x0000000000022968                strcpy
 .text.printf   0x0000000000022978       0x24 /opt/arm-gnu-toolchain-12.2.rel1-x86_64-arm-none-eabi/bin/../lib/gcc/arm-none-eabi/12.2.1/../../../../arm-none-eabi/lib/thumb/v7e-m+fp/hard/libc_nano.a(libc_a-printf.o)
                0x0000000000022978                printf
                0x0000000000022978                iprintf
 .text.__sfputc_r
                0x000000000002299c       0x2e /opt/arm-gnu-toolchain-12.2.rel1-x86_64-arm-none-eabi/bin/../lib/gcc/arm-none-eabi/12.2.1/../../../../arm-none-eabi/lib/thumb/v7e-m+fp/hard/libc_nano.a(libc_a-nano-vfprintf.o)
 .text.__sfputs_r
                0x00000000000229ca       0x24 /opt/arm-gnu-toolchain-12.2.rel1-x86_64-arm-none-eabi/bin/../lib/gcc/arm-none-eabi/12.2.1/../../../../arm-none-eabi/lib/thumb/v7e-m+fp/hard/libc_nano.a(libc_a-nano-vfprintf.o)
                0x00000000000229ca                __sfputs_r
 *fill*         0x00000000000229ee        0x2 
 .text._vfprintf_r
                0x00000000000229f0      0x230 /opt/arm-gnu-toolchain-12.2.rel1-x86_64-arm-none-eabi/bin/../lib/gcc/arm-none-eabi/12.2.1/../../../../arm-none-eabi/lib/thumb/v7e-m+fp/hard/libc_nano.a(libc_a-nano-vfprintf.o)
                0x00000000000229f0                _vfiprintf_r
                0x00000000000229f0                _vfprintf_r
 .text.__swbuf_r
                0x0000000000022c20       0x7c /opt/arm-gnu-toolchain-12.2.rel1-x86_64-arm-none-eabi/bin/../lib/gcc/arm-none-eabi/12.2.1/../../../../arm-none-eabi/lib/thumb/v7e-m+fp/hard/libc_nano.a(libc_a-wbuf.o)
                0x0000000000022c20                __swbuf_r
 .text.__swsetup_r
                0x0000000000022c9c       0xac /opt/arm-gnu-toolchain-12.2.rel1-x86_64-arm-none-eabi/bin/../lib/gcc/arm-none-eabi/12.2.1/../../../../arm-none-eabi/lib/thumb/v7e-m+fp/hard/libc_nano.a(libc_a-wsetup.o)
                0x0000000000022c9c                __swsetup_r
 .text._printf_common
                0x0000000000022d48       0xda /opt/arm-gnu-toolchain-12.2.rel1-x86_64-arm-none-eabi/bin/../lib/gcc/arm-none-eabi/12.2.1/../../../../arm-none-eabi/lib/thumb/v7e-m+fp/hard/libc_nano.a(libc_a-nano-vfprintf_i.o)
                0x0000000000022d48                _printf_common
 *fill*         0x0000000000022e22        0x2 
 .text._printf_i
                0x0000000000022e24      0x258 /opt/arm-gnu-toolchain-12.2.rel1-x86_64-arm-none-eabi/bin/../lib/gcc/arm-none-eabi/12.2.1/../../../../arm-none-eabi/lib/thumb/v7e-m+fp/hard/libc_nano.a(libc_a-nano-vfprintf_i.o)
                0x0000000000022e24                _printf_i
 .text.__sflush_r
                0x000000000002307c      0x108 /opt/arm-gnu-toolchain-12.2.rel1-x86_64-arm-none-eabi/bin/../lib/gcc/arm-none-eabi/12.2.1/../../../../arm-none-eabi/lib/thumb/v7e-m+fp/hard/libc_nano.a(libc_a-fflush.o)
                0x000000000002307c                __sflush_r
 .text._fflush_r
                0x0000000000023184       0x50 /opt/arm-gnu-toolchain-12.2.rel1-x86_64-arm-none-eabi/bin/../lib/gcc/arm-none-eabi/12.2.1/../../../../arm-none-eabi/lib/thumb/v7e-m+fp/hard/libc_nano.a(libc_a-fflush.o)
                0x0000000000023184                _fflush_r
 *fill*         0x00000000000231d4        0xc 
 .text          0x00000000000231e0       0xa0 /opt/arm-gnu-toolchain-12.2.rel1-x86_64-arm-none-eabi/bin/../lib/gcc/arm-none-eabi/12.2.1/../../../../arm-none-eabi/lib/thumb/v7e-m+fp/hard/libc_nano.a(libc_a-memchr.o)
                0x00000000000231e0                memchr
 .text.memcpy   0x0000000000023280       0x1c /opt/arm-gnu-toolchain-12.2.rel1-x86_64-arm-none-eabi/bin/../lib/gcc/arm-none-eabi/12.2.1/../../../../arm-none-eabi/lib/thumb/v7e-m+fp/hard/libc_nano.a(libc_a-memcpy-stub.o)
                0x0000000000023280                memcpy
 .text.std      0x000000000002329c       0x6c /opt/arm-gnu-toolchain-12.2.rel1-x86_64-arm-none-eabi/bin/../lib/gcc/arm-none-eabi/12.2.1/../../../../arm-none-eabi/lib/thumb/v7e-m+fp/hard/libc_nano.a(libc_a-findfp.o)
 .text.stdio_exit_handler
                0x0000000000023308       0x18 /opt/arm-gnu-toolchain-12.2.rel1-x86_64-arm-none-eabi/bin/../lib/gcc/arm-none-eabi/12.2.1/../../../../arm-none-eabi/lib/thumb/v7e-m+fp/hard/libc_nano.a(libc_a-findfp.o)
 .text.cleanup_stdio
                0x0000000000023320       0x40 /opt/arm-gnu-toolchain-12.2.rel1-x86_64-arm-none-eabi/bin/../lib/gcc/arm-none-eabi/12.2.1/../../../../arm-none-eabi/lib/thumb/v7e-m+fp/hard/libc_nano.a(libc_a-findfp.o)
 .text.global_stdio_init.part.0
                0x0000000000023360       0x3c /opt/arm-gnu-toolchain-12.2.rel1-x86_64-arm-none-eabi/bin/../lib/gcc/arm-none-eabi/12.2.1/../../../../arm-none-eabi/lib/thumb/v7e-m+fp/hard/libc_nano.a(libc_a-findfp.o)
 .text.__sfp_lock_acquire
                0x000000000002339c        0xc /opt/arm-gnu-toolchain-12.2.rel1-x86_64-arm-none-eabi/bin/../lib/gcc/arm-none-eabi/12.2.1/../../../../arm-none-eabi/lib/thumb/v7e-m+fp/hard/libc_nano.a(libc_a-findfp.o)
                0x000000000002339c                __sfp_lock_acquire
 .text.__sfp_lock_release
                0x00000000000233a8        0xc /opt/arm-gnu-toolchain-12.2.rel1-x86_64-arm-none-eabi/bin/../lib/gcc/arm-none-eabi/12.2.1/../../../../arm-none-eabi/lib/thumb/v7e-m+fp/hard/libc_nano.a(libc_a-findfp.o)
                0x00000000000233a8                __sfp_lock_release
 .text.__sinit  0x00000000000233b4       0x30 /opt/arm-gnu-toolchain-12.2.rel1-x86_64-arm-none-eabi/bin/../lib/gcc/arm-none-eabi/12.2.1/../../../../arm-none-eabi/lib/thumb/v7e-m+fp/hard/libc_nano.a(libc_a-findfp.o)
                0x00000000000233b4                __sinit
 .text          0x00000000000233e4       0x10 /opt/arm-gnu-toolchain-12.2.rel1-x86_64-arm-none-eabi/bin/../lib/gcc/arm-none-eabi/12.2.1/../../../../arm-none-eabi/lib/thumb/v7e-m+fp/hard/libc_nano.a(libc_a-strlen.o)
                0x00000000000233e4                strlen
 .text.__sread  0x00000000000233f4       0x22 /opt/arm-gnu-toolchain-12.2.rel1-x86_64-arm-none-eabi/bin/../lib/gcc/arm-none-eabi/12.2.1/../../../../arm-none-eabi/lib/thumb/v7e-m+fp/hard/libc_nano.a(libc_a-stdio.o)
                0x00000000000233f4                __sread
 .text.__swrite
                0x0000000000023416       0x38 /opt/arm-gnu-toolchain-12.2.rel1-x86_64-arm-none-eabi/bin/../lib/gcc/arm-none-eabi/12.2.1/../../../../arm-none-eabi/lib/thumb/v7e-m+fp/hard/libc_nano.a(libc_a-stdio.o)
                0x0000000000023416                __swrite
 .text.__sseek  0x000000000002344e       0x24 /opt/arm-gnu-toolchain-12.2.rel1-x86_64-arm-none-eabi/bin/../lib/gcc/arm-none-eabi/12.2.1/../../../../arm-none-eabi/lib/thumb/v7e-m+fp/hard/libc_nano.a(libc_a-stdio.o)
                0x000000000002344e                __sseek
 .text.__sclose
                0x0000000000023472        0x8 /opt/arm-gnu-toolchain-12.2.rel1-x86_64-arm-none-eabi/bin/../lib/gcc/arm-none-eabi/12.2.1/../../../../arm-none-eabi/lib/thumb/v7e-m+fp/hard/libc_nano.a(libc_a-stdio.o)
                0x0000000000023472                __sclose
 *fill*         0x000000000002347a        0x2 
 .text._write_r
                0x000000000002347c       0x24 /opt/arm-gnu-toolchain-12.2.rel1-x86_64-arm-none-eabi/bin/../lib/gcc/arm-none-eabi/12.2.1/../../../../arm-none-eabi/lib/thumb/v7e-m+fp/hard/libc_nano.a(libc_a-writer.o)
                0x000000000002347c                _write_r
 .text._fwalk_sglue
                0x00000000000234a0       0x3c /opt/arm-gnu-toolchain-12.2.rel1-x86_64-arm-none-eabi/bin/../lib/gcc/arm-none-eabi/12.2.1/../../../../arm-none-eabi/lib/thumb/v7e-m+fp/hard/libc_nano.a(libc_a-fwalk.o)
                0x00000000000234a0                _fwalk_sglue
 .text.memset   0x00000000000234dc       0x10 /opt/arm-gnu-toolchain-12.2.rel1-x86_64-arm-none-eabi/bin/../lib/gcc/arm-none-eabi/12.2.1/../../../../arm-none-eabi/lib/thumb/v7e-m+fp/hard/libc_nano.a(libc_a-memset.o)
                0x00000000000234dc                memset
 .text._free_r  0x00000000000234ec       0x94 /opt/arm-gnu-toolchain-12.2.rel1-x86_64-arm-none-eabi/bin/../lib/gcc/arm-none-eabi/12.2.1/../../../../arm-none-eabi/lib/thumb/v7e-m+fp/hard/libc_nano.a(libc_a-freer.o)
                0x00000000000234ec                _free_r
 .text.__retarget_lock_init_recursive
                0x0000000000023580        0x2 /opt/arm-gnu-toolchain-12.2.rel1-x86_64-arm-none-eabi/bin/../lib/gcc/arm-none-eabi/12.2.1/../../../../arm-none-eabi/lib/thumb/v7e-m+fp/hard/libc_nano.a(libc_a-lock.o)
                0x0000000000023580                __retarget_lock_init_recursive
 .text.__retarget_lock_acquire_recursive
                0x0000000000023582        0x2 /opt/arm-gnu-toolchain-12.2.rel1-x86_64-arm-none-eabi/bin/../lib/gcc/arm-none-eabi/12.2.1/../../../../arm-none-eabi/lib/thumb/v7e-m+fp/hard/libc_nano.a(libc_a-lock.o)
                0x0000000000023582                __retarget_lock_acquire_recursive
 .text.__retarget_lock_release_recursive
                0x0000000000023584        0x2 /opt/arm-gnu-toolchain-12.2.rel1-x86_64-arm-none-eabi/bin/../lib/gcc/arm-none-eabi/12.2.1/../../../../arm-none-eabi/lib/thumb/v7e-m+fp/hard/libc_nano.a(libc_a-lock.o)
                0x0000000000023584                __retarget_lock_release_recursive
 .text.__swhatbuf_r
                0x0000000000023586       0x4c /opt/arm-gnu-toolchain-12.2.rel1-x86_64-arm-none-eabi/bin/../lib/gcc/arm-none-eabi/12.2.1/../../../../arm-none-eabi/lib/thumb/v7e-m+fp/hard/libc_nano.a(libc_a-makebuf.o)
                0x0000000000023586                __swhatbuf_r
 .text.__smakebuf_r
                0x00000000000235d2       0x78 /opt/arm-gnu-toolchain-12.2.rel1-x86_64-arm-none-eabi/bin/../lib/gcc/arm-none-eabi/12.2.1/../../../../arm-none-eabi/lib/thumb/v7e-m+fp/hard/libc_nano.a(libc_a-makebuf.o)
                0x00000000000235d2                __smakebuf_r
 *fill*         0x000000000002364a        0x2 
 .text._close_r
                0x000000000002364c       0x20 /opt/arm-gnu-toolchain-12.2.rel1-x86_64-arm-none-eabi/bin/../lib/gcc/arm-none-eabi/12.2.1/../../../../arm-none-eabi/lib/thumb/v7e-m+fp/hard/libc_nano.a(libc_a-closer.o)
                0x000000000002364c                _close_r
 .text.sbrk_aligned
                0x000000000002366c       0x44 /opt/arm-gnu-toolchain-12.2.rel1-x86_64-arm-none-eabi/bin/../lib/gcc/arm-none-eabi/12.2.1/../../../../arm-none-eabi/lib/thumb/v7e-m+fp/hard/libc_nano.a(libc_a-mallocr.o)
 .text._malloc_r
                0x00000000000236b0       0xf0 /opt/arm-gnu-toolchain-12.2.rel1-x86_64-arm-none-eabi/bin/../lib/gcc/arm-none-eabi/12.2.1/../../../../arm-none-eabi/lib/thumb/v7e-m+fp/hard/libc_nano.a(libc_a-mallocr.o)
                0x00000000000236b0                _malloc_r
 .text._fstat_r
                0x00000000000237a0       0x24 /opt/arm-gnu-toolchain-12.2.rel1-x86_64-arm-none-eabi/bin/../lib/gcc/arm-none-eabi/12.2.1/../../../../arm-none-eabi/lib/thumb/v7e-m+fp/hard/libc_nano.a(libc_a-fstatr.o)
                0x00000000000237a0                _fstat_r
 .text._isatty_r
                0x00000000000237c4       0x20 /opt/arm-gnu-toolchain-12.2.rel1-x86_64-arm-none-eabi/bin/../lib/gcc/arm-none-eabi/12.2.1/../../../../arm-none-eabi/lib/thumb/v7e-m+fp/hard/libc_nano.a(libc_a-isattyr.o)
                0x00000000000237c4                _isatty_r
 .text._lseek_r
                0x00000000000237e4       0x24 /opt/arm-gnu-toolchain-12.2.rel1-x86_64-arm-none-eabi/bin/../lib/gcc/arm-none-eabi/12.2.1/../../../../arm-none-eabi/lib/thumb/v7e-m+fp/hard/libc_nano.a(libc_a-lseekr.o)
                0x00000000000237e4                _lseek_r
 .text._read_r  0x0000000000023808       0x24 /opt/arm-gnu-toolchain-12.2.rel1-x86_64-arm-none-eabi/bin/../lib/gcc/arm-none-eabi/12.2.1/../../../../arm-none-eabi/lib/thumb/v7e-m+fp/hard/libc_nano.a(libc_a-readr.o)
                0x0000000000023808                _read_r
 .text.__malloc_lock
                0x000000000002382c        0xc /opt/arm-gnu-toolchain-12.2.rel1-x86_64-arm-none-eabi/bin/../lib/gcc/arm-none-eabi/12.2.1/../../../../arm-none-eabi/lib/thumb/v7e-m+fp/hard/libc_nano.a(libc_a-mlock.o)
                0x000000000002382c                __malloc_lock
 .text.__malloc_unlock
                0x0000000000023838        0xc /opt/arm-gnu-toolchain-12.2.rel1-x86_64-arm-none-eabi/bin/../lib/gcc/arm-none-eabi/12.2.1/../../../../arm-none-eabi/lib/thumb/v7e-m+fp/hard/libc_nano.a(libc_a-mlock.o)
                0x0000000000023838                __malloc_unlock
 .text._sbrk_r  0x0000000000023844       0x20 /opt/arm-gnu-toolchain-12.2.rel1-x86_64-arm-none-eabi/bin/../lib/gcc/arm-none-eabi/12.2.1/../../../../arm-none-eabi/lib/thumb/v7e-m+fp/hard/libc_nano.a(libc_a-sbrkr.o)
                0x0000000000023844                _sbrk_r
 .text._close   0x0000000000023864       0x10 /opt/arm-gnu-toolchain-12.2.rel1-x86_64-arm-none-eabi/bin/../lib/gcc/arm-none-eabi/12.2.1/../../../../arm-none-eabi/lib/thumb/v7e-m+fp/hard/libnosys.a(close.o)
                0x0000000000023864                _close
 .text._fstat   0x0000000000023874       0x10 /opt/arm-gnu-toolchain-12.2.rel1-x86_64-arm-none-eabi/bin/../lib/gcc/arm-none-eabi/12.2.1/../../../../arm-none-eabi/lib/thumb/v7e-m+fp/hard/libnosys.a(fstat.o)
                0x0000000000023874                _fstat
 .text._isatty  0x0000000000023884       0x10 /opt/arm-gnu-toolchain-12.2.rel1-x86_64-arm-none-eabi/bin/../lib/gcc/arm-none-eabi/12.2.1/../../../../arm-none-eabi/lib/thumb/v7e-m+fp/hard/libnosys.a(isatty.o)
                0x0000000000023884                _isatty
 .text._lseek   0x0000000000023894       0x10 /opt/arm-gnu-toolchain-12.2.rel1-x86_64-arm-none-eabi/bin/../lib/gcc/arm-none-eabi/12.2.1/../../../../arm-none-eabi/lib/thumb/v7e-m+fp/hard/libnosys.a(lseek.o)
                0x0000000000023894                _lseek
 .text._sbrk    0x00000000000238a4       0x1c /opt/arm-gnu-toolchain-12.2.rel1-x86_64-arm-none-eabi/bin/../lib/gcc/arm-none-eabi/12.2.1/../../../../arm-none-eabi/lib/thumb/v7e-m+fp/hard/libnosys.a(sbrk.o)
                0x00000000000238a4                _sbrk
 .text._exit    0x00000000000238c0        0x4 /opt/arm-gnu-toolchain-12.2.rel1-x86_64-arm-none-eabi/bin/../lib/gcc/arm-none-eabi/12.2.1/../../../../arm-none-eabi/lib/thumb/v7e-m+fp/hard/libnosys.a(_exit.o)
                0x00000000000238c0                _exit
 .text          0x00000000000238c4       0x30 /opt/arm-gnu-toolchain-12.2.rel1-x86_64-arm-none-eabi/bin/../lib/gcc/arm-none-eabi/12.2.1/thumb/v7e-m+fp/hard/libgcc.a(_aeabi_uldivmod.o)
                0x00000000000238c4                __aeabi_uldivmod
 .text.__udivmoddi4
                0x00000000000238f4      0x2bc /opt/arm-gnu-toolchain-12.2.rel1-x86_64-arm-none-eabi/bin/../lib/gcc/arm-none-eabi/12.2.1/thumb/v7e-m+fp/hard/libgcc.a(_udivmoddi4.o)
                0x00000000000238f4                __udivmoddi4
 .text          0x0000000000023bb0        0x4 /opt/arm-gnu-toolchain-12.2.rel1-x86_64-arm-none-eabi/bin/../lib/gcc/arm-none-eabi/12.2.1/thumb/v7e-m+fp/hard/libgcc.a(_dvmd_tls.o)
                0x0000000000023bb0                __aeabi_ldiv0
                0x0000000000023bb0                __aeabi_idiv0
 *(.init)
 .init          0x0000000000023bb4        0x4 /opt/arm-gnu-toolchain-12.2.rel1-x86_64-arm-none-eabi/bin/../lib/gcc/arm-none-eabi/12.2.1/thumb/v7e-m+fp/hard/crti.o
                0x0000000000023bb4                _init
 .init          0x0000000000023bb8        0x8 /opt/arm-gnu-toolchain-12.2.rel1-x86_64-arm-none-eabi/bin/../lib/gcc/arm-none-eabi/12.2.1/thumb/v7e-m+fp/hard/crtn.o
 *(.fini)
 .fini          0x0000000000023bc0        0x4 /opt/arm-gnu-toolchain-12.2.rel1-x86_64-arm-none-eabi/bin/../lib/gcc/arm-none-eabi/12.2.1/thumb/v7e-m+fp/hard/crti.o
                0x0000000000023bc0                _fini
 .fini          0x0000000000023bc4        0x8 /opt/arm-gnu-toolchain-12.2.rel1-x86_64-arm-none-eabi/bin/../lib/gcc/arm-none-eabi/12.2.1/thumb/v7e-m+fp/hard/crtn.o
 *crtbegin.o(.ctors)
 *crtbegin?.o(.ctors)
 *(EXCLUDE_FILE(*crtend.o *crtend?.o) .ctors)
 *(SORT_BY_NAME(.ctors.*))
 *(.ctors)
 *crtbegin.o(.dtors)
 *crtbegin?.o(.dtors)
 *(EXCLUDE_FILE(*crtend.o *crtend?.o) .dtors)
 *(SORT_BY_NAME(.dtors.*))
 *(.dtors)
 *(.rodata*)
 *fill*         0x0000000000023bcc        0x4 
 .rodata.delay_machine_code.0
                0x0000000000023bd0        0x6 _build/nrf52833_xxaa/nrf_log_backend_rtt.c.o
 *fill*         0x0000000000023bd6        0x2 
 .rodata.nrf_log_backend_rtt_api
                0x0000000000023bd8        0xc _build/nrf52833_xxaa/nrf_log_backend_rtt.c.o
                0x0000000000023bd8                nrf_log_backend_rtt_api
 .rodata.str1.4
                0x0000000000023be4       0x10 _build/nrf52833_xxaa/nrf_log_default_backends.c.o
 .rodata.nrf_log_frontend_dequeue.str1.4
                0x0000000000023bf4       0x11 _build/nrf52833_xxaa/nrf_log_frontend.c.o
 *fill*         0x0000000000023c05        0x3 
 .rodata.str1.4
                0x0000000000023c08        0x4 _build/nrf52833_xxaa/nrf_log_frontend.c.o
 .rodata.m_log_push_ringbuf
                0x0000000000023c0c        0xc _build/nrf52833_xxaa/nrf_log_frontend.c.o
 .rodata.prefix_process.constprop.0.str1.4
                0x0000000000023c18       0x36 _build/nrf52833_xxaa/nrf_log_str_formatter.c.o
 *fill*         0x0000000000023c4e        0x2 
 .rodata.nrf_log_std_entry_process.str1.4
                0x0000000000023c50        0x3 _build/nrf52833_xxaa/nrf_log_str_formatter.c.o
 *fill*         0x0000000000023c53        0x1 
 .rodata.nrf_log_hexdump_entry_process.str1.4
                0x0000000000023c54       0x13 _build/nrf52833_xxaa/nrf_log_str_formatter.c.o
                                         0x16 (size before relaxing)
 *fill*         0x0000000000023c67        0x1 
 .rodata.str1.4
                0x0000000000023c68       0x56 _build/nrf52833_xxaa/nrf_log_str_formatter.c.o
 *fill*         0x0000000000023cbe        0x2 
 .rodata.m_colors
                0x0000000000023cc0       0x24 _build/nrf52833_xxaa/nrf_log_str_formatter.c.o
 .rodata.severity_names
                0x0000000000023ce4       0x14 _build/nrf52833_xxaa/nrf_log_str_formatter.c.o
 .rodata.m_detection_delay_timer_id
                0x0000000000023cf8        0x4 _build/nrf52833_xxaa/app_button.c.o
 .rodata.str1.4
                0x0000000000023cfc        0xb _build/nrf52833_xxaa/app_button.c.o
 *fill*         0x0000000000023d07        0x1 
 .rodata.app_error_fault_handler.str1.4
                0x0000000000023d08       0x19 _build/nrf52833_xxaa/app_error_weak.c.o
 *fill*         0x0000000000023d21        0x3 
 .rodata.m_app_timer_sortlist
                0x0000000000023d24        0xc _build/nrf52833_xxaa/app_timer2.c.o
 .rodata.str1.4
                0x0000000000023d30        0xa _build/nrf52833_xxaa/app_timer2.c.o
 *fill*         0x0000000000023d3a        0x2 
 .rodata        0x0000000000023d3c        0x4 _build/nrf52833_xxaa/app_timer2.c.o
 .rodata.drv_rtc_init.str1.4
                0x0000000000023d40       0x36 _build/nrf52833_xxaa/drv_rtc.c.o
 *fill*         0x0000000000023d76        0xa 
 .rodata.delay_machine_code.0
                0x0000000000023d80        0x6 _build/nrf52833_xxaa/drv_rtc.c.o
 *fill*         0x0000000000023d86        0x2 
 .rodata._aV2C.0
                0x0000000000023d88       0x10 _build/nrf52833_xxaa/nrf_fprintf_format.c.o
 .rodata.pwr_mgmt_data
                0x0000000000023d98        0xc _build/nrf52833_xxaa/nrf_pwr_mgmt.c.o
 .rodata.str1.4
                0x0000000000023da4        0x9 _build/nrf52833_xxaa/nrf_pwr_mgmt.c.o
 *fill*         0x0000000000023dad        0x3 
 .rodata.str1.4
                0x0000000000023db0        0x9 _build/nrf52833_xxaa/nrf_sortlist.c.o
 *fill*         0x0000000000023db9        0x3 
 .rodata.str1.4
                0x0000000000023dbc      0x3e9 _build/nrf52833_xxaa/nrf_strerror.c.o
 *fill*         0x00000000000241a5        0x3 
 .rodata.nrf_strerror_array
                0x00000000000241a8      0x128 _build/nrf52833_xxaa/nrf_strerror.c.o
 .rodata.m_unknown_str
                0x00000000000242d0       0x13 _build/nrf52833_xxaa/nrf_strerror.c.o
 *fill*         0x00000000000242e3        0x1 
 .rodata.CSWTCH.7
                0x00000000000242e4        0x3 _build/nrf52833_xxaa/system_nrf52833.c.o
 *fill*         0x00000000000242e7        0x1 
 .rodata.m_board_btn_list
                0x00000000000242e8        0x2 _build/nrf52833_xxaa/boards.c.o
 *fill*         0x00000000000242ea        0x2 
 .rodata.m_board_led_list
                0x00000000000242ec        0xa _build/nrf52833_xxaa/boards.c.o
 *fill*         0x00000000000242f6        0x2 
 .rodata.str1.4
                0x00000000000242f8        0x6 _build/nrf52833_xxaa/nrf_drv_clock.c.o
 *fill*         0x00000000000242fe        0x2 
 .rodata.str1.4
                0x0000000000024300        0x6 _build/nrf52833_xxaa/nrfx_clock.c.o
 *fill*         0x0000000000024306        0x2 
 .rodata.str1.4
                0x0000000000024308        0x7 _build/nrf52833_xxaa/nrfx_gpiote.c.o
 *fill*         0x000000000002430f        0x1 
 .rodata.str1.4
                0x0000000000024310        0x4 _build/nrf52833_xxaa/nrfx_prs.c.o
 .rodata.str1.4
                0x0000000000024314        0x5 _build/nrf52833_xxaa/nrfx_uart.c.o
 *fill*         0x0000000000024319        0x3 
 .rodata.str1.4
                0x000000000002431c        0x6 _build/nrf52833_xxaa/nrfx_uarte.c.o
 *fill*         0x0000000000024322        0x2 
 .rodata.app_buttons
                0x0000000000024324       0x10 _build/nrf52833_xxaa/bsp.c.o
 .rodata.m_bsp_button_tmr
                0x0000000000024334        0x4 _build/nrf52833_xxaa/bsp.c.o
 .rodata.m_bsp_alert_tmr
                0x0000000000024338        0x4 _build/nrf52833_xxaa/bsp.c.o
 .rodata.m_bsp_leds_tmr
                0x000000000002433c        0x4 _build/nrf52833_xxaa/bsp.c.o
 .rodata.ble_evt_handler.str1.4
                0x0000000000024340       0x19 _build/nrf52833_xxaa/ble_uart.c.o
 *fill*         0x0000000000024359        0x3 
 .rodata.gatt_evt_handler.str1.4
                0x000000000002435c       0x1c _build/nrf52833_xxaa/ble_uart.c.o
 .rodata.ble_init.str1.4
                0x0000000000024378       0x49 _build/nrf52833_xxaa/ble_uart.c.o
 *fill*         0x00000000000243c1        0x3 
 .rodata.SEGGER_RTT_ReadNoLock.str1.4
                0x00000000000243c4       0x17 _build/nrf52833_xxaa/SEGGER_RTT.c.o
 *fill*         0x00000000000243db        0x1 
 .rodata.data_length_update.str1.4
                0x00000000000243dc       0xe2 _build/nrf52833_xxaa/nrf_ble_gatt.c.o
 *fill*         0x00000000000244be        0x2 
 .rodata.nrf_ble_gatt_on_ble_evt.str1.4
                0x00000000000244c0       0x63 _build/nrf52833_xxaa/nrf_ble_gatt.c.o
 *fill*         0x0000000000024523        0x1 
 .rodata.str1.4
                0x0000000000024524        0xd _build/nrf52833_xxaa/nrf_ble_gatt.c.o
 *fill*         0x0000000000024531        0x3 
 .rodata.str1.4
                0x0000000000024534        0x8 _build/nrf52833_xxaa/ble_nus.c.o
 .rodata        0x000000000002453c       0x10 _build/nrf52833_xxaa/ble_nus.c.o
 .rodata.sdh_stack_observers
                0x000000000002454c        0xc _build/nrf52833_xxaa/nrf_sdh.c.o
 .rodata.sdh_state_observers
                0x0000000000024558        0xc _build/nrf52833_xxaa/nrf_sdh.c.o
 .rodata.sdh_req_observers
                0x0000000000024564        0xc _build/nrf52833_xxaa/nrf_sdh.c.o
 .rodata.str1.4
                0x0000000000024570        0x8 _build/nrf52833_xxaa/nrf_sdh.c.o
 .rodata        0x0000000000024578        0x4 _build/nrf52833_xxaa/nrf_sdh.c.o
 .rodata.nrf_sdh_ble_default_cfg_set.str1.4
                0x000000000002457c      0x1cf _build/nrf52833_xxaa/nrf_sdh_ble.c.o
 *fill*         0x000000000002474b        0x1 
 .rodata.nrf_sdh_ble_enable.str1.4
                0x000000000002474c       0xad _build/nrf52833_xxaa/nrf_sdh_ble.c.o
 *fill*         0x00000000000247f9        0x3 
 .rodata.sdh_ble_observers
                0x00000000000247fc        0xc _build/nrf52833_xxaa/nrf_sdh_ble.c.o
 .rodata.str1.4
                0x0000000000024808        0xc _build/nrf52833_xxaa/nrf_sdh_ble.c.o
 .rodata.sdh_soc_observers
                0x0000000000024814        0xc _build/nrf52833_xxaa/nrf_sdh_soc.c.o
 .rodata.str1.4
                0x0000000000024820        0xc _build/nrf52833_xxaa/nrf_sdh_soc.c.o
 .rodata._vfprintf_r.str1.1
                0x000000000002482c       0x11 /opt/arm-gnu-toolchain-12.2.rel1-x86_64-arm-none-eabi/bin/../lib/gcc/arm-none-eabi/12.2.1/../../../../arm-none-eabi/lib/thumb/v7e-m+fp/hard/libc_nano.a(libc_a-nano-vfprintf.o)
 .rodata._printf_i.str1.1
                0x000000000002483d       0x22 /opt/arm-gnu-toolchain-12.2.rel1-x86_64-arm-none-eabi/bin/../lib/gcc/arm-none-eabi/12.2.1/../../../../arm-none-eabi/lib/thumb/v7e-m+fp/hard/libc_nano.a(libc_a-nano-vfprintf_i.o)
 .rodata._ctype_
                0x000000000002485f      0x101 /opt/arm-gnu-toolchain-12.2.rel1-x86_64-arm-none-eabi/bin/../lib/gcc/arm-none-eabi/12.2.1/../../../../arm-none-eabi/lib/thumb/v7e-m+fp/hard/libc_nano.a(libc_a-ctype_.o)
                0x000000000002485f                _ctype_
 *(.eh_frame*)
 .eh_frame      0x0000000000024960        0x0 /opt/arm-gnu-toolchain-12.2.rel1-x86_64-arm-none-eabi/bin/../lib/gcc/arm-none-eabi/12.2.1/thumb/v7e-m+fp/hard/crtbegin.o
 .eh_frame      0x0000000000024960        0x4 /opt/arm-gnu-toolchain-12.2.rel1-x86_64-arm-none-eabi/bin/../lib/gcc/arm-none-eabi/12.2.1/thumb/v7e-m+fp/hard/crtend.o

.glue_7         0x0000000000024964        0x0
 .glue_7        0x0000000000024964        0x0 linker stubs

.glue_7t        0x0000000000024964        0x0
 .glue_7t       0x0000000000024964        0x0 linker stubs

.vfp11_veneer   0x0000000000024964        0x0
 .vfp11_veneer  0x0000000000024964        0x0 linker stubs

.v4_bx          0x0000000000024964        0x0
 .v4_bx         0x0000000000024964        0x0 linker stubs

.iplt           0x0000000000024964        0x0
 .iplt          0x0000000000024964        0x0 /opt/arm-gnu-toolchain-12.2.rel1-x86_64-arm-none-eabi/bin/../lib/gcc/arm-none-eabi/12.2.1/thumb/v7e-m+fp/hard/crtbegin.o

.mem_section_dummy_rom

.sdh_soc_observers
                0x0000000000024964        0x8
                0x0000000000024964                PROVIDE (__start_sdh_soc_observers = .)
 *(SORT_BY_NAME(.sdh_soc_observers*))
 .sdh_soc_observers0
                0x0000000000024964        0x8 _build/nrf52833_xxaa/nrf_drv_clock.c.o
                0x000000000002496c                PROVIDE (__stop_sdh_soc_observers = .)

.sdh_ble_observers
                0x000000000002496c       0x40
                0x000000000002496c                PROVIDE (__start_sdh_ble_observers = .)
 *(SORT_BY_NAME(.sdh_ble_observers*))
 .sdh_ble_observers0
                0x000000000002496c        0x8 _build/nrf52833_xxaa/ble_conn_state.c.o
 .sdh_ble_observers1
                0x0000000000024974        0x8 _build/nrf52833_xxaa/bsp_btn_ble.c.o
 .sdh_ble_observers1
                0x000000000002497c       0x10 _build/nrf52833_xxaa/ble_uart.c.o
 .sdh_ble_observers1
                0x000000000002498c        0x8 _build/nrf52833_xxaa/ble_conn_params.c.o
 .sdh_ble_observers2
                0x0000000000024994       0x10 _build/nrf52833_xxaa/ble_uart.c.o
 .sdh_ble_observers3
                0x00000000000249a4        0x8 _build/nrf52833_xxaa/ble_uart.c.o
                0x00000000000249ac                PROVIDE (__stop_sdh_ble_observers = .)

.pwr_mgmt_data  0x00000000000249ac        0x0
                0x00000000000249ac                PROVIDE (__start_pwr_mgmt_data = .)
 *(SORT_BY_NAME(.pwr_mgmt_data*))
                0x00000000000249ac                PROVIDE (__stop_pwr_mgmt_data = .)

.sdh_req_observers
                0x00000000000249ac        0x0
                0x00000000000249ac                PROVIDE (__start_sdh_req_observers = .)
 *(SORT_BY_NAME(.sdh_req_observers*))
                0x00000000000249ac                PROVIDE (__stop_sdh_req_observers = .)

.sdh_state_observers
                0x00000000000249ac        0x8
                0x00000000000249ac                PROVIDE (__start_sdh_state_observers = .)
 *(SORT_BY_NAME(.sdh_state_observers*))
 .sdh_state_observers0
                0x00000000000249ac        0x8 _build/nrf52833_xxaa/nrf_drv_clock.c.o
                0x00000000000249b4                PROVIDE (__stop_sdh_state_observers = .)

.sdh_stack_observers
                0x00000000000249b4       0x10
                0x00000000000249b4                PROVIDE (__start_sdh_stack_observers = .)
 *(SORT_BY_NAME(.sdh_stack_observers*))
 .sdh_stack_observers0
                0x00000000000249b4        0x8 _build/nrf52833_xxaa/nrf_sdh_ble.c.o
 .sdh_stack_observers0
                0x00000000000249bc        0x8 _build/nrf52833_xxaa/nrf_sdh_soc.c.o
                0x00000000000249c4                PROVIDE (__stop_sdh_stack_observers = .)

.nrf_queue      0x00000000000249c4        0x0
                [!provide]                        PROVIDE (__start_nrf_queue = .)
 *(.nrf_queue)
                [!provide]                        PROVIDE (__stop_nrf_queue = .)

.nrf_balloc     0x00000000000249c4       0x14
                [!provide]                        PROVIDE (__start_nrf_balloc = .)
 *(.nrf_balloc)
 .nrf_balloc    0x00000000000249c4       0x14 _build/nrf52833_xxaa/nrf_log_frontend.c.o
                0x00000000000249c4                log_mempool
                [!provide]                        PROVIDE (__stop_nrf_balloc = .)

.cli_command    0x00000000000249d8        0x0
                [!provide]                        PROVIDE (__start_cli_command = .)
 *(.cli_command)
                [!provide]                        PROVIDE (__stop_cli_command = .)

.crypto_data    0x00000000000249d8        0x0
                [!provide]                        PROVIDE (__start_crypto_data = .)
 *(SORT_BY_NAME(.crypto_data*))
                [!provide]                        PROVIDE (__stop_crypto_data = .)

.log_const_data
                0x00000000000249d8       0x80
                0x00000000000249d8                PROVIDE (__start_log_const_data = .)
 *(SORT_BY_NAME(.log_const_data*))
 .log_const_data_CLOCK
                0x00000000000249d8        0x8 _build/nrf52833_xxaa/nrfx_clock.c.o
                0x00000000000249d8                m_nrf_log_CLOCK_logs_data_const
 .log_const_data_GPIOTE
                0x00000000000249e0        0x8 _build/nrf52833_xxaa/nrfx_gpiote.c.o
                0x00000000000249e0                m_nrf_log_GPIOTE_logs_data_const
 .log_const_data_PRS
                0x00000000000249e8        0x8 _build/nrf52833_xxaa/nrfx_prs.c.o
                0x00000000000249e8                m_nrf_log_PRS_logs_data_const
 .log_const_data_UART
                0x00000000000249f0        0x8 _build/nrf52833_xxaa/nrfx_uart.c.o
                0x00000000000249f0                m_nrf_log_UART_logs_data_const
 .log_const_data_UARTE
                0x00000000000249f8        0x8 _build/nrf52833_xxaa/nrfx_uarte.c.o
                0x00000000000249f8                m_nrf_log_UARTE_logs_data_const
 .log_const_data_app
                0x0000000000024a00        0x8 _build/nrf52833_xxaa/nrf_log_frontend.c.o
                0x0000000000024a00                m_nrf_log_app_logs_data_const
 .log_const_data_app_button
                0x0000000000024a08        0x8 _build/nrf52833_xxaa/app_button.c.o
                0x0000000000024a08                m_nrf_log_app_button_logs_data_const
 .log_const_data_app_timer
                0x0000000000024a10        0x8 _build/nrf52833_xxaa/app_timer2.c.o
                0x0000000000024a10                m_nrf_log_app_timer_logs_data_const
 .log_const_data_ble_nus
                0x0000000000024a18        0x8 _build/nrf52833_xxaa/ble_nus.c.o
                0x0000000000024a18                m_nrf_log_ble_nus_logs_data_const
 .log_const_data_clock
                0x0000000000024a20        0x8 _build/nrf52833_xxaa/nrf_drv_clock.c.o
                0x0000000000024a20                m_nrf_log_clock_logs_data_const
 .log_const_data_nrf_ble_gatt
                0x0000000000024a28        0x8 _build/nrf52833_xxaa/nrf_ble_gatt.c.o
                0x0000000000024a28                m_nrf_log_nrf_ble_gatt_logs_data_const
 .log_const_data_nrf_sdh
                0x0000000000024a30        0x8 _build/nrf52833_xxaa/nrf_sdh.c.o
                0x0000000000024a30                m_nrf_log_nrf_sdh_logs_data_const
 .log_const_data_nrf_sdh_ble
                0x0000000000024a38        0x8 _build/nrf52833_xxaa/nrf_sdh_ble.c.o
                0x0000000000024a38                m_nrf_log_nrf_sdh_ble_logs_data_const
 .log_const_data_nrf_sdh_soc
                0x0000000000024a40        0x8 _build/nrf52833_xxaa/nrf_sdh_soc.c.o
                0x0000000000024a40                m_nrf_log_nrf_sdh_soc_logs_data_const
 .log_const_data_pwr_mgmt
                0x0000000000024a48        0x8 _build/nrf52833_xxaa/nrf_pwr_mgmt.c.o
                0x0000000000024a48                m_nrf_log_pwr_mgmt_logs_data_const
 .log_const_data_sortlist
                0x0000000000024a50        0x8 _build/nrf52833_xxaa/nrf_sortlist.c.o
                0x0000000000024a50                m_nrf_log_sortlist_logs_data_const
                0x0000000000024a58                PROVIDE (__stop_log_const_data = .)

.log_backends   0x0000000000024a58       0x10
                [!provide]                        PROVIDE (__start_log_backends = .)
 *(SORT_BY_NAME(.log_backends*))
 .log_backends  0x0000000000024a58       0x10 _build/nrf52833_xxaa/nrf_log_default_backends.c.o
                [!provide]                        PROVIDE (__stop_log_backends = .)

.ARM.extab
 *(.ARM.extab* .gnu.linkonce.armextab.*)
                0x0000000000024a68                __exidx_start = .

.ARM.exidx      0x0000000000024a68        0x8
 *(.ARM.exidx* .gnu.linkonce.armexidx.*)
 .ARM.exidx     0x0000000000024a68        0x8 /opt/arm-gnu-toolchain-12.2.rel1-x86_64-arm-none-eabi/bin/../lib/gcc/arm-none-eabi/12.2.1/../../../../arm-none-eabi/lib/thumb/v7e-m+fp/hard/crt0.o
                                         0x10 (size before relaxing)
 .ARM.exidx.text.__udivmoddi4
                0x0000000000024a70        0x0 /opt/arm-gnu-toolchain-12.2.rel1-x86_64-arm-none-eabi/bin/../lib/gcc/arm-none-eabi/12.2.1/thumb/v7e-m+fp/hard/libgcc.a(_udivmoddi4.o)
                                          0x8 (size before relaxing)
                0x0000000000024a70                __exidx_end = .

.rel.dyn        0x0000000000024a70        0x0
 .rel.iplt      0x0000000000024a70        0x0 /opt/arm-gnu-toolchain-12.2.rel1-x86_64-arm-none-eabi/bin/../lib/gcc/arm-none-eabi/12.2.1/thumb/v7e-m+fp/hard/crtbegin.o
                0x0000000000024a70                . = ALIGN (0x4)
                0x0000000000024a70                __etext = .

.data           0x0000000020002608      0x138 load address 0x0000000000024a70
                0x0000000020002608                __data_start__ = .
 *(vtable)
 *(.data*)
 .data.log_backend_cb_rtt_log_backend
                0x0000000020002608        0x8 _build/nrf52833_xxaa/nrf_log_default_backends.c.o
 .data.m_detection_delay_timer_id_data
                0x0000000020002610       0x20 _build/nrf52833_xxaa/app_button.c.o
 .data.m_rtc_inst
                0x0000000020002630        0x8 _build/nrf52833_xxaa/app_timer2.c.o
 .data.app_uart_inst
                0x0000000020002638       0x14 _build/nrf52833_xxaa/app_uart_fifo.c.o
 .data.SystemCoreClock
                0x000000002000264c        0x4 _build/nrf52833_xxaa/system_nrf52833.c.o
                0x000000002000264c                SystemCoreClock
 .data.m_bsp_button_tmr_data
                0x0000000020002650       0x20 _build/nrf52833_xxaa/bsp.c.o
 .data.m_bsp_alert_tmr_data
                0x0000000020002670       0x20 _build/nrf52833_xxaa/bsp.c.o
 .data.m_bsp_leds_tmr_data
                0x0000000020002690       0x20 _build/nrf52833_xxaa/bsp.c.o
 .data.m_adv_uuids
                0x00000000200026b0        0x4 _build/nrf52833_xxaa/ble_uart.c.o
 .data.m_ble_nus_max_data_len
                0x00000000200026b4        0x2 _build/nrf52833_xxaa/ble_uart.c.o
 .data.m_conn_handle
                0x00000000200026b6        0x2 _build/nrf52833_xxaa/ble_uart.c.o
 .data.m_nus    0x00000000200026b8       0x1c _build/nrf52833_xxaa/ble_uart.c.o
 .data.m_nus_link_ctx_storage
                0x00000000200026d4        0x8 _build/nrf52833_xxaa/ble_uart.c.o
 .data._impure_ptr
                0x00000000200026dc        0x4 /opt/arm-gnu-toolchain-12.2.rel1-x86_64-arm-none-eabi/bin/../lib/gcc/arm-none-eabi/12.2.1/../../../../arm-none-eabi/lib/thumb/v7e-m+fp/hard/libc_nano.a(libc_a-impure.o)
                0x00000000200026dc                _impure_ptr
 .data._impure_data
                0x00000000200026e0       0x4c /opt/arm-gnu-toolchain-12.2.rel1-x86_64-arm-none-eabi/bin/../lib/gcc/arm-none-eabi/12.2.1/../../../../arm-none-eabi/lib/thumb/v7e-m+fp/hard/libc_nano.a(libc_a-impure.o)
                0x00000000200026e0                _impure_data
 .data.__sglue  0x000000002000272c        0xc /opt/arm-gnu-toolchain-12.2.rel1-x86_64-arm-none-eabi/bin/../lib/gcc/arm-none-eabi/12.2.1/../../../../arm-none-eabi/lib/thumb/v7e-m+fp/hard/libc_nano.a(libc_a-findfp.o)
                0x000000002000272c                __sglue
                0x0000000020002738                . = ALIGN (0x4)
                0x0000000020002738                PROVIDE (__preinit_array_start = .)
 *(.preinit_array)
                0x0000000020002738                PROVIDE (__preinit_array_end = .)
                0x0000000020002738                . = ALIGN (0x4)
                0x0000000020002738                PROVIDE (__init_array_start = .)
 *(SORT_BY_NAME(.init_array.*))
 *(.init_array)
 .init_array    0x0000000020002738        0x4 /opt/arm-gnu-toolchain-12.2.rel1-x86_64-arm-none-eabi/bin/../lib/gcc/arm-none-eabi/12.2.1/thumb/v7e-m+fp/hard/crtbegin.o
                0x000000002000273c                PROVIDE (__init_array_end = .)
                0x000000002000273c                . = ALIGN (0x4)
                [!provide]                        PROVIDE (__fini_array_start = .)
 *(SORT_BY_NAME(.fini_array.*))
 *(.fini_array)
 .fini_array    0x000000002000273c        0x4 /opt/arm-gnu-toolchain-12.2.rel1-x86_64-arm-none-eabi/bin/../lib/gcc/arm-none-eabi/12.2.1/thumb/v7e-m+fp/hard/crtbegin.o
                [!provide]                        PROVIDE (__fini_array_end = .)
 *(.jcr*)
                0x0000000020002740                . = ALIGN (0x4)
                0x0000000020002740                __data_end__ = .
LOAD /opt/arm-gnu-toolchain-12.2.rel1-x86_64-arm-none-eabi/bin/../lib/gcc/arm-none-eabi/12.2.1/thumb/v7e-m+fp/hard/crti.o
LOAD /opt/arm-gnu-toolchain-12.2.rel1-x86_64-arm-none-eabi/bin/../lib/gcc/arm-none-eabi/12.2.1/thumb/v7e-m+fp/hard/crtbegin.o
LOAD /opt/arm-gnu-toolchain-12.2.rel1-x86_64-arm-none-eabi/bin/../lib/gcc/arm-none-eabi/12.2.1/../../../../arm-none-eabi/lib/thumb/v7e-m+fp/hard/crt0.o
LOAD _build/nrf52833_xxaa/gcc_startup_nrf52833.S.o
LOAD _build/nrf52833_xxaa/nrf_log_backend_rtt.c.o
LOAD _build/nrf52833_xxaa/nrf_log_backend_serial.c.o
LOAD _build/nrf52833_xxaa/nrf_log_default_backends.c.o
LOAD _build/nrf52833_xxaa/nrf_log_frontend.c.o
LOAD _build/nrf52833_xxaa/nrf_log_str_formatter.c.o
LOAD _build/nrf52833_xxaa/app_button.c.o
LOAD _build/nrf52833_xxaa/app_error.c.o
LOAD _build/nrf52833_xxaa/app_error_handler_gcc.c.o
LOAD _build/nrf52833_xxaa/app_error_weak.c.o
LOAD _build/nrf52833_xxaa/app_fifo.c.o
LOAD _build/nrf52833_xxaa/app_scheduler.c.o
LOAD _build/nrf52833_xxaa/app_timer2.c.o
LOAD _build/nrf52833_xxaa/app_uart_fifo.c.o
LOAD _build/nrf52833_xxaa/app_util_platform.c.o
LOAD _build/nrf52833_xxaa/drv_rtc.c.o
LOAD _build/nrf52833_xxaa/hardfault_implementation.c.o
LOAD _build/nrf52833_xxaa/nrf_assert.c.o
LOAD _build/nrf52833_xxaa/nrf_atfifo.c.o
LOAD _build/nrf52833_xxaa/nrf_atflags.c.o
LOAD _build/nrf52833_xxaa/nrf_atomic.c.o
LOAD _build/nrf52833_xxaa/nrf_balloc.c.o
LOAD _build/nrf52833_xxaa/nrf_fprintf.c.o
LOAD _build/nrf52833_xxaa/nrf_fprintf_format.c.o
LOAD _build/nrf52833_xxaa/nrf_memobj.c.o
LOAD _build/nrf52833_xxaa/nrf_pwr_mgmt.c.o
LOAD _build/nrf52833_xxaa/nrf_ringbuf.c.o
LOAD _build/nrf52833_xxaa/nrf_section_iter.c.o
LOAD _build/nrf52833_xxaa/nrf_sortlist.c.o
LOAD _build/nrf52833_xxaa/nrf_strerror.c.o
LOAD _build/nrf52833_xxaa/retarget.c.o
LOAD _build/nrf52833_xxaa/system_nrf52833.c.o
LOAD _build/nrf52833_xxaa/boards.c.o
LOAD _build/nrf52833_xxaa/nrf_drv_clock.c.o
LOAD _build/nrf52833_xxaa/nrf_drv_uart.c.o
LOAD _build/nrf52833_xxaa/nrfx_atomic.c.o
LOAD _build/nrf52833_xxaa/nrfx_clock.c.o
LOAD _build/nrf52833_xxaa/nrfx_gpiote.c.o
LOAD _build/nrf52833_xxaa/nrfx_prs.c.o
LOAD _build/nrf52833_xxaa/nrfx_uart.c.o
LOAD _build/nrf52833_xxaa/nrfx_uarte.c.o
LOAD _build/nrf52833_xxaa/bsp.c.o
LOAD _build/nrf52833_xxaa/bsp_btn_ble.c.o
LOAD _build/nrf52833_xxaa/ble_uart.c.o
LOAD _build/nrf52833_xxaa/main.c.o
LOAD _build/nrf52833_xxaa/SEGGER_RTT.c.o
LOAD _build/nrf52833_xxaa/SEGGER_RTT_Syscalls_GCC.c.o
LOAD _build/nrf52833_xxaa/SEGGER_RTT_printf.c.o
LOAD _build/nrf52833_xxaa/ble_advdata.c.o
LOAD _build/nrf52833_xxaa/ble_advertising.c.o
LOAD _build/nrf52833_xxaa/ble_conn_params.c.o
LOAD _build/nrf52833_xxaa/ble_conn_state.c.o
LOAD _build/nrf52833_xxaa/ble_link_ctx_manager.c.o
LOAD _build/nrf52833_xxaa/ble_srv_common.c.o
LOAD _build/nrf52833_xxaa/nrf_ble_gatt.c.o
LOAD _build/nrf52833_xxaa/nrf_ble_qwr.c.o
LOAD _build/nrf52833_xxaa/utf.c.o
LOAD _build/nrf52833_xxaa/ble_nus.c.o
LOAD _build/nrf52833_xxaa/nrf_sdh.c.o
LOAD _build/nrf52833_xxaa/nrf_sdh_ble.c.o
LOAD _build/nrf52833_xxaa/nrf_sdh_soc.c.o
LOAD /opt/arm-gnu-toolchain-12.2.rel1-x86_64-arm-none-eabi/bin/../lib/gcc/arm-none-eabi/12.2.1/../../../../arm-none-eabi/lib/thumb/v7e-m+fp/hard/libc_nano.a
LOAD /opt/arm-gnu-toolchain-12.2.rel1-x86_64-arm-none-eabi/bin/../lib/gcc/arm-none-eabi/12.2.1/../../../../arm-none-eabi/lib/thumb/v7e-m+fp/hard/libnosys.a
LOAD /opt/arm-gnu-toolchain-12.2.rel1-x86_64-arm-none-eabi/bin/../lib/gcc/arm-none-eabi/12.2.1/../../../../arm-none-eabi/lib/thumb/v7e-m+fp/hard/libm.a
START GROUP
LOAD /opt/arm-gnu-toolchain-12.2.rel1-x86_64-arm-none-eabi/bin/../lib/gcc/arm-none-eabi/12.2.1/thumb/v7e-m+fp/hard/libgcc.a
LOAD /opt/arm-gnu-toolchain-12.2.rel1-x86_64-arm-none-eabi/bin/../lib/gcc/arm-none-eabi/12.2.1/../../../../arm-none-eabi/lib/thumb/v7e-m+fp/hard/libg_nano.a
LOAD /opt/arm-gnu-toolchain-12.2.rel1-x86_64-arm-none-eabi/bin/../lib/gcc/arm-none-eabi/12.2.1/../../../../arm-none-eabi/lib/thumb/v7e-m+fp/hard/libc_nano.a
END GROUP
START GROUP
LOAD /opt/arm-gnu-toolchain-12.2.rel1-x86_64-arm-none-eabi/bin/../lib/gcc/arm-none-eabi/12.2.1/thumb/v7e-m+fp/hard/libgcc.a
LOAD /opt/arm-gnu-toolchain-12.2.rel1-x86_64-arm-none-eabi/bin/../lib/gcc/arm-none-eabi/12.2.1/../../../../arm-none-eabi/lib/thumb/v7e-m+fp/hard/libc_nano.a
END GROUP
LOAD /opt/arm-gnu-toolchain-12.2.rel1-x86_64-arm-none-eabi/bin/../lib/gcc/arm-none-eabi/12.2.1/thumb/v7e-m+fp/hard/crtend.o
LOAD /opt/arm-gnu-toolchain-12.2.rel1-x86_64-arm-none-eabi/bin/../lib/gcc/arm-none-eabi/12.2.1/thumb/v7e-m+fp/hard/crtn.o
START GROUP
LOAD /opt/arm-gnu-toolchain-12.2.rel1-x86_64-arm-none-eabi/bin/../lib/gcc/arm-none-eabi/12.2.1/thumb/v7e-m+fp/hard/libgcc.a
LOAD /opt/arm-gnu-toolchain-12.2.rel1-x86_64-arm-none-eabi/bin/../lib/gcc/arm-none-eabi/12.2.1/../../../../arm-none-eabi/lib/thumb/v7e-m+fp/hard/libc.a
LOAD /opt/arm-gnu-toolchain-12.2.rel1-x86_64-arm-none-eabi/bin/../lib/gcc/arm-none-eabi/12.2.1/../../../../arm-none-eabi/lib/thumb/v7e-m+fp/hard/libnosys.a
END GROUP

.tm_clone_table
                0x0000000020002740        0x0 load address 0x0000000000024ba8
 .tm_clone_table
                0x0000000020002740        0x0 /opt/arm-gnu-toolchain-12.2.rel1-x86_64-arm-none-eabi/bin/../lib/gcc/arm-none-eabi/12.2.1/thumb/v7e-m+fp/hard/crtbegin.o
 .tm_clone_table
                0x0000000020002740        0x0 /opt/arm-gnu-toolchain-12.2.rel1-x86_64-arm-none-eabi/bin/../lib/gcc/arm-none-eabi/12.2.1/thumb/v7e-m+fp/hard/crtend.o

.igot.plt       0x0000000020002740        0x0 load address 0x0000000000024ba8
 .igot.plt      0x0000000020002740        0x0 /opt/arm-gnu-toolchain-12.2.rel1-x86_64-arm-none-eabi/bin/../lib/gcc/arm-none-eabi/12.2.1/thumb/v7e-m+fp/hard/crtbegin.o
                0x0000000020002740                . = ALIGN (0x4)

.mem_section_dummy_ram

.cli_sorted_cmd_ptrs
                0x0000000020002740        0x0
                [!provide]                        PROVIDE (__start_cli_sorted_cmd_ptrs = .)
 *(.cli_sorted_cmd_ptrs)
                [!provide]                        PROVIDE (__stop_cli_sorted_cmd_ptrs = .)

.fs_data        0x0000000020002740        0x0
                [!provide]                        PROVIDE (__start_fs_data = .)
 *(.fs_data)
                [!provide]                        PROVIDE (__stop_fs_data = .)

.log_dynamic_data
                0x0000000020002740        0x0
                0x0000000020002740                PROVIDE (__start_log_dynamic_data = .)
 *(SORT_BY_NAME(.log_dynamic_data*))
                [!provide]                        PROVIDE (__stop_log_dynamic_data = .)

.log_filter_data
                0x0000000020002740        0x0
                [!provide]                        PROVIDE (__start_log_filter_data = .)
 *(SORT_BY_NAME(.log_filter_data*))
                [!provide]                        PROVIDE (__stop_log_filter_data = .)

.bss            0x0000000020002740      0xfc8 load address 0x0000000000024ba8
                0x0000000020002740                . = ALIGN (0x4)
                0x0000000020002740                __bss_start__ = .
 *(.bss*)
 .bss.completed.1
                0x0000000020002740        0x1 /opt/arm-gnu-toolchain-12.2.rel1-x86_64-arm-none-eabi/bin/../lib/gcc/arm-none-eabi/12.2.1/thumb/v7e-m+fp/hard/crtbegin.o
 *fill*         0x0000000020002741        0x3 
 .bss.object.0  0x0000000020002744       0x18 /opt/arm-gnu-toolchain-12.2.rel1-x86_64-arm-none-eabi/bin/../lib/gcc/arm-none-eabi/12.2.1/thumb/v7e-m+fp/hard/crtbegin.o
 .bss.m_string_buff
                0x000000002000275c       0x40 _build/nrf52833_xxaa/nrf_log_backend_rtt.c.o
 .bss.m_host_present
                0x000000002000279c        0x1 _build/nrf52833_xxaa/nrf_log_backend_rtt.c.o
 *fill*         0x000000002000279d        0x3 
 .bss.m_log_data
                0x00000000200027a0      0x420 _build/nrf52833_xxaa/nrf_log_frontend.c.o
 .bss.m_log_push_ringbuf_cb
                0x0000000020002bc0       0x18 _build/nrf52833_xxaa/nrf_log_frontend.c.o
 .bss.m_log_push_ringbuf_buf
                0x0000000020002bd8       0x80 _build/nrf52833_xxaa/nrf_log_frontend.c.o
 .bss.log_mempool_nrf_balloc_cb
                0x0000000020002c58        0x8 _build/nrf52833_xxaa/nrf_log_frontend.c.o
 .bss.log_mempool_nrf_balloc_pool_mem
                0x0000000020002c60       0xc0 _build/nrf52833_xxaa/nrf_log_frontend.c.o
 .bss.log_mempool_nrf_balloc_pool_stack
                0x0000000020002d20        0x8 _build/nrf52833_xxaa/nrf_log_frontend.c.o
 .bss.m_pin_states
                0x0000000020002d28       0x20 _build/nrf52833_xxaa/app_button.c.o
 .bss.m_pin_active
                0x0000000020002d48        0x8 _build/nrf52833_xxaa/app_button.c.o
 .bss.m_detection_delay
                0x0000000020002d50        0x4 _build/nrf52833_xxaa/app_button.c.o
 .bss.m_button_count
                0x0000000020002d54        0x1 _build/nrf52833_xxaa/app_button.c.o
 *fill*         0x0000000020002d55        0x3 
 .bss.mp_buttons
                0x0000000020002d58        0x4 _build/nrf52833_xxaa/app_button.c.o
 .bss.m_app_timer_sortlist_sortlist_cb
                0x0000000020002d5c        0x4 _build/nrf52833_xxaa/app_timer2.c.o
 .bss.m_req_fifo_inst
                0x0000000020002d60       0x10 _build/nrf52833_xxaa/app_timer2.c.o
 .bss.m_req_fifo_data
                0x0000000020002d70       0x58 _build/nrf52833_xxaa/app_timer2.c.o
 .bss.m_stamp64
                0x0000000020002dc8        0x8 _build/nrf52833_xxaa/app_timer2.c.o
 .bss.m_base_counter
                0x0000000020002dd0        0x8 _build/nrf52833_xxaa/app_timer2.c.o
 .bss.m_global_active
                0x0000000020002dd8        0x1 _build/nrf52833_xxaa/app_timer2.c.o
 *fill*         0x0000000020002dd9        0x3 
 .bss.mp_active_timer
                0x0000000020002ddc        0x4 _build/nrf52833_xxaa/app_timer2.c.o
 .bss.m_tx_fifo
                0x0000000020002de0       0x10 _build/nrf52833_xxaa/app_uart_fifo.c.o
 .bss.m_rx_fifo
                0x0000000020002df0       0x10 _build/nrf52833_xxaa/app_uart_fifo.c.o
 .bss.m_rx_ovf  0x0000000020002e00        0x1 _build/nrf52833_xxaa/app_uart_fifo.c.o
 *fill*         0x0000000020002e01        0x3 
 .bss.rx_buffer
                0x0000000020002e04        0x1 _build/nrf52833_xxaa/app_uart_fifo.c.o
 *fill*         0x0000000020002e05        0x3 
 .bss.tx_buffer
                0x0000000020002e08        0x1 _build/nrf52833_xxaa/app_uart_fifo.c.o
 *fill*         0x0000000020002e09        0x3 
 .bss.nrf_nvic_state
                0x0000000020002e0c        0xc _build/nrf52833_xxaa/app_util_platform.c.o
                0x0000000020002e0c                nrf_nvic_state
 .bss.m_cb      0x0000000020002e18        0x8 _build/nrf52833_xxaa/drv_rtc.c.o
 .bss.m_handlers
                0x0000000020002e20        0x4 _build/nrf52833_xxaa/drv_rtc.c.o
 .bss.m_handlers_iter
                0x0000000020002e24        0x8 _build/nrf52833_xxaa/nrf_pwr_mgmt.c.o
 .bss.m_shutdown_started
                0x0000000020002e2c        0x1 _build/nrf52833_xxaa/nrf_pwr_mgmt.c.o
 *fill*         0x0000000020002e2d        0x3 
 .bss.m_sysoff_mtx
                0x0000000020002e30        0x4 _build/nrf52833_xxaa/nrf_pwr_mgmt.c.o
 .bss.m_clock_cb
                0x0000000020002e34       0x14 _build/nrf52833_xxaa/nrf_drv_clock.c.o
 .bss.nrf_drv_uart_use_easy_dma
                0x0000000020002e48        0x2 _build/nrf52833_xxaa/nrf_drv_uart.c.o
                0x0000000020002e48                nrf_drv_uart_use_easy_dma
 *fill*         0x0000000020002e4a        0x2 
 .bss.m_clock_cb
                0x0000000020002e4c        0x8 _build/nrf52833_xxaa/nrfx_clock.c.o
 .bss.m_cb      0x0000000020002e54       0x68 _build/nrf52833_xxaa/nrfx_gpiote.c.o
 .bss.m_prs_box_4
                0x0000000020002ebc        0x8 _build/nrf52833_xxaa/nrfx_prs.c.o
 *fill*         0x0000000020002ec4        0x4 
 .bss.m_cb      0x0000000020002ec8       0x2c _build/nrf52833_xxaa/nrfx_uart.c.o
 *fill*         0x0000000020002ef4        0x4 
 .bss.m_cb      0x0000000020002ef8       0x24 _build/nrf52833_xxaa/nrfx_uarte.c.o
 .bss.release_event_at_push.0
                0x0000000020002f1c        0x2 _build/nrf52833_xxaa/bsp.c.o
 .bss.current_long_push_pin_no.1
                0x0000000020002f1e        0x1 _build/nrf52833_xxaa/bsp.c.o
 *fill*         0x0000000020002f1f        0x1 
 .bss.m_events_list
                0x0000000020002f20        0x6 _build/nrf52833_xxaa/bsp.c.o
 *fill*         0x0000000020002f26        0x2 
 .bss.m_registered_callback
                0x0000000020002f28        0x4 _build/nrf52833_xxaa/bsp.c.o
 .bss.m_alert_on
                0x0000000020002f2c        0x1 _build/nrf52833_xxaa/bsp.c.o
 *fill*         0x0000000020002f2d        0x3 
 .bss.m_indication_type
                0x0000000020002f30        0x4 _build/nrf52833_xxaa/bsp.c.o
 .bss.m_leds_clear
                0x0000000020002f34        0x1 _build/nrf52833_xxaa/bsp.c.o
 .bss.m_stable_state
                0x0000000020002f35        0x1 _build/nrf52833_xxaa/bsp.c.o
 *fill*         0x0000000020002f36        0x2 
 .bss.m_num_connections
                0x0000000020002f38        0x4 _build/nrf52833_xxaa/bsp_btn_ble.c.o
 .bss.m_error_handler
                0x0000000020002f3c        0x4 _build/nrf52833_xxaa/bsp_btn_ble.c.o
 .bss.data_array.0
                0x0000000020002f40       0xf4 _build/nrf52833_xxaa/ble_uart.c.o
 .bss.index.1   0x0000000020003034        0x1 _build/nrf52833_xxaa/ble_uart.c.o
 *fill*         0x0000000020003035        0x3 
 .bss.m_advertising
                0x0000000020003038       0xf8 _build/nrf52833_xxaa/ble_uart.c.o
 .bss.m_qwr     0x0000000020003130        0xc _build/nrf52833_xxaa/ble_uart.c.o
 .bss.m_gatt    0x000000002000313c       0x14 _build/nrf52833_xxaa/ble_uart.c.o
 .bss.m_nus_link_ctx_storage_ctx_data_pool
                0x0000000020003150        0x4 _build/nrf52833_xxaa/ble_uart.c.o
 .bss.m_ble_recv_handler
                0x0000000020003154        0x4 _build/nrf52833_xxaa/ble_uart.c.o
                0x0000000020003154                m_ble_recv_handler
 .bss.data_array.0
                0x0000000020003158      0x100 _build/nrf52833_xxaa/main.c.o
 .bss._acDownBuffer
                0x0000000020003258       0x10 _build/nrf52833_xxaa/SEGGER_RTT.c.o
 .bss._acUpBuffer
                0x0000000020003268      0x200 _build/nrf52833_xxaa/SEGGER_RTT.c.o
 .bss._SEGGER_RTT
                0x0000000020003468       0x78 _build/nrf52833_xxaa/SEGGER_RTT.c.o
                0x0000000020003468                _SEGGER_RTT
 .bss.m_preferred_conn_params
                0x00000000200034e0        0x8 _build/nrf52833_xxaa/ble_conn_params.c.o
 .bss.m_conn_params_config
                0x00000000200034e8       0x1c _build/nrf52833_xxaa/ble_conn_params.c.o
 .bss.m_conn_params_instances
                0x0000000020003504       0x14 _build/nrf52833_xxaa/ble_conn_params.c.o
 .bss.m_timer_data
                0x0000000020003518       0x20 _build/nrf52833_xxaa/ble_conn_params.c.o
 .bss.m_bcs     0x0000000020003538       0x7c _build/nrf52833_xxaa/ble_conn_state.c.o
 .bss.m_nrf_sdh_continue
                0x00000000200035b4        0x1 _build/nrf52833_xxaa/nrf_sdh.c.o
 .bss.m_nrf_sdh_suspended
                0x00000000200035b5        0x1 _build/nrf52833_xxaa/nrf_sdh.c.o
 .bss.m_nrf_sdh_enabled
                0x00000000200035b6        0x1 _build/nrf52833_xxaa/nrf_sdh.c.o
 .bss.m_stack_is_enabled
                0x00000000200035b7        0x1 _build/nrf52833_xxaa/nrf_sdh_ble.c.o
 .bss.__sf      0x00000000200035b8      0x138 /opt/arm-gnu-toolchain-12.2.rel1-x86_64-arm-none-eabi/bin/../lib/gcc/arm-none-eabi/12.2.1/../../../../arm-none-eabi/lib/thumb/v7e-m+fp/hard/libc_nano.a(libc_a-findfp.o)
                0x00000000200035b8                __sf
 .bss.__stdio_exit_handler
                0x00000000200036f0        0x4 /opt/arm-gnu-toolchain-12.2.rel1-x86_64-arm-none-eabi/bin/../lib/gcc/arm-none-eabi/12.2.1/../../../../arm-none-eabi/lib/thumb/v7e-m+fp/hard/libc_nano.a(libc_a-findfp.o)
                0x00000000200036f0                __stdio_exit_handler
 .bss.__lock___malloc_recursive_mutex
                0x00000000200036f4        0x1 /opt/arm-gnu-toolchain-12.2.rel1-x86_64-arm-none-eabi/bin/../lib/gcc/arm-none-eabi/12.2.1/../../../../arm-none-eabi/lib/thumb/v7e-m+fp/hard/libc_nano.a(libc_a-lock.o)
                0x00000000200036f4                __lock___malloc_recursive_mutex
 .bss.__lock___sfp_recursive_mutex
                0x00000000200036f5        0x1 /opt/arm-gnu-toolchain-12.2.rel1-x86_64-arm-none-eabi/bin/../lib/gcc/arm-none-eabi/12.2.1/../../../../arm-none-eabi/lib/thumb/v7e-m+fp/hard/libc_nano.a(libc_a-lock.o)